Archive member included to satisfy reference by file (symbol)

/usr/lib/gcc/arm-none-eabi/9.1.0/../../../../arm-none-eabi/lib/thumb/v7e-m+fp/hard/libc.a(lib_a-atexit.o)
                              /usr/lib/gcc/arm-none-eabi/9.1.0/../../../../arm-none-eabi/lib/thumb/v7e-m+fp/hard/crt0.o (atexit)
/usr/lib/gcc/arm-none-eabi/9.1.0/../../../../arm-none-eabi/lib/thumb/v7e-m+fp/hard/libc.a(lib_a-exit.o)
                              /usr/lib/gcc/arm-none-eabi/9.1.0/../../../../arm-none-eabi/lib/thumb/v7e-m+fp/hard/crt0.o (exit)
/usr/lib/gcc/arm-none-eabi/9.1.0/../../../../arm-none-eabi/lib/thumb/v7e-m+fp/hard/libc.a(lib_a-fini.o)
                              /usr/lib/gcc/arm-none-eabi/9.1.0/../../../../arm-none-eabi/lib/thumb/v7e-m+fp/hard/crt0.o (__libc_fini_array)
/usr/lib/gcc/arm-none-eabi/9.1.0/../../../../arm-none-eabi/lib/thumb/v7e-m+fp/hard/libc.a(lib_a-impure.o)
                              /usr/lib/gcc/arm-none-eabi/9.1.0/../../../../arm-none-eabi/lib/thumb/v7e-m+fp/hard/libc.a(lib_a-exit.o) (_global_impure_ptr)
/usr/lib/gcc/arm-none-eabi/9.1.0/../../../../arm-none-eabi/lib/thumb/v7e-m+fp/hard/libc.a(lib_a-init.o)
                              /usr/lib/gcc/arm-none-eabi/9.1.0/../../../../arm-none-eabi/lib/thumb/v7e-m+fp/hard/crt0.o (__libc_init_array)
/usr/lib/gcc/arm-none-eabi/9.1.0/../../../../arm-none-eabi/lib/thumb/v7e-m+fp/hard/libc.a(lib_a-memset.o)
                              /usr/lib/gcc/arm-none-eabi/9.1.0/../../../../arm-none-eabi/lib/thumb/v7e-m+fp/hard/crt0.o (memset)
/usr/lib/gcc/arm-none-eabi/9.1.0/../../../../arm-none-eabi/lib/thumb/v7e-m+fp/hard/libc.a(lib_a-__atexit.o)
                              /usr/lib/gcc/arm-none-eabi/9.1.0/../../../../arm-none-eabi/lib/thumb/v7e-m+fp/hard/libc.a(lib_a-atexit.o) (__register_exitproc)
/usr/lib/gcc/arm-none-eabi/9.1.0/../../../../arm-none-eabi/lib/thumb/v7e-m+fp/hard/libc.a(lib_a-__call_atexit.o)
                              /usr/lib/gcc/arm-none-eabi/9.1.0/../../../../arm-none-eabi/lib/thumb/v7e-m+fp/hard/libc.a(lib_a-exit.o) (__call_exitprocs)
/usr/lib/gcc/arm-none-eabi/9.1.0/../../../../arm-none-eabi/lib/thumb/v7e-m+fp/hard/libc.a(lib_a-errno.o)
                              /home/ibo/RD-Studies/clockdrift_freertos/STM32F411_FreeRTOS_Clockdrift/build/syscalls.o (__errno)
/usr/lib/gcc/arm-none-eabi/9.1.0/../../../../arm-none-eabi/lib/thumb/v7e-m+fp/hard/libc.a(lib_a-memcpy.o)
                              /home/ibo/RD-Studies/clockdrift_freertos/STM32F411_FreeRTOS_Clockdrift/build/queue.o (memcpy)
/usr/lib/gcc/arm-none-eabi/9.1.0/../../../../arm-none-eabi/lib/thumb/v7e-m+fp/hard/libc.a(lib_a-strlen.o)
                              /home/ibo/RD-Studies/clockdrift_freertos/STM32F411_FreeRTOS_Clockdrift/build/main.o (strlen)
/usr/lib/gcc/arm-none-eabi/9.1.0/thumb/v7e-m+fp/hard/libgcc.a(_aeabi_uldivmod.o)
                              /home/ibo/RD-Studies/clockdrift_freertos/STM32F411_FreeRTOS_Clockdrift/build/stm32f4xx_hal_rcc.o (__aeabi_uldivmod)
/usr/lib/gcc/arm-none-eabi/9.1.0/thumb/v7e-m+fp/hard/libgcc.a(_udivmoddi4.o)
                              /usr/lib/gcc/arm-none-eabi/9.1.0/thumb/v7e-m+fp/hard/libgcc.a(_aeabi_uldivmod.o) (__udivmoddi4)
/usr/lib/gcc/arm-none-eabi/9.1.0/thumb/v7e-m+fp/hard/libgcc.a(_dvmd_tls.o)
                              /usr/lib/gcc/arm-none-eabi/9.1.0/thumb/v7e-m+fp/hard/libgcc.a(_aeabi_uldivmod.o) (__aeabi_ldiv0)

Allocating common symbols
Common symbol       size              file

uwTick              0x4               /home/ibo/RD-Studies/clockdrift_freertos/STM32F411_FreeRTOS_Clockdrift/build/stm32f4xx_hal.o
xQueueRegistry      0x40              /home/ibo/RD-Studies/clockdrift_freertos/STM32F411_FreeRTOS_Clockdrift/build/queue.o
pFlash              0x20              /home/ibo/RD-Studies/clockdrift_freertos/STM32F411_FreeRTOS_Clockdrift/build/stm32f4xx_hal_flash.o
huart1              0x40              /home/ibo/RD-Studies/clockdrift_freertos/STM32F411_FreeRTOS_Clockdrift/build/main.o

Discarded input sections

 .text          0x0000000000000000        0x0 /usr/lib/gcc/arm-none-eabi/9.1.0/thumb/v7e-m+fp/hard/crti.o
 .data          0x0000000000000000        0x0 /usr/lib/gcc/arm-none-eabi/9.1.0/thumb/v7e-m+fp/hard/crti.o
 .bss           0x0000000000000000        0x0 /usr/lib/gcc/arm-none-eabi/9.1.0/thumb/v7e-m+fp/hard/crti.o
 .text          0x0000000000000000        0x0 /usr/lib/gcc/arm-none-eabi/9.1.0/thumb/v7e-m+fp/hard/crtbegin.o
 .data          0x0000000000000000        0x0 /usr/lib/gcc/arm-none-eabi/9.1.0/thumb/v7e-m+fp/hard/crtbegin.o
 .bss           0x0000000000000000        0x0 /usr/lib/gcc/arm-none-eabi/9.1.0/thumb/v7e-m+fp/hard/crtbegin.o
 .data.__dso_handle
                0x0000000000000000        0x4 /usr/lib/gcc/arm-none-eabi/9.1.0/thumb/v7e-m+fp/hard/crtbegin.o
 .text          0x0000000000000000       0x68 /usr/lib/gcc/arm-none-eabi/9.1.0/../../../../arm-none-eabi/lib/thumb/v7e-m+fp/hard/crt0.o
[...]
Memory Configuration

Name             Origin             Length             Attributes
RAM              0x0000000020000000 0x0000000000020000 xrw
FLASH            0x0000000008000000 0x0000000000080000 xr
*default*        0x0000000000000000 0xffffffffffffffff

Linker script and memory map

LOAD /usr/lib/gcc/arm-none-eabi/9.1.0/thumb/v7e-m+fp/hard/crti.o
LOAD /usr/lib/gcc/arm-none-eabi/9.1.0/thumb/v7e-m+fp/hard/crtbegin.o
LOAD /usr/lib/gcc/arm-none-eabi/9.1.0/../../../../arm-none-eabi/lib/thumb/v7e-m+fp/hard/crt0.o
                0x0000000020020000                _estack = 0x20020000
                0x0000000000000200                _Min_Heap_Size = 0x200
                0x0000000000000400                _Min_Stack_Size = 0x400

.isr_vector     0x0000000008000000      0x198
                0x0000000008000000                . = ALIGN (0x4)
 *(.isr_vector)
 .isr_vector    0x0000000008000000      0x198 /home/ibo/RD-Studies/clockdrift_freertos/STM32F411_FreeRTOS_Clockdrift/build/startup_stm32f411xe.o
                0x0000000008000000                g_pfnVectors
                0x0000000008000198                . = ALIGN (0x4)

.text           0x00000000080001c0     0x4330
                0x00000000080001c0                . = ALIGN (0x4)
 *(.text)
 .text          0x00000000080001c0      0x134 /usr/lib/gcc/arm-none-eabi/9.1.0/../../../../arm-none-eabi/lib/thumb/v7e-m+fp/hard/libc.a(lib_a-memcpy.o)
                0x00000000080001c0                memcpy
 *fill*         0x00000000080002f4        0xc 
 .text          0x0000000008000300       0xdc /usr/lib/gcc/arm-none-eabi/9.1.0/../../../../arm-none-eabi/lib/thumb/v7e-m+fp/hard/libc.a(lib_a-strlen.o)
                0x0000000008000300                strlen
 .text          0x00000000080003dc       0x30 /usr/lib/gcc/arm-none-eabi/9.1.0/thumb/v7e-m+fp/hard/libgcc.a(_aeabi_uldivmod.o)
                0x00000000080003dc                __aeabi_uldivmod
 .text          0x000000000800040c        0x4 /usr/lib/gcc/arm-none-eabi/9.1.0/thumb/v7e-m+fp/hard/libgcc.a(_dvmd_tls.o)
                0x000000000800040c                __aeabi_ldiv0
                0x000000000800040c                __aeabi_idiv0
 *(.text*)
 .text.__do_global_dtors_aux
                0x0000000008000410       0x24 /usr/lib/gcc/arm-none-eabi/9.1.0/thumb/v7e-m+fp/hard/crtbegin.o
 .text.frame_dummy
                0x0000000008000434       0x1c /usr/lib/gcc/arm-none-eabi/9.1.0/thumb/v7e-m+fp/hard/crtbegin.o
 .text.atexit   0x0000000008000450        0xc /usr/lib/gcc/arm-none-eabi/9.1.0/../../../../arm-none-eabi/lib/thumb/v7e-m+fp/hard/libc.a(lib_a-atexit.o)
                0x0000000008000450                atexit
 .text.__libc_fini_array
                0x000000000800045c       0x34 /usr/lib/gcc/arm-none-eabi/9.1.0/../../../../arm-none-eabi/lib/thumb/v7e-m+fp/hard/libc.a(lib_a-fini.o)
                0x000000000800045c                __libc_fini_array
 .text.__libc_init_array
                0x0000000008000490       0x48 /usr/lib/gcc/arm-none-eabi/9.1.0/../../../../arm-none-eabi/lib/thumb/v7e-m+fp/hard/libc.a(lib_a-init.o)
                0x0000000008000490                __libc_init_array
 .text.memset   0x00000000080004d8       0xa0 /usr/lib/gcc/arm-none-eabi/9.1.0/../../../../arm-none-eabi/lib/thumb/v7e-m+fp/hard/libc.a(lib_a-memset.o)
                0x00000000080004d8                memset
 .text.__register_exitproc
                0x0000000008000578       0x68 /usr/lib/gcc/arm-none-eabi/9.1.0/../../../../arm-none-eabi/lib/thumb/v7e-m+fp/hard/libc.a(lib_a-__atexit.o)
                0x0000000008000578                __register_exitproc
 .text.startup.register_fini
                0x00000000080005e0       0x14 /usr/lib/gcc/arm-none-eabi/9.1.0/../../../../arm-none-eabi/lib/thumb/v7e-m+fp/hard/libc.a(lib_a-__call_atexit.o)
 .text.NMI_Handler
                0x00000000080005f4        0xe /home/ibo/RD-Studies/clockdrift_freertos/STM32F411_FreeRTOS_Clockdrift/build/stm32f4xx_it.o
                0x00000000080005f4                NMI_Handler
 .text.HardFault_Handler
                0x0000000008000602        0x6 /home/ibo/RD-Studies/clockdrift_freertos/STM32F411_FreeRTOS_Clockdrift/build/stm32f4xx_it.o
                0x0000000008000602                HardFault_Handler
 .text.MemManage_Handler
                0x0000000008000608        0x6 /home/ibo/RD-Studies/clockdrift_freertos/STM32F411_FreeRTOS_Clockdrift/build/stm32f4xx_it.o
                0x0000000008000608                MemManage_Handler
 .text.BusFault_Handler
                0x000000000800060e        0x6 /home/ibo/RD-Studies/clockdrift_freertos/STM32F411_FreeRTOS_Clockdrift/build/stm32f4xx_it.o
                0x000000000800060e                BusFault_Handler
 .text.UsageFault_Handler
                0x0000000008000614        0x6 /home/ibo/RD-Studies/clockdrift_freertos/STM32F411_FreeRTOS_Clockdrift/build/stm32f4xx_it.o
                0x0000000008000614                UsageFault_Handler
 .text.SVC_Handler
                0x000000000800061a        0xe /home/ibo/RD-Studies/clockdrift_freertos/STM32F411_FreeRTOS_Clockdrift/build/stm32f4xx_it.o
                0x000000000800061a                SVC_Handler
 .text.DebugMon_Handler
                0x0000000008000628        0xe /home/ibo/RD-Studies/clockdrift_freertos/STM32F411_FreeRTOS_Clockdrift/build/stm32f4xx_it.o
                0x0000000008000628                DebugMon_Handler
 .text.PendSV_Handler
                0x0000000008000636        0xe /home/ibo/RD-Studies/clockdrift_freertos/STM32F411_FreeRTOS_Clockdrift/build/stm32f4xx_it.o
                0x0000000008000636                PendSV_Handler
 .text.SysTick_Handler
                0x0000000008000644        0xc /home/ibo/RD-Studies/clockdrift_freertos/STM32F411_FreeRTOS_Clockdrift/build/stm32f4xx_it.o
                0x0000000008000644                SysTick_Handler
 .text.SystemInit
                0x0000000008000650       0x6c /home/ibo/RD-Studies/clockdrift_freertos/STM32F411_FreeRTOS_Clockdrift/build/system_stm32f4xx.o
                0x0000000008000650                SystemInit
 .text.main     0x00000000080006bc       0x44 /home/ibo/RD-Studies/clockdrift_freertos/STM32F411_FreeRTOS_Clockdrift/build/main.o
                0x00000000080006bc                main
 .text.SystemClock_Config
                0x0000000008000700       0xc4 /home/ibo/RD-Studies/clockdrift_freertos/STM32F411_FreeRTOS_Clockdrift/build/main.o
                0x0000000008000700                SystemClock_Config
 .text.GPIO_Init
                0x00000000080007c4      0x13c /home/ibo/RD-Studies/clockdrift_freertos/STM32F411_FreeRTOS_Clockdrift/build/main.o
 .text.USART1_UART_Init
                0x0000000008000900       0x48 /home/ibo/RD-Studies/clockdrift_freertos/STM32F411_FreeRTOS_Clockdrift/build/main.o
 .text.UART_TransmitText_Task
                0x0000000008000948       0x54 /home/ibo/RD-Studies/clockdrift_freertos/STM32F411_FreeRTOS_Clockdrift/build/main.o
                0x0000000008000948                UART_TransmitText_Task
 .text.pxPortInitialiseStack
                0x000000000800099c       0x64 /home/ibo/RD-Studies/clockdrift_freertos/STM32F411_FreeRTOS_Clockdrift/build/port.o
                0x000000000800099c                pxPortInitialiseStack
 .text.prvTaskExitError
                0x0000000008000a00       0x40 /home/ibo/RD-Studies/clockdrift_freertos/STM32F411_FreeRTOS_Clockdrift/build/port.o
 .text.prvPortStartFirstTask
                0x0000000008000a40       0x20 /home/ibo/RD-Studies/clockdrift_freertos/STM32F411_FreeRTOS_Clockdrift/build/port.o
 .text.xPortStartScheduler
                0x0000000008000a60      0x11c /home/ibo/RD-Studies/clockdrift_freertos/STM32F411_FreeRTOS_Clockdrift/build/port.o
                0x0000000008000a60                xPortStartScheduler
 .text.vPortEnterCritical
                0x0000000008000b7c       0x60 /home/ibo/RD-Studies/clockdrift_freertos/STM32F411_FreeRTOS_Clockdrift/build/port.o
                0x0000000008000b7c                vPortEnterCritical
 .text.vPortExitCritical
                0x0000000008000bdc       0x54 /home/ibo/RD-Studies/clockdrift_freertos/STM32F411_FreeRTOS_Clockdrift/build/port.o
                0x0000000008000bdc                vPortExitCritical
 .text.vPortSetupTimerInterrupt
                0x0000000008000c30       0x38 /home/ibo/RD-Studies/clockdrift_freertos/STM32F411_FreeRTOS_Clockdrift/build/port.o
                0x0000000008000c30                vPortSetupTimerInterrupt
 .text.vPortEnableVFP
                0x0000000008000c68       0x14 /home/ibo/RD-Studies/clockdrift_freertos/STM32F411_FreeRTOS_Clockdrift/build/port.o
 .text.vPortValidateInterruptPriority
                0x0000000008000c7c       0x80 /home/ibo/RD-Studies/clockdrift_freertos/STM32F411_FreeRTOS_Clockdrift/build/port.o
                0x0000000008000c7c                vPortValidateInterruptPriority
 .text.vListInitialise
                0x0000000008000cfc       0x40 /home/ibo/RD-Studies/clockdrift_freertos/STM32F411_FreeRTOS_Clockdrift/build/list.o
                0x0000000008000cfc                vListInitialise
 .text.vListInitialiseItem
                0x0000000008000d3c       0x1a /home/ibo/RD-Studies/clockdrift_freertos/STM32F411_FreeRTOS_Clockdrift/build/list.o
                0x0000000008000d3c                vListInitialiseItem
 .text.vListInsertEnd
                0x0000000008000d56       0x48 /home/ibo/RD-Studies/clockdrift_freertos/STM32F411_FreeRTOS_Clockdrift/build/list.o
                0x0000000008000d56                vListInsertEnd
 .text.vListInsert
                0x0000000008000d9e       0x72 /home/ibo/RD-Studies/clockdrift_freertos/STM32F411_FreeRTOS_Clockdrift/build/list.o
                0x0000000008000d9e                vListInsert
 .text.uxListRemove
                0x0000000008000e10       0x54 /home/ibo/RD-Studies/clockdrift_freertos/STM32F411_FreeRTOS_Clockdrift/build/list.o
                0x0000000008000e10                uxListRemove
 .text.xQueueGenericReset
                0x0000000008000e64       0xd0 /home/ibo/RD-Studies/clockdrift_freertos/STM32F411_FreeRTOS_Clockdrift/build/queue.o
                0x0000000008000e64                xQueueGenericReset
 .text.xQueueGenericCreate
                0x0000000008000f34       0x94 /home/ibo/RD-Studies/clockdrift_freertos/STM32F411_FreeRTOS_Clockdrift/build/queue.o
                0x0000000008000f34                xQueueGenericCreate
 .text.xQueueGenericSend
                0x0000000008000fc8      0x1f0 /home/ibo/RD-Studies/clockdrift_freertos/STM32F411_FreeRTOS_Clockdrift/build/queue.o
                0x0000000008000fc8                xQueueGenericSend
 .text.xQueueGenericSendFromISR
                0x00000000080011b8      0x132 /home/ibo/RD-Studies/clockdrift_freertos/STM32F411_FreeRTOS_Clockdrift/build/queue.o
                0x00000000080011b8                xQueueGenericSendFromISR
 *fill*         0x00000000080012ea        0x2 
 .text.xQueueGenericReceive
                0x00000000080012ec      0x210 /home/ibo/RD-Studies/clockdrift_freertos/STM32F411_FreeRTOS_Clockdrift/build/queue.o
                0x00000000080012ec                xQueueGenericReceive
 .text.prvCopyDataToQueue
                0x00000000080014fc       0xd6 /home/ibo/RD-Studies/clockdrift_freertos/STM32F411_FreeRTOS_Clockdrift/build/queue.o
 .text.prvCopyDataFromQueue
                0x00000000080015d2       0x4c /home/ibo/RD-Studies/clockdrift_freertos/STM32F411_FreeRTOS_Clockdrift/build/queue.o
 .text.prvUnlockQueue
                0x000000000800161e       0x98 /home/ibo/RD-Studies/clockdrift_freertos/STM32F411_FreeRTOS_Clockdrift/build/queue.o
 .text.prvIsQueueEmpty
                0x00000000080016b6       0x2c /home/ibo/RD-Studies/clockdrift_freertos/STM32F411_FreeRTOS_Clockdrift/build/queue.o
 .text.prvIsQueueFull
                0x00000000080016e2       0x30 /home/ibo/RD-Studies/clockdrift_freertos/STM32F411_FreeRTOS_Clockdrift/build/queue.o
 *fill*         0x0000000008001712        0x2 
 .text.vQueueAddToRegistry
                0x0000000008001714       0x54 /home/ibo/RD-Studies/clockdrift_freertos/STM32F411_FreeRTOS_Clockdrift/build/queue.o
                0x0000000008001714                vQueueAddToRegistry
 .text.vQueueWaitForMessageRestricted
                0x0000000008001768       0x58 /home/ibo/RD-Studies/clockdrift_freertos/STM32F411_FreeRTOS_Clockdrift/build/queue.o
                0x0000000008001768                vQueueWaitForMessageRestricted
 .text.xTaskGenericCreate
                0x00000000080017c0      0x1a8 /home/ibo/RD-Studies/clockdrift_freertos/STM32F411_FreeRTOS_Clockdrift/build/tasks.o
                0x00000000080017c0                xTaskGenericCreate
 .text.vTaskDelay
                0x0000000008001968       0x84 /home/ibo/RD-Studies/clockdrift_freertos/STM32F411_FreeRTOS_Clockdrift/build/tasks.o
                0x0000000008001968                vTaskDelay
 .text.vTaskStartScheduler
                0x00000000080019ec       0x90 /home/ibo/RD-Studies/clockdrift_freertos/STM32F411_FreeRTOS_Clockdrift/build/tasks.o
                0x00000000080019ec                vTaskStartScheduler
 .text.vTaskSuspendAll
                0x0000000008001a7c       0x1c /home/ibo/RD-Studies/clockdrift_freertos/STM32F411_FreeRTOS_Clockdrift/build/tasks.o
                0x0000000008001a7c                vTaskSuspendAll
 .text.xTaskResumeAll
                0x0000000008001a98      0x12c /home/ibo/RD-Studies/clockdrift_freertos/STM32F411_FreeRTOS_Clockdrift/build/tasks.o
                0x0000000008001a98                xTaskResumeAll
 .text.xTaskGetTickCount
                0x0000000008001bc4       0x24 /home/ibo/RD-Studies/clockdrift_freertos/STM32F411_FreeRTOS_Clockdrift/build/tasks.o
                0x0000000008001bc4                xTaskGetTickCount
 .text.xTaskIncrementTick
                0x0000000008001be8      0x180 /home/ibo/RD-Studies/clockdrift_freertos/STM32F411_FreeRTOS_Clockdrift/build/tasks.o
                0x0000000008001be8                xTaskIncrementTick
 .text.vTaskPlaceOnEventList
                0x0000000008001d68       0x7c /home/ibo/RD-Studies/clockdrift_freertos/STM32F411_FreeRTOS_Clockdrift/build/tasks.o
                0x0000000008001d68                vTaskPlaceOnEventList
 .text.vTaskPlaceOnEventListRestricted
                0x0000000008001de4       0x60 /home/ibo/RD-Studies/clockdrift_freertos/STM32F411_FreeRTOS_Clockdrift/build/tasks.o
                0x0000000008001de4                vTaskPlaceOnEventListRestricted
 .text.xTaskRemoveFromEventList
                0x0000000008001e44       0xc8 /home/ibo/RD-Studies/clockdrift_freertos/STM32F411_FreeRTOS_Clockdrift/build/tasks.o
                0x0000000008001e44                xTaskRemoveFromEventList
 .text.vTaskSetTimeOutState
                0x0000000008001f0c       0x48 /home/ibo/RD-Studies/clockdrift_freertos/STM32F411_FreeRTOS_Clockdrift/build/tasks.o
                0x0000000008001f0c                vTaskSetTimeOutState
 .text.xTaskCheckForTimeOut
                0x0000000008001f54       0xc0 /home/ibo/RD-Studies/clockdrift_freertos/STM32F411_FreeRTOS_Clockdrift/build/tasks.o
                0x0000000008001f54                xTaskCheckForTimeOut
 .text.vTaskMissedYield
                0x0000000008002014       0x18 /home/ibo/RD-Studies/clockdrift_freertos/STM32F411_FreeRTOS_Clockdrift/build/tasks.o
                0x0000000008002014                vTaskMissedYield
 .text.prvIdleTask
                0x000000000800202c       0x30 /home/ibo/RD-Studies/clockdrift_freertos/STM32F411_FreeRTOS_Clockdrift/build/tasks.o
 .text.prvInitialiseTCBVariables
                0x000000000800205c       0x9a /home/ibo/RD-Studies/clockdrift_freertos/STM32F411_FreeRTOS_Clockdrift/build/tasks.o
 *fill*         0x00000000080020f6        0x2 
 .text.prvInitialiseTaskLists
                0x00000000080020f8       0x80 /home/ibo/RD-Studies/clockdrift_freertos/STM32F411_FreeRTOS_Clockdrift/build/tasks.o
 .text.prvCheckTasksWaitingTermination
                0x0000000008002178       0x78 /home/ibo/RD-Studies/clockdrift_freertos/STM32F411_FreeRTOS_Clockdrift/build/tasks.o
 .text.prvAddCurrentTaskToDelayedList
                0x00000000080021f0       0x6c /home/ibo/RD-Studies/clockdrift_freertos/STM32F411_FreeRTOS_Clockdrift/build/tasks.o
 .text.prvAllocateTCBAndStack
                0x000000000800225c       0x62 /home/ibo/RD-Studies/clockdrift_freertos/STM32F411_FreeRTOS_Clockdrift/build/tasks.o
 .text.prvDeleteTCB
                0x00000000080022be       0x20 /home/ibo/RD-Studies/clockdrift_freertos/STM32F411_FreeRTOS_Clockdrift/build/tasks.o
 *fill*         0x00000000080022de        0x2 
 .text.prvResetNextTaskUnblockTime
                0x00000000080022e0       0x4c /home/ibo/RD-Studies/clockdrift_freertos/STM32F411_FreeRTOS_Clockdrift/build/tasks.o
 .text.xTaskGetSchedulerState
                0x000000000800232c       0x3c /home/ibo/RD-Studies/clockdrift_freertos/STM32F411_FreeRTOS_Clockdrift/build/tasks.o
                0x000000000800232c                xTaskGetSchedulerState
 .text.vTaskPriorityInherit
                0x0000000008002368       0xbc /home/ibo/RD-Studies/clockdrift_freertos/STM32F411_FreeRTOS_Clockdrift/build/tasks.o
                0x0000000008002368                vTaskPriorityInherit
 .text.xTaskPriorityDisinherit
                0x0000000008002424       0xb8 /home/ibo/RD-Studies/clockdrift_freertos/STM32F411_FreeRTOS_Clockdrift/build/tasks.o
                0x0000000008002424                xTaskPriorityDisinherit
 .text.pvTaskIncrementMutexHeldCount
                0x00000000080024dc       0x28 /home/ibo/RD-Studies/clockdrift_freertos/STM32F411_FreeRTOS_Clockdrift/build/tasks.o
                0x00000000080024dc                pvTaskIncrementMutexHeldCount
 .text.xTimerCreateTimerTask
                0x0000000008002504       0x68 /home/ibo/RD-Studies/clockdrift_freertos/STM32F411_FreeRTOS_Clockdrift/build/timers.o
                0x0000000008002504                xTimerCreateTimerTask
 .text.xTimerGenericCommand
                0x000000000800256c       0x80 /home/ibo/RD-Studies/clockdrift_freertos/STM32F411_FreeRTOS_Clockdrift/build/timers.o
                0x000000000800256c                xTimerGenericCommand
 .text.prvProcessExpiredTimer
                0x00000000080025ec       0x80 /home/ibo/RD-Studies/clockdrift_freertos/STM32F411_FreeRTOS_Clockdrift/build/timers.o
 .text.prvTimerTask
                0x000000000800266c       0x24 /home/ibo/RD-Studies/clockdrift_freertos/STM32F411_FreeRTOS_Clockdrift/build/timers.o
 .text.prvProcessTimerOrBlockTask
                0x0000000008002690       0x7c /home/ibo/RD-Studies/clockdrift_freertos/STM32F411_FreeRTOS_Clockdrift/build/timers.o
 .text.prvGetNextExpireTime
                0x000000000800270c       0x48 /home/ibo/RD-Studies/clockdrift_freertos/STM32F411_FreeRTOS_Clockdrift/build/timers.o
 .text.prvSampleTimeNow
                0x0000000008002754       0x40 /home/ibo/RD-Studies/clockdrift_freertos/STM32F411_FreeRTOS_Clockdrift/build/timers.o
 .text.prvInsertTimerInActiveList
                0x0000000008002794       0x84 /home/ibo/RD-Studies/clockdrift_freertos/STM32F411_FreeRTOS_Clockdrift/build/timers.o
 .text.prvProcessReceivedCommands
                0x0000000008002818      0x160 /home/ibo/RD-Studies/clockdrift_freertos/STM32F411_FreeRTOS_Clockdrift/build/timers.o
 .text.prvSwitchTimerLists
                0x0000000008002978       0xc4 /home/ibo/RD-Studies/clockdrift_freertos/STM32F411_FreeRTOS_Clockdrift/build/timers.o
 .text.prvCheckForValidListAndQueue
                0x0000000008002a3c       0x90 /home/ibo/RD-Studies/clockdrift_freertos/STM32F411_FreeRTOS_Clockdrift/build/timers.o
 .text.pvPortMalloc
                0x0000000008002acc      0x11c /home/ibo/RD-Studies/clockdrift_freertos/STM32F411_FreeRTOS_Clockdrift/build/heap_2.o
                0x0000000008002acc                pvPortMalloc
 .text.vPortFree
                0x0000000008002be8       0x74 /home/ibo/RD-Studies/clockdrift_freertos/STM32F411_FreeRTOS_Clockdrift/build/heap_2.o
                0x0000000008002be8                vPortFree
 .text.prvHeapInit
                0x0000000008002c5c       0x54 /home/ibo/RD-Studies/clockdrift_freertos/STM32F411_FreeRTOS_Clockdrift/build/heap_2.o
 .text.HAL_Init
                0x0000000008002cb0       0x44 /home/ibo/RD-Studies/clockdrift_freertos/STM32F411_FreeRTOS_Clockdrift/build/stm32f4xx_hal.o
                0x0000000008002cb0                HAL_Init
 .text.HAL_MspInit
                0x0000000008002cf4        0xe /home/ibo/RD-Studies/clockdrift_freertos/STM32F411_FreeRTOS_Clockdrift/build/stm32f4xx_hal.o
                0x0000000008002cf4                HAL_MspInit
 *fill*         0x0000000008002d02        0x2 
 .text.HAL_InitTick
                0x0000000008002d04       0x60 /home/ibo/RD-Studies/clockdrift_freertos/STM32F411_FreeRTOS_Clockdrift/build/stm32f4xx_hal.o
                0x0000000008002d04                HAL_InitTick
 .text.HAL_IncTick
                0x0000000008002d64       0x28 /home/ibo/RD-Studies/clockdrift_freertos/STM32F411_FreeRTOS_Clockdrift/build/stm32f4xx_hal.o
                0x0000000008002d64                HAL_IncTick
 .text.HAL_GetTick
                0x0000000008002d8c       0x18 /home/ibo/RD-Studies/clockdrift_freertos/STM32F411_FreeRTOS_Clockdrift/build/stm32f4xx_hal.o
                0x0000000008002d8c                HAL_GetTick
 .text.__NVIC_SetPriorityGrouping
                0x0000000008002da4       0x48 /home/ibo/RD-Studies/clockdrift_freertos/STM32F411_FreeRTOS_Clockdrift/build/stm32f4xx_hal_cortex.o
 .text.__NVIC_GetPriorityGrouping
                0x0000000008002dec       0x1c /home/ibo/RD-Studies/clockdrift_freertos/STM32F411_FreeRTOS_Clockdrift/build/stm32f4xx_hal_cortex.o
 .text.__NVIC_SetPriority
                0x0000000008002e08       0x54 /home/ibo/RD-Studies/clockdrift_freertos/STM32F411_FreeRTOS_Clockdrift/build/stm32f4xx_hal_cortex.o
 .text.NVIC_EncodePriority
                0x0000000008002e5c       0x66 /home/ibo/RD-Studies/clockdrift_freertos/STM32F411_FreeRTOS_Clockdrift/build/stm32f4xx_hal_cortex.o
 *fill*         0x0000000008002ec2        0x2 
 .text.SysTick_Config
                0x0000000008002ec4       0x44 /home/ibo/RD-Studies/clockdrift_freertos/STM32F411_FreeRTOS_Clockdrift/build/stm32f4xx_hal_cortex.o
 .text.HAL_NVIC_SetPriorityGrouping
                0x0000000008002f08       0x16 /home/ibo/RD-Studies/clockdrift_freertos/STM32F411_FreeRTOS_Clockdrift/build/stm32f4xx_hal_cortex.o
                0x0000000008002f08                HAL_NVIC_SetPriorityGrouping
 .text.HAL_NVIC_SetPriority
                0x0000000008002f1e       0x38 /home/ibo/RD-Studies/clockdrift_freertos/STM32F411_FreeRTOS_Clockdrift/build/stm32f4xx_hal_cortex.o
                0x0000000008002f1e                HAL_NVIC_SetPriority
 .text.HAL_SYSTICK_Config
                0x0000000008002f56       0x18 /home/ibo/RD-Studies/clockdrift_freertos/STM32F411_FreeRTOS_Clockdrift/build/stm32f4xx_hal_cortex.o
                0x0000000008002f56                HAL_SYSTICK_Config
 *fill*         0x0000000008002f6e        0x2 
 .text.HAL_SYSTICK_CLKSourceConfig
                0x0000000008002f70       0x38 /home/ibo/RD-Studies/clockdrift_freertos/STM32F411_FreeRTOS_Clockdrift/build/stm32f4xx_hal_cortex.o
                0x0000000008002f70                HAL_SYSTICK_CLKSourceConfig
 .text.HAL_GPIO_Init
                0x0000000008002fa8      0x308 /home/ibo/RD-Studies/clockdrift_freertos/STM32F411_FreeRTOS_Clockdrift/build/stm32f4xx_hal_gpio.o
                0x0000000008002fa8                HAL_GPIO_Init
 .text.HAL_GPIO_ReadPin
                0x00000000080032b0       0x30 /home/ibo/RD-Studies/clockdrift_freertos/STM32F411_FreeRTOS_Clockdrift/build/stm32f4xx_hal_gpio.o
                0x00000000080032b0                HAL_GPIO_ReadPin
 .text.HAL_RCC_OscConfig
                0x00000000080032e0      0x484 /home/ibo/RD-Studies/clockdrift_freertos/STM32F411_FreeRTOS_Clockdrift/build/stm32f4xx_hal_rcc.o
                0x00000000080032e0                HAL_RCC_OscConfig
 .text.HAL_RCC_ClockConfig
                0x0000000008003764      0x1c4 /home/ibo/RD-Studies/clockdrift_freertos/STM32F411_FreeRTOS_Clockdrift/build/stm32f4xx_hal_rcc.o
                0x0000000008003764                HAL_RCC_ClockConfig
 .text.HAL_RCC_GetSysClockFreq
                0x0000000008003928      0x1c4 /home/ibo/RD-Studies/clockdrift_freertos/STM32F411_FreeRTOS_Clockdrift/build/stm32f4xx_hal_rcc.o
                0x0000000008003928                HAL_RCC_GetSysClockFreq
 .text.HAL_RCC_GetHCLKFreq
                0x0000000008003aec       0x18 /home/ibo/RD-Studies/clockdrift_freertos/STM32F411_FreeRTOS_Clockdrift/build/stm32f4xx_hal_rcc.o
                0x0000000008003aec                HAL_RCC_GetHCLKFreq
 .text.HAL_RCC_GetPCLK1Freq
                0x0000000008003b04       0x28 /home/ibo/RD-Studies/clockdrift_freertos/STM32F411_FreeRTOS_Clockdrift/build/stm32f4xx_hal_rcc.o
                0x0000000008003b04                HAL_RCC_GetPCLK1Freq
 .text.HAL_RCC_GetPCLK2Freq
                0x0000000008003b2c       0x28 /home/ibo/RD-Studies/clockdrift_freertos/STM32F411_FreeRTOS_Clockdrift/build/stm32f4xx_hal_rcc.o
                0x0000000008003b2c                HAL_RCC_GetPCLK2Freq
 .text.HAL_UART_Init
                0x0000000008003b54       0x9a /home/ibo/RD-Studies/clockdrift_freertos/STM32F411_FreeRTOS_Clockdrift/build/stm32f4xx_hal_uart.o
                0x0000000008003b54                HAL_UART_Init
 .text.HAL_UART_MspInit
                0x0000000008003bee       0x14 /home/ibo/RD-Studies/clockdrift_freertos/STM32F411_FreeRTOS_Clockdrift/build/stm32f4xx_hal_uart.o
                0x0000000008003bee                HAL_UART_MspInit
 .text.HAL_UART_Transmit
                0x0000000008003c02      0x132 /home/ibo/RD-Studies/clockdrift_freertos/STM32F411_FreeRTOS_Clockdrift/build/stm32f4xx_hal_uart.o
                0x0000000008003c02                HAL_UART_Transmit
 .text.UART_WaitOnFlagUntilTimeout
                0x0000000008003d34       0x94 /home/ibo/RD-Studies/clockdrift_freertos/STM32F411_FreeRTOS_Clockdrift/build/stm32f4xx_hal_uart.o
 .text.UART_SetConfig
                0x0000000008003dc8      0x414 /home/ibo/RD-Studies/clockdrift_freertos/STM32F411_FreeRTOS_Clockdrift/build/stm32f4xx_hal_uart.o
 .text.Reset_Handler
                0x00000000080041dc       0x50 /home/ibo/RD-Studies/clockdrift_freertos/STM32F411_FreeRTOS_Clockdrift/build/startup_stm32f411xe.o
                0x00000000080041dc                Reset_Handler
 .text.Default_Handler
                0x000000000800422c        0x2 /home/ibo/RD-Studies/clockdrift_freertos/STM32F411_FreeRTOS_Clockdrift/build/startup_stm32f411xe.o
                0x000000000800422c                RTC_Alarm_IRQHandler
                0x000000000800422c                EXTI2_IRQHandler
                0x000000000800422c                SPI4_IRQHandler
                0x000000000800422c                TIM1_CC_IRQHandler
                0x000000000800422c                DMA2_Stream5_IRQHandler
                0x000000000800422c                DMA1_Stream5_IRQHandler
                0x000000000800422c                PVD_IRQHandler
                0x000000000800422c                SDIO_IRQHandler
                0x000000000800422c                TAMP_STAMP_IRQHandler
                0x000000000800422c                EXTI3_IRQHandler
                0x000000000800422c                TIM1_UP_TIM10_IRQHandler
                0x000000000800422c                I2C3_ER_IRQHandler
                0x000000000800422c                EXTI0_IRQHandler
                0x000000000800422c                I2C2_EV_IRQHandler
                0x000000000800422c                DMA1_Stream2_IRQHandler
                0x000000000800422c                FPU_IRQHandler
                0x000000000800422c                DMA2_Stream2_IRQHandler
                0x000000000800422c                SPI1_IRQHandler
                0x000000000800422c                TIM1_BRK_TIM9_IRQHandler
                0x000000000800422c                DMA2_Stream3_IRQHandler
                0x000000000800422c                USART6_IRQHandler
                0x000000000800422c                DMA2_Stream0_IRQHandler
                0x000000000800422c                TIM4_IRQHandler
                0x000000000800422c                I2C1_EV_IRQHandler
                0x000000000800422c                DMA1_Stream6_IRQHandler
                0x000000000800422c                DMA1_Stream1_IRQHandler
                0x000000000800422c                TIM3_IRQHandler
                0x000000000800422c                RCC_IRQHandler
                0x000000000800422c                Default_Handler
                0x000000000800422c                EXTI15_10_IRQHandler
                0x000000000800422c                ADC_IRQHandler
                0x000000000800422c                DMA1_Stream7_IRQHandler
                0x000000000800422c                SPI5_IRQHandler
                0x000000000800422c                TIM5_IRQHandler
                0x000000000800422c                DMA2_Stream7_IRQHandler
                0x000000000800422c                I2C3_EV_IRQHandler
                0x000000000800422c                EXTI9_5_IRQHandler
                0x000000000800422c                RTC_WKUP_IRQHandler
                0x000000000800422c                SPI2_IRQHandler
                0x000000000800422c                DMA1_Stream0_IRQHandler
                0x000000000800422c                EXTI4_IRQHandler
                0x000000000800422c                WWDG_IRQHandler
                0x000000000800422c                TIM2_IRQHandler
                0x000000000800422c                OTG_FS_WKUP_IRQHandler
                0x000000000800422c                TIM1_TRG_COM_TIM11_IRQHandler
                0x000000000800422c                EXTI1_IRQHandler
                0x000000000800422c                USART2_IRQHandler
                0x000000000800422c                I2C2_ER_IRQHandler
                0x000000000800422c                DMA2_Stream1_IRQHandler
                0x000000000800422c                FLASH_IRQHandler
                0x000000000800422c                DMA2_Stream4_IRQHandler
                0x000000000800422c                USART1_IRQHandler
                0x000000000800422c                OTG_FS_IRQHandler
                0x000000000800422c                SPI3_IRQHandler
                0x000000000800422c                DMA1_Stream4_IRQHandler
                0x000000000800422c                I2C1_ER_IRQHandler
                0x000000000800422c                DMA2_Stream6_IRQHandler
                0x000000000800422c                DMA1_Stream3_IRQHandler
 .text.__udivmoddi4
                0x000000000800422e      0x2aa /usr/lib/gcc/arm-none-eabi/9.1.0/thumb/v7e-m+fp/hard/libgcc.a(_udivmoddi4.o)
                0x000000000800422e                __udivmoddi4
 *(.glue_7)
 .glue_7        0x00000000080044d8        0x0 linker stubs
 *(.glue_7t)
 .glue_7t       0x00000000080044d8        0x0 linker stubs
 *(.eh_frame)
 .eh_frame      0x00000000080044d8        0x0 /usr/lib/gcc/arm-none-eabi/9.1.0/thumb/v7e-m+fp/hard/crtbegin.o
 *(.init)
 .init          0x00000000080044d8        0x4 /usr/lib/gcc/arm-none-eabi/9.1.0/thumb/v7e-m+fp/hard/crti.o
                0x00000000080044d8                _init
 .init          0x00000000080044dc        0x8 /usr/lib/gcc/arm-none-eabi/9.1.0/thumb/v7e-m+fp/hard/crtn.o
 *(.fini)
 .fini          0x00000000080044e4        0x4 /usr/lib/gcc/arm-none-eabi/9.1.0/thumb/v7e-m+fp/hard/crti.o
                0x00000000080044e4                _fini
 .fini          0x00000000080044e8        0x8 /usr/lib/gcc/arm-none-eabi/9.1.0/thumb/v7e-m+fp/hard/crtn.o
                0x00000000080044f0                . = ALIGN (0x4)
                0x00000000080044f0                _etext = .

.vfp11_veneer   0x00000000080044f0        0x0
 .vfp11_veneer  0x00000000080044f0        0x0 linker stubs

.v4_bx          0x00000000080044f0        0x0
 .v4_bx         0x00000000080044f0        0x0 linker stubs

.iplt           0x00000000080044f0        0x0
 .iplt          0x00000000080044f0        0x0 /usr/lib/gcc/arm-none-eabi/9.1.0/thumb/v7e-m+fp/hard/crtbegin.o

.rodata         0x00000000080044f0       0x48
                0x00000000080044f0                . = ALIGN (0x4)
 *(.rodata)
 .rodata        0x00000000080044f0       0x12 /home/ibo/RD-Studies/clockdrift_freertos/STM32F411_FreeRTOS_Clockdrift/build/main.o
 *fill*         0x0000000008004502        0x2 
 .rodata        0x0000000008004504        0x5 /home/ibo/RD-Studies/clockdrift_freertos/STM32F411_FreeRTOS_Clockdrift/build/tasks.o
 *fill*         0x0000000008004509        0x3 
 .rodata        0x000000000800450c        0xd /home/ibo/RD-Studies/clockdrift_freertos/STM32F411_FreeRTOS_Clockdrift/build/timers.o
 *(.rodata*)
 *fill*         0x0000000008004519        0x3 
 .rodata._global_impure_ptr
                0x000000000800451c        0x4 /usr/lib/gcc/arm-none-eabi/9.1.0/../../../../arm-none-eabi/lib/thumb/v7e-m+fp/hard/libc.a(lib_a-impure.o)
                0x000000000800451c                _global_impure_ptr
 .rodata.AHBPrescTable
                0x0000000008004520       0x10 /home/ibo/RD-Studies/clockdrift_freertos/STM32F411_FreeRTOS_Clockdrift/build/system_stm32f4xx.o
                0x0000000008004520                AHBPrescTable
 .rodata.APBPrescTable
                0x0000000008004530        0x8 /home/ibo/RD-Studies/clockdrift_freertos/STM32F411_FreeRTOS_Clockdrift/build/system_stm32f4xx.o
                0x0000000008004530                APBPrescTable
                0x0000000008004538                . = ALIGN (0x4)

.ARM.extab
 *(.ARM.extab* .gnu.linkonce.armextab.*)

.ARM            0x0000000008004538        0x8
                0x0000000008004538                __exidx_start = .
 *(.ARM.exidx*)
 .ARM.exidx.text.__udivmoddi4
                0x0000000008004538        0x8 /usr/lib/gcc/arm-none-eabi/9.1.0/thumb/v7e-m+fp/hard/libgcc.a(_udivmoddi4.o)
                0x0000000008004540                __exidx_end = .

.rel.dyn        0x0000000008004540        0x0
 .rel.iplt      0x0000000008004540        0x0 /usr/lib/gcc/arm-none-eabi/9.1.0/thumb/v7e-m+fp/hard/crtbegin.o

.preinit_array  0x0000000008004540        0x0
                0x0000000008004540                PROVIDE (__preinit_array_start = .)
 *(.preinit_array*)
                0x0000000008004540                PROVIDE (__preinit_array_end = .)

.init_array     0x0000000008004540        0x8
                0x0000000008004540                PROVIDE (__init_array_start = .)
 *(SORT_BY_NAME(.init_array.*))
 .init_array.00000
                0x0000000008004540        0x4 /usr/lib/gcc/arm-none-eabi/9.1.0/../../../../arm-none-eabi/lib/thumb/v7e-m+fp/hard/libc.a(lib_a-__call_atexit.o)
 *(.init_array*)
 .init_array    0x0000000008004544        0x4 /usr/lib/gcc/arm-none-eabi/9.1.0/thumb/v7e-m+fp/hard/crtbegin.o
                0x0000000008004548                PROVIDE (__init_array_end = .)

.fini_array     0x0000000008004548        0x4
                0x0000000008004548                PROVIDE (__fini_array_start = .)
 *(SORT_BY_NAME(.fini_array.*))
 *(.fini_array*)
 .fini_array    0x0000000008004548        0x4 /usr/lib/gcc/arm-none-eabi/9.1.0/thumb/v7e-m+fp/hard/crtbegin.o
                0x000000000800454c                PROVIDE (__fini_array_end = .)
                0x000000000800454c                _sidata = LOADADDR (.data)

.data           0x0000000020000000      0x440 load address 0x000000000800454c
                0x0000000020000000                . = ALIGN (0x4)
                0x0000000020000000                _sdata = .
 *(.data)
 *(.data*)
 .data.impure_data
                0x0000000020000000      0x428 /usr/lib/gcc/arm-none-eabi/9.1.0/../../../../arm-none-eabi/lib/thumb/v7e-m+fp/hard/libc.a(lib_a-impure.o)
 .data.SystemCoreClock
                0x0000000020000428        0x4 /home/ibo/RD-Studies/clockdrift_freertos/STM32F411_FreeRTOS_Clockdrift/build/system_stm32f4xx.o
                0x0000000020000428                SystemCoreClock
 .data.uxCriticalNesting
                0x000000002000042c        0x4 /home/ibo/RD-Studies/clockdrift_freertos/STM32F411_FreeRTOS_Clockdrift/build/port.o
 .data.xNextTaskUnblockTime
                0x0000000020000430        0x4 /home/ibo/RD-Studies/clockdrift_freertos/STM32F411_FreeRTOS_Clockdrift/build/tasks.o
 .data.xFreeBytesRemaining
                0x0000000020000434        0x4 /home/ibo/RD-Studies/clockdrift_freertos/STM32F411_FreeRTOS_Clockdrift/build/heap_2.o
 .data.uwTickPrio
                0x0000000020000438        0x4 /home/ibo/RD-Studies/clockdrift_freertos/STM32F411_FreeRTOS_Clockdrift/build/stm32f4xx_hal.o
                0x0000000020000438                uwTickPrio
 .data.uwTickFreq
                0x000000002000043c        0x1 /home/ibo/RD-Studies/clockdrift_freertos/STM32F411_FreeRTOS_Clockdrift/build/stm32f4xx_hal.o
                0x000000002000043c                uwTickFreq
                0x0000000020000440                . = ALIGN (0x4)
 *fill*         0x000000002000043d        0x3 
                0x0000000020000440                _edata = .

.igot.plt       0x0000000020000440        0x0 load address 0x000000000800498c
 .igot.plt      0x0000000020000440        0x0 /usr/lib/gcc/arm-none-eabi/9.1.0/thumb/v7e-m+fp/hard/crtbegin.o
                0x0000000020000440                . = ALIGN (0x4)

.bss            0x0000000020000440     0x41ec load address 0x000000000800498c
                0x0000000020000440                _sbss = .
                0x0000000020000440                __bss_start__ = _sbss
 *(.bss)
 *(.bss*)
 .bss.completed.10251
                0x0000000020000440        0x1 /usr/lib/gcc/arm-none-eabi/9.1.0/thumb/v7e-m+fp/hard/crtbegin.o
 *fill*         0x0000000020000441        0x3 
 .bss.object.10256
                0x0000000020000444       0x18 /usr/lib/gcc/arm-none-eabi/9.1.0/thumb/v7e-m+fp/hard/crtbegin.o
 .bss.ucMaxSysCallPriority
                0x000000002000045c        0x1 /home/ibo/RD-Studies/clockdrift_freertos/STM32F411_FreeRTOS_Clockdrift/build/port.o
 *fill*         0x000000002000045d        0x3 
 .bss.ulMaxPRIGROUPValue
                0x0000000020000460        0x4 /home/ibo/RD-Studies/clockdrift_freertos/STM32F411_FreeRTOS_Clockdrift/build/port.o
 .bss.pxCurrentTCB
                0x0000000020000464        0x4 /home/ibo/RD-Studies/clockdrift_freertos/STM32F411_FreeRTOS_Clockdrift/build/tasks.o
                0x0000000020000464                pxCurrentTCB
 .bss.pxReadyTasksLists
                0x0000000020000468      0x460 /home/ibo/RD-Studies/clockdrift_freertos/STM32F411_FreeRTOS_Clockdrift/build/tasks.o
 .bss.xDelayedTaskList1
                0x00000000200008c8       0x14 /home/ibo/RD-Studies/clockdrift_freertos/STM32F411_FreeRTOS_Clockdrift/build/tasks.o
 .bss.xDelayedTaskList2
                0x00000000200008dc       0x14 /home/ibo/RD-Studies/clockdrift_freertos/STM32F411_FreeRTOS_Clockdrift/build/tasks.o
 .bss.pxDelayedTaskList
                0x00000000200008f0        0x4 /home/ibo/RD-Studies/clockdrift_freertos/STM32F411_FreeRTOS_Clockdrift/build/tasks.o
 .bss.pxOverflowDelayedTaskList
                0x00000000200008f4        0x4 /home/ibo/RD-Studies/clockdrift_freertos/STM32F411_FreeRTOS_Clockdrift/build/tasks.o
 .bss.xPendingReadyList
                0x00000000200008f8       0x14 /home/ibo/RD-Studies/clockdrift_freertos/STM32F411_FreeRTOS_Clockdrift/build/tasks.o
 .bss.xTasksWaitingTermination
                0x000000002000090c       0x14 /home/ibo/RD-Studies/clockdrift_freertos/STM32F411_FreeRTOS_Clockdrift/build/tasks.o
 .bss.uxTasksDeleted
                0x0000000020000920        0x4 /home/ibo/RD-Studies/clockdrift_freertos/STM32F411_FreeRTOS_Clockdrift/build/tasks.o
 .bss.xSuspendedTaskList
                0x0000000020000924       0x14 /home/ibo/RD-Studies/clockdrift_freertos/STM32F411_FreeRTOS_Clockdrift/build/tasks.o
 .bss.uxCurrentNumberOfTasks
                0x0000000020000938        0x4 /home/ibo/RD-Studies/clockdrift_freertos/STM32F411_FreeRTOS_Clockdrift/build/tasks.o
 .bss.xTickCount
                0x000000002000093c        0x4 /home/ibo/RD-Studies/clockdrift_freertos/STM32F411_FreeRTOS_Clockdrift/build/tasks.o
 .bss.uxTopReadyPriority
                0x0000000020000940        0x4 /home/ibo/RD-Studies/clockdrift_freertos/STM32F411_FreeRTOS_Clockdrift/build/tasks.o
 .bss.xSchedulerRunning
                0x0000000020000944        0x4 /home/ibo/RD-Studies/clockdrift_freertos/STM32F411_FreeRTOS_Clockdrift/build/tasks.o
 .bss.uxPendedTicks
                0x0000000020000948        0x4 /home/ibo/RD-Studies/clockdrift_freertos/STM32F411_FreeRTOS_Clockdrift/build/tasks.o
 .bss.xYieldPending
                0x000000002000094c        0x4 /home/ibo/RD-Studies/clockdrift_freertos/STM32F411_FreeRTOS_Clockdrift/build/tasks.o
 .bss.xNumOfOverflows
                0x0000000020000950        0x4 /home/ibo/RD-Studies/clockdrift_freertos/STM32F411_FreeRTOS_Clockdrift/build/tasks.o
 .bss.uxTaskNumber
                0x0000000020000954        0x4 /home/ibo/RD-Studies/clockdrift_freertos/STM32F411_FreeRTOS_Clockdrift/build/tasks.o
 .bss.uxSchedulerSuspended
                0x0000000020000958        0x4 /home/ibo/RD-Studies/clockdrift_freertos/STM32F411_FreeRTOS_Clockdrift/build/tasks.o
 .bss.xActiveTimerList1
                0x000000002000095c       0x14 /home/ibo/RD-Studies/clockdrift_freertos/STM32F411_FreeRTOS_Clockdrift/build/timers.o
 .bss.xActiveTimerList2
                0x0000000020000970       0x14 /home/ibo/RD-Studies/clockdrift_freertos/STM32F411_FreeRTOS_Clockdrift/build/timers.o
 .bss.pxCurrentTimerList
                0x0000000020000984        0x4 /home/ibo/RD-Studies/clockdrift_freertos/STM32F411_FreeRTOS_Clockdrift/build/timers.o
 .bss.pxOverflowTimerList
                0x0000000020000988        0x4 /home/ibo/RD-Studies/clockdrift_freertos/STM32F411_FreeRTOS_Clockdrift/build/timers.o
 .bss.xTimerQueue
                0x000000002000098c        0x4 /home/ibo/RD-Studies/clockdrift_freertos/STM32F411_FreeRTOS_Clockdrift/build/timers.o
 .bss.xLastTime.6630
                0x0000000020000990        0x4 /home/ibo/RD-Studies/clockdrift_freertos/STM32F411_FreeRTOS_Clockdrift/build/timers.o
 .bss.ucHeap    0x0000000020000994     0x3c00 /home/ibo/RD-Studies/clockdrift_freertos/STM32F411_FreeRTOS_Clockdrift/build/heap_2.o
 .bss.xStart    0x0000000020004594        0x8 /home/ibo/RD-Studies/clockdrift_freertos/STM32F411_FreeRTOS_Clockdrift/build/heap_2.o
 .bss.xEnd      0x000000002000459c        0x8 /home/ibo/RD-Studies/clockdrift_freertos/STM32F411_FreeRTOS_Clockdrift/build/heap_2.o
 .bss.xHeapHasBeenInitialised.6391
                0x00000000200045a4        0x4 /home/ibo/RD-Studies/clockdrift_freertos/STM32F411_FreeRTOS_Clockdrift/build/heap_2.o
 *(COMMON)
 COMMON         0x00000000200045a8       0x40 /home/ibo/RD-Studies/clockdrift_freertos/STM32F411_FreeRTOS_Clockdrift/build/main.o
                0x00000000200045a8                huart1
 COMMON         0x00000000200045e8       0x40 /home/ibo/RD-Studies/clockdrift_freertos/STM32F411_FreeRTOS_Clockdrift/build/queue.o
                0x00000000200045e8                xQueueRegistry
 COMMON         0x0000000020004628        0x4 /home/ibo/RD-Studies/clockdrift_freertos/STM32F411_FreeRTOS_Clockdrift/build/stm32f4xx_hal.o
                0x0000000020004628                uwTick
                0x000000002000462c                . = ALIGN (0x4)
                0x000000002000462c                _ebss = .
                0x000000002000462c                __bss_end__ = _ebss

._user_heap_stack
                0x000000002000462c      0x604 load address 0x000000000800498c
                0x0000000020004630                . = ALIGN (0x8)
 *fill*         0x000000002000462c        0x4 
                0x0000000020004630                PROVIDE (end = .)
                [!provide]                        PROVIDE (_end = .)
                0x0000000020004830                . = (. + _Min_Heap_Size)
 *fill*         0x0000000020004630      0x200 
                0x0000000020004c30                . = (. + _Min_Stack_Size)
 *fill*         0x0000000020004830      0x400 
                0x0000000020004c30                . = ALIGN (0x8)

/DISCARD/
 libc.a(*)
 libm.a(*)
 libgcc.a(*)

.ARM.attributes
                0x0000000000000000       0x30
 *(.ARM.attributes)
 .ARM.attributes
                0x0000000000000000       0x1e /usr/lib/gcc/arm-none-eabi/9.1.0/thumb/v7e-m+fp/hard/crti.o
 .ARM.attributes
                0x000000000000001e       0x34 /usr/lib/gcc/arm-none-eabi/9.1.0/thumb/v7e-m+fp/hard/crtbegin.o
 .ARM.attributes
                0x0000000000000052       0x34 /home/ibo/RD-Studies/clockdrift_freertos/STM32F411_FreeRTOS_Clockdrift/build/stm32f4xx_it.o
 .ARM.attributes
                0x0000000000000086       0x34 /home/ibo/RD-Studies/clockdrift_freertos/STM32F411_FreeRTOS_Clockdrift/build/system_stm32f4xx.o
 .ARM.attributes
                0x00000000000000ba       0x34 /home/ibo/RD-Studies/clockdrift_freertos/STM32F411_FreeRTOS_Clockdrift/build/main.o
 .ARM.attributes
                0x00000000000000ee       0x34 /home/ibo/RD-Studies/clockdrift_freertos/STM32F411_FreeRTOS_Clockdrift/build/port.o
 .ARM.attributes
                0x0000000000000122       0x34 /home/ibo/RD-Studies/clockdrift_freertos/STM32F411_FreeRTOS_Clockdrift/build/list.o
 .ARM.attributes
                0x0000000000000156       0x34 /home/ibo/RD-Studies/clockdrift_freertos/STM32F411_FreeRTOS_Clockdrift/build/queue.o
 .ARM.attributes
                0x000000000000018a       0x34 /home/ibo/RD-Studies/clockdrift_freertos/STM32F411_FreeRTOS_Clockdrift/build/tasks.o
 .ARM.attributes
                0x00000000000001be       0x34 /home/ibo/RD-Studies/clockdrift_freertos/STM32F411_FreeRTOS_Clockdrift/build/timers.o
 .ARM.attributes
                0x00000000000001f2       0x34 /home/ibo/RD-Studies/clockdrift_freertos/STM32F411_FreeRTOS_Clockdrift/build/heap_2.o
 .ARM.attributes
                0x0000000000000226       0x34 /home/ibo/RD-Studies/clockdrift_freertos/STM32F411_FreeRTOS_Clockdrift/build/stm32f4xx_hal.o
 .ARM.attributes
                0x000000000000025a       0x34 /home/ibo/RD-Studies/clockdrift_freertos/STM32F411_FreeRTOS_Clockdrift/build/stm32f4xx_hal_cortex.o
 .ARM.attributes
                0x000000000000028e       0x34 /home/ibo/RD-Studies/clockdrift_freertos/STM32F411_FreeRTOS_Clockdrift/build/stm32f4xx_hal_gpio.o
 .ARM.attributes
                0x00000000000002c2       0x34 /home/ibo/RD-Studies/clockdrift_freertos/STM32F411_FreeRTOS_Clockdrift/build/stm32f4xx_hal_rcc.o
 .ARM.attributes
                0x00000000000002f6       0x34 /home/ibo/RD-Studies/clockdrift_freertos/STM32F411_FreeRTOS_Clockdrift/build/stm32f4xx_hal_uart.o
 .ARM.attributes
                0x000000000000032a       0x21 /home/ibo/RD-Studies/clockdrift_freertos/STM32F411_FreeRTOS_Clockdrift/build/startup_stm32f411xe.o
 .ARM.attributes
                0x000000000000034b       0x1c /usr/lib/gcc/arm-none-eabi/9.1.0/../../../../arm-none-eabi/lib/thumb/v7e-m+fp/hard/libc.a(lib_a-memcpy.o)
 .ARM.attributes
                0x0000000000000367       0x1c /usr/lib/gcc/arm-none-eabi/9.1.0/../../../../arm-none-eabi/lib/thumb/v7e-m+fp/hard/libc.a(lib_a-strlen.o)
 .ARM.attributes
                0x0000000000000383       0x1e /usr/lib/gcc/arm-none-eabi/9.1.0/thumb/v7e-m+fp/hard/libgcc.a(_aeabi_uldivmod.o)
 .ARM.attributes
                0x00000000000003a1       0x34 /usr/lib/gcc/arm-none-eabi/9.1.0/thumb/v7e-m+fp/hard/libgcc.a(_udivmoddi4.o)
 .ARM.attributes
                0x00000000000003d5       0x1e /usr/lib/gcc/arm-none-eabi/9.1.0/thumb/v7e-m+fp/hard/libgcc.a(_dvmd_tls.o)
 .ARM.attributes
                0x00000000000003f3       0x1e /usr/lib/gcc/arm-none-eabi/9.1.0/thumb/v7e-m+fp/hard/crtn.o
LOAD /home/ibo/RD-Studies/clockdrift_freertos/STM32F411_FreeRTOS_Clockdrift/build/stm32f4xx_it.o
LOAD /home/ibo/RD-Studies/clockdrift_freertos/STM32F411_FreeRTOS_Clockdrift/build/system_stm32f4xx.o
LOAD /home/ibo/RD-Studies/clockdrift_freertos/STM32F411_FreeRTOS_Clockdrift/build/main.o
LOAD /home/ibo/RD-Studies/clockdrift_freertos/STM32F411_FreeRTOS_Clockdrift/build/syscalls.o
LOAD /home/ibo/RD-Studies/clockdrift_freertos/STM32F411_FreeRTOS_Clockdrift/build/port.o
LOAD /home/ibo/RD-Studies/clockdrift_freertos/STM32F411_FreeRTOS_Clockdrift/build/list.o
LOAD /home/ibo/RD-Studies/clockdrift_freertos/STM32F411_FreeRTOS_Clockdrift/build/queue.o
LOAD /home/ibo/RD-Studies/clockdrift_freertos/STM32F411_FreeRTOS_Clockdrift/build/tasks.o
LOAD /home/ibo/RD-Studies/clockdrift_freertos/STM32F411_FreeRTOS_Clockdrift/build/event_groups.o
LOAD /home/ibo/RD-Studies/clockdrift_freertos/STM32F411_FreeRTOS_Clockdrift/build/timers.o
LOAD /home/ibo/RD-Studies/clockdrift_freertos/STM32F411_FreeRTOS_Clockdrift/build/heap_2.o
LOAD /home/ibo/RD-Studies/clockdrift_freertos/STM32F411_FreeRTOS_Clockdrift/build/stm32f4xx_hal.o
LOAD /home/ibo/RD-Studies/clockdrift_freertos/STM32F411_FreeRTOS_Clockdrift/build/stm32f4xx_hal_adc.o
LOAD /home/ibo/RD-Studies/clockdrift_freertos/STM32F411_FreeRTOS_Clockdrift/build/stm32f4xx_hal_adc_ex.o
LOAD /home/ibo/RD-Studies/clockdrift_freertos/STM32F411_FreeRTOS_Clockdrift/build/stm32f4xx_hal_can.o
LOAD /home/ibo/RD-Studies/clockdrift_freertos/STM32F411_FreeRTOS_Clockdrift/build/stm32f4xx_hal_cec.o
LOAD /home/ibo/RD-Studies/clockdrift_freertos/STM32F411_FreeRTOS_Clockdrift/build/stm32f4xx_hal_cortex.o
LOAD /home/ibo/RD-Studies/clockdrift_freertos/STM32F411_FreeRTOS_Clockdrift/build/stm32f4xx_hal_crc.o
LOAD /home/ibo/RD-Studies/clockdrift_freertos/STM32F411_FreeRTOS_Clockdrift/build/stm32f4xx_hal_cryp.o
LOAD /home/ibo/RD-Studies/clockdrift_freertos/STM32F411_FreeRTOS_Clockdrift/build/stm32f4xx_hal_cryp_ex.o
LOAD /home/ibo/RD-Studies/clockdrift_freertos/STM32F411_FreeRTOS_Clockdrift/build/stm32f4xx_hal_dac.o
LOAD /home/ibo/RD-Studies/clockdrift_freertos/STM32F411_FreeRTOS_Clockdrift/build/stm32f4xx_hal_dac_ex.o
LOAD /home/ibo/RD-Studies/clockdrift_freertos/STM32F411_FreeRTOS_Clockdrift/build/stm32f4xx_hal_dcmi.o
LOAD /home/ibo/RD-Studies/clockdrift_freertos/STM32F411_FreeRTOS_Clockdrift/build/stm32f4xx_hal_dcmi_ex.o
LOAD /home/ibo/RD-Studies/clockdrift_freertos/STM32F411_FreeRTOS_Clockdrift/build/stm32f4xx_hal_dfsdm.o
LOAD /home/ibo/RD-Studies/clockdrift_freertos/STM32F411_FreeRTOS_Clockdrift/build/stm32f4xx_hal_dma.o
LOAD /home/ibo/RD-Studies/clockdrift_freertos/STM32F411_FreeRTOS_Clockdrift/build/stm32f4xx_hal_dma2d.o
LOAD /home/ibo/RD-Studies/clockdrift_freertos/STM32F411_FreeRTOS_Clockdrift/build/stm32f4xx_hal_dma_ex.o
LOAD /home/ibo/RD-Studies/clockdrift_freertos/STM32F411_FreeRTOS_Clockdrift/build/stm32f4xx_hal_dsi.o
LOAD /home/ibo/RD-Studies/clockdrift_freertos/STM32F411_FreeRTOS_Clockdrift/build/stm32f4xx_hal_eth.o
LOAD /home/ibo/RD-Studies/clockdrift_freertos/STM32F411_FreeRTOS_Clockdrift/build/stm32f4xx_hal_exti.o
LOAD /home/ibo/RD-Studies/clockdrift_freertos/STM32F411_FreeRTOS_Clockdrift/build/stm32f4xx_hal_flash.o
LOAD /home/ibo/RD-Studies/clockdrift_freertos/STM32F411_FreeRTOS_Clockdrift/build/stm32f4xx_hal_flash_ex.o
LOAD /home/ibo/RD-Studies/clockdrift_freertos/STM32F411_FreeRTOS_Clockdrift/build/stm32f4xx_hal_flash_ramfunc.o
LOAD /home/ibo/RD-Studies/clockdrift_freertos/STM32F411_FreeRTOS_Clockdrift/build/stm32f4xx_hal_fmpi2c.o
LOAD /home/ibo/RD-Studies/clockdrift_freertos/STM32F411_FreeRTOS_Clockdrift/build/stm32f4xx_hal_gpio.o
LOAD /home/ibo/RD-Studies/clockdrift_freertos/STM32F411_FreeRTOS_Clockdrift/build/stm32f4xx_hal_hash.o
LOAD /home/ibo/RD-Studies/clockdrift_freertos/STM32F411_FreeRTOS_Clockdrift/build/stm32f4xx_hal_hash_ex.o
LOAD /home/ibo/RD-Studies/clockdrift_freertos/STM32F411_FreeRTOS_Clockdrift/build/stm32f4xx_hal_hcd.o
LOAD /home/ibo/RD-Studies/clockdrift_freertos/STM32F411_FreeRTOS_Clockdrift/build/stm32f4xx_hal_i2c.o
LOAD /home/ibo/RD-Studies/clockdrift_freertos/STM32F411_FreeRTOS_Clockdrift/build/stm32f4xx_hal_i2c_ex.o
LOAD /home/ibo/RD-Studies/clockdrift_freertos/STM32F411_FreeRTOS_Clockdrift/build/stm32f4xx_hal_i2s.o
LOAD /home/ibo/RD-Studies/clockdrift_freertos/STM32F411_FreeRTOS_Clockdrift/build/stm32f4xx_hal_i2s_ex.o
LOAD /home/ibo/RD-Studies/clockdrift_freertos/STM32F411_FreeRTOS_Clockdrift/build/stm32f4xx_hal_irda.o
LOAD /home/ibo/RD-Studies/clockdrift_freertos/STM32F411_FreeRTOS_Clockdrift/build/stm32f4xx_hal_iwdg.o
LOAD /home/ibo/RD-Studies/clockdrift_freertos/STM32F411_FreeRTOS_Clockdrift/build/stm32f4xx_hal_lptim.o
LOAD /home/ibo/RD-Studies/clockdrift_freertos/STM32F411_FreeRTOS_Clockdrift/build/stm32f4xx_hal_ltdc.o
LOAD /home/ibo/RD-Studies/clockdrift_freertos/STM32F411_FreeRTOS_Clockdrift/build/stm32f4xx_hal_ltdc_ex.o
LOAD /home/ibo/RD-Studies/clockdrift_freertos/STM32F411_FreeRTOS_Clockdrift/build/stm32f4xx_hal_mmc.o
LOAD /home/ibo/RD-Studies/clockdrift_freertos/STM32F411_FreeRTOS_Clockdrift/build/stm32f4xx_hal_nand.o
LOAD /home/ibo/RD-Studies/clockdrift_freertos/STM32F411_FreeRTOS_Clockdrift/build/stm32f4xx_hal_nor.o
LOAD /home/ibo/RD-Studies/clockdrift_freertos/STM32F411_FreeRTOS_Clockdrift/build/stm32f4xx_hal_pccard.o
LOAD /home/ibo/RD-Studies/clockdrift_freertos/STM32F411_FreeRTOS_Clockdrift/build/stm32f4xx_hal_pcd.o
LOAD /home/ibo/RD-Studies/clockdrift_freertos/STM32F411_FreeRTOS_Clockdrift/build/stm32f4xx_hal_pcd_ex.o
LOAD /home/ibo/RD-Studies/clockdrift_freertos/STM32F411_FreeRTOS_Clockdrift/build/stm32f4xx_hal_pwr.o
LOAD /home/ibo/RD-Studies/clockdrift_freertos/STM32F411_FreeRTOS_Clockdrift/build/stm32f4xx_hal_pwr_ex.o
LOAD /home/ibo/RD-Studies/clockdrift_freertos/STM32F411_FreeRTOS_Clockdrift/build/stm32f4xx_hal_qspi.o
LOAD /home/ibo/RD-Studies/clockdrift_freertos/STM32F411_FreeRTOS_Clockdrift/build/stm32f4xx_hal_rcc.o
LOAD /home/ibo/RD-Studies/clockdrift_freertos/STM32F411_FreeRTOS_Clockdrift/build/stm32f4xx_hal_rcc_ex.o
LOAD /home/ibo/RD-Studies/clockdrift_freertos/STM32F411_FreeRTOS_Clockdrift/build/stm32f4xx_hal_rng.o
LOAD /home/ibo/RD-Studies/clockdrift_freertos/STM32F411_FreeRTOS_Clockdrift/build/stm32f4xx_hal_rtc.o
LOAD /home/ibo/RD-Studies/clockdrift_freertos/STM32F411_FreeRTOS_Clockdrift/build/stm32f4xx_hal_rtc_ex.o
LOAD /home/ibo/RD-Studies/clockdrift_freertos/STM32F411_FreeRTOS_Clockdrift/build/stm32f4xx_hal_sai.o
LOAD /home/ibo/RD-Studies/clockdrift_freertos/STM32F411_FreeRTOS_Clockdrift/build/stm32f4xx_hal_sai_ex.o
LOAD /home/ibo/RD-Studies/clockdrift_freertos/STM32F411_FreeRTOS_Clockdrift/build/stm32f4xx_hal_sd.o
LOAD /home/ibo/RD-Studies/clockdrift_freertos/STM32F411_FreeRTOS_Clockdrift/build/stm32f4xx_hal_sdram.o
LOAD /home/ibo/RD-Studies/clockdrift_freertos/STM32F411_FreeRTOS_Clockdrift/build/stm32f4xx_hal_smartcard.o
LOAD /home/ibo/RD-Studies/clockdrift_freertos/STM32F411_FreeRTOS_Clockdrift/build/stm32f4xx_hal_smbus.o
LOAD /home/ibo/RD-Studies/clockdrift_freertos/STM32F411_FreeRTOS_Clockdrift/build/stm32f4xx_hal_spdifrx.o
LOAD /home/ibo/RD-Studies/clockdrift_freertos/STM32F411_FreeRTOS_Clockdrift/build/stm32f4xx_hal_spi.o
LOAD /home/ibo/RD-Studies/clockdrift_freertos/STM32F411_FreeRTOS_Clockdrift/build/stm32f4xx_hal_sram.o
LOAD /home/ibo/RD-Studies/clockdrift_freertos/STM32F411_FreeRTOS_Clockdrift/build/stm32f4xx_hal_tim.o
LOAD /home/ibo/RD-Studies/clockdrift_freertos/STM32F411_FreeRTOS_Clockdrift/build/stm32f4xx_hal_tim_ex.o
LOAD /home/ibo/RD-Studies/clockdrift_freertos/STM32F411_FreeRTOS_Clockdrift/build/stm32f4xx_hal_uart.o
LOAD /home/ibo/RD-Studies/clockdrift_freertos/STM32F411_FreeRTOS_Clockdrift/build/stm32f4xx_hal_usart.o
LOAD /home/ibo/RD-Studies/clockdrift_freertos/STM32F411_FreeRTOS_Clockdrift/build/stm32f4xx_hal_wwdg.o
LOAD /home/ibo/RD-Studies/clockdrift_freertos/STM32F411_FreeRTOS_Clockdrift/build/stm32f4xx_ll_adc.o
LOAD /home/ibo/RD-Studies/clockdrift_freertos/STM32F411_FreeRTOS_Clockdrift/build/stm32f4xx_ll_crc.o
LOAD /home/ibo/RD-Studies/clockdrift_freertos/STM32F411_FreeRTOS_Clockdrift/build/stm32f4xx_ll_dac.o
LOAD /home/ibo/RD-Studies/clockdrift_freertos/STM32F411_FreeRTOS_Clockdrift/build/stm32f4xx_ll_dma.o
LOAD /home/ibo/RD-Studies/clockdrift_freertos/STM32F411_FreeRTOS_Clockdrift/build/stm32f4xx_ll_dma2d.o
LOAD /home/ibo/RD-Studies/clockdrift_freertos/STM32F411_FreeRTOS_Clockdrift/build/stm32f4xx_ll_exti.o
LOAD /home/ibo/RD-Studies/clockdrift_freertos/STM32F411_FreeRTOS_Clockdrift/build/stm32f4xx_ll_fmc.o
LOAD /home/ibo/RD-Studies/clockdrift_freertos/STM32F411_FreeRTOS_Clockdrift/build/stm32f4xx_ll_fsmc.o
LOAD /home/ibo/RD-Studies/clockdrift_freertos/STM32F411_FreeRTOS_Clockdrift/build/stm32f4xx_ll_gpio.o
LOAD /home/ibo/RD-Studies/clockdrift_freertos/STM32F411_FreeRTOS_Clockdrift/build/stm32f4xx_ll_i2c.o
LOAD /home/ibo/RD-Studies/clockdrift_freertos/STM32F411_FreeRTOS_Clockdrift/build/stm32f4xx_ll_lptim.o
LOAD /home/ibo/RD-Studies/clockdrift_freertos/STM32F411_FreeRTOS_Clockdrift/build/stm32f4xx_ll_pwr.o
LOAD /home/ibo/RD-Studies/clockdrift_freertos/STM32F411_FreeRTOS_Clockdrift/build/stm32f4xx_ll_rcc.o
LOAD /home/ibo/RD-Studies/clockdrift_freertos/STM32F411_FreeRTOS_Clockdrift/build/stm32f4xx_ll_rng.o
LOAD /home/ibo/RD-Studies/clockdrift_freertos/STM32F411_FreeRTOS_Clockdrift/build/stm32f4xx_ll_rtc.o
LOAD /home/ibo/RD-Studies/clockdrift_freertos/STM32F411_FreeRTOS_Clockdrift/build/stm32f4xx_ll_sdmmc.o
LOAD /home/ibo/RD-Studies/clockdrift_freertos/STM32F411_FreeRTOS_Clockdrift/build/stm32f4xx_ll_spi.o
LOAD /home/ibo/RD-Studies/clockdrift_freertos/STM32F411_FreeRTOS_Clockdrift/build/stm32f4xx_ll_tim.o
LOAD /home/ibo/RD-Studies/clockdrift_freertos/STM32F411_FreeRTOS_Clockdrift/build/stm32f4xx_ll_usart.o
LOAD /home/ibo/RD-Studies/clockdrift_freertos/STM32F411_FreeRTOS_Clockdrift/build/stm32f4xx_ll_usb.o
LOAD /home/ibo/RD-Studies/clockdrift_freertos/STM32F411_FreeRTOS_Clockdrift/build/stm32f4xx_ll_utils.o
LOAD /home/ibo/RD-Studies/clockdrift_freertos/STM32F411_FreeRTOS_Clockdrift/build/startup_stm32f411xe.o
LOAD /usr/lib/gcc/arm-none-eabi/9.1.0/../../../../arm-none-eabi/lib/thumb/v7e-m+fp/hard/libm.a
LOAD /usr/lib/gcc/arm-none-eabi/9.1.0/../../../../arm-none-eabi/lib/thumb/v7e-m+fp/hard/libc.a
LOAD /usr/lib/gcc/arm-none-eabi/9.1.0/thumb/v7e-m+fp/hard/libgcc.a
START GROUP
LOAD /usr/lib/gcc/arm-none-eabi/9.1.0/thumb/v7e-m+fp/hard/libgcc.a
LOAD /usr/lib/gcc/arm-none-eabi/9.1.0/../../../../arm-none-eabi/lib/thumb/v7e-m+fp/hard/libc.a
END GROUP
LOAD /usr/lib/gcc/arm-none-eabi/9.1.0/thumb/v7e-m+fp/hard/crtend.o
LOAD /usr/lib/gcc/arm-none-eabi/9.1.0/thumb/v7e-m+fp/hard/crtn.o
OUTPUT(/home/ibo/RD-Studies/clockdrift_freertos/STM32F411_FreeRTOS_Clockdrift/binary/FreeRTOS.elf elf32-littlearm)

.debug_info     0x0000000000000000     0xbf27
 .debug_info    0x0000000000000000       0xe2 /home/ibo/RD-Studies/clockdrift_freertos/STM32F411_FreeRTOS_Clockdrift/build/stm32f4xx_it.o
 .debug_info    0x00000000000000e2      0x56e /home/ibo/RD-Studies/clockdrift_freertos/STM32F411_FreeRTOS_Clockdrift/build/system_stm32f4xx.o
 .debug_info    0x0000000000000650     0x147e /home/ibo/RD-Studies/clockdrift_freertos/STM32F411_FreeRTOS_Clockdrift/build/main.o
 .debug_info    0x0000000000001ace      0x4f2 /home/ibo/RD-Studies/clockdrift_freertos/STM32F411_FreeRTOS_Clockdrift/build/port.o
 .debug_info    0x0000000000001fc0      0xb61 /home/ibo/RD-Studies/clockdrift_freertos/STM32F411_FreeRTOS_Clockdrift/build/list.o
 .debug_info    0x0000000000002b21     0x1978 /home/ibo/RD-Studies/clockdrift_freertos/STM32F411_FreeRTOS_Clockdrift/build/queue.o
 .debug_info    0x0000000000004499     0x206a /home/ibo/RD-Studies/clockdrift_freertos/STM32F411_FreeRTOS_Clockdrift/build/tasks.o
 .debug_info    0x0000000000006503     0x1382 /home/ibo/RD-Studies/clockdrift_freertos/STM32F411_FreeRTOS_Clockdrift/build/timers.o
 .debug_info    0x0000000000007885      0xb9c /home/ibo/RD-Studies/clockdrift_freertos/STM32F411_FreeRTOS_Clockdrift/build/heap_2.o
 .debug_info    0x0000000000008421      0x915 /home/ibo/RD-Studies/clockdrift_freertos/STM32F411_FreeRTOS_Clockdrift/build/stm32f4xx_hal.o
 .debug_info    0x0000000000008d36      0xde5 /home/ibo/RD-Studies/clockdrift_freertos/STM32F411_FreeRTOS_Clockdrift/build/stm32f4xx_hal_cortex.o
 .debug_info    0x0000000000009b1b      0x7f6 /home/ibo/RD-Studies/clockdrift_freertos/STM32F411_FreeRTOS_Clockdrift/build/stm32f4xx_hal_gpio.o
 .debug_info    0x000000000000a311      0x951 /home/ibo/RD-Studies/clockdrift_freertos/STM32F411_FreeRTOS_Clockdrift/build/stm32f4xx_hal_rcc.o
 .debug_info    0x000000000000ac62     0x12c5 /home/ibo/RD-Studies/clockdrift_freertos/STM32F411_FreeRTOS_Clockdrift/build/stm32f4xx_hal_uart.o

.debug_abbrev   0x0000000000000000     0x21a8
 .debug_abbrev  0x0000000000000000       0x6d /home/ibo/RD-Studies/clockdrift_freertos/STM32F411_FreeRTOS_Clockdrift/build/stm32f4xx_it.o
 .debug_abbrev  0x000000000000006d      0x126 /home/ibo/RD-Studies/clockdrift_freertos/STM32F411_FreeRTOS_Clockdrift/build/system_stm32f4xx.o
 .debug_abbrev  0x0000000000000193      0x2bb /home/ibo/RD-Studies/clockdrift_freertos/STM32F411_FreeRTOS_Clockdrift/build/main.o
 .debug_abbrev  0x000000000000044e      0x205 /home/ibo/RD-Studies/clockdrift_freertos/STM32F411_FreeRTOS_Clockdrift/build/port.o
 .debug_abbrev  0x0000000000000653      0x22b /home/ibo/RD-Studies/clockdrift_freertos/STM32F411_FreeRTOS_Clockdrift/build/list.o
 .debug_abbrev  0x000000000000087e      0x36d /home/ibo/RD-Studies/clockdrift_freertos/STM32F411_FreeRTOS_Clockdrift/build/queue.o
 .debug_abbrev  0x0000000000000beb      0x3f7 /home/ibo/RD-Studies/clockdrift_freertos/STM32F411_FreeRTOS_Clockdrift/build/tasks.o
 .debug_abbrev  0x0000000000000fe2      0x2ec /home/ibo/RD-Studies/clockdrift_freertos/STM32F411_FreeRTOS_Clockdrift/build/timers.o
 .debug_abbrev  0x00000000000012ce      0x2a4 /home/ibo/RD-Studies/clockdrift_freertos/STM32F411_FreeRTOS_Clockdrift/build/heap_2.o
 .debug_abbrev  0x0000000000001572      0x21f /home/ibo/RD-Studies/clockdrift_freertos/STM32F411_FreeRTOS_Clockdrift/build/stm32f4xx_hal.o
 .debug_abbrev  0x0000000000001791      0x339 /home/ibo/RD-Studies/clockdrift_freertos/STM32F411_FreeRTOS_Clockdrift/build/stm32f4xx_hal_cortex.o
 .debug_abbrev  0x0000000000001aca      0x1ee /home/ibo/RD-Studies/clockdrift_freertos/STM32F411_FreeRTOS_Clockdrift/build/stm32f4xx_hal_gpio.o
 .debug_abbrev  0x0000000000001cb8      0x272 /home/ibo/RD-Studies/clockdrift_freertos/STM32F411_FreeRTOS_Clockdrift/build/stm32f4xx_hal_rcc.o
 .debug_abbrev  0x0000000000001f2a      0x27e /home/ibo/RD-Studies/clockdrift_freertos/STM32F411_FreeRTOS_Clockdrift/build/stm32f4xx_hal_uart.o

.debug_aranges  0x0000000000000000      0x9c8
 .debug_aranges
                0x0000000000000000       0x60 /home/ibo/RD-Studies/clockdrift_freertos/STM32F411_FreeRTOS_Clockdrift/build/stm32f4xx_it.o
 .debug_aranges
                0x0000000000000060       0x28 /home/ibo/RD-Studies/clockdrift_freertos/STM32F411_FreeRTOS_Clockdrift/build/system_stm32f4xx.o
 .debug_aranges
                0x0000000000000088       0x50 /home/ibo/RD-Studies/clockdrift_freertos/STM32F411_FreeRTOS_Clockdrift/build/main.o
 .debug_aranges
                0x00000000000000d8       0x80 /home/ibo/RD-Studies/clockdrift_freertos/STM32F411_FreeRTOS_Clockdrift/build/port.o
 .debug_aranges
                0x0000000000000158       0x40 /home/ibo/RD-Studies/clockdrift_freertos/STM32F411_FreeRTOS_Clockdrift/build/list.o
 .debug_aranges
                0x0000000000000198      0x100 /home/ibo/RD-Studies/clockdrift_freertos/STM32F411_FreeRTOS_Clockdrift/build/queue.o
 .debug_aranges
                0x0000000000000298      0x198 /home/ibo/RD-Studies/clockdrift_freertos/STM32F411_FreeRTOS_Clockdrift/build/tasks.o
 .debug_aranges
                0x0000000000000430       0xa0 /home/ibo/RD-Studies/clockdrift_freertos/STM32F411_FreeRTOS_Clockdrift/build/timers.o
 .debug_aranges
                0x00000000000004d0       0x40 /home/ibo/RD-Studies/clockdrift_freertos/STM32F411_FreeRTOS_Clockdrift/build/heap_2.o
 .debug_aranges
                0x0000000000000510       0xf0 /home/ibo/RD-Studies/clockdrift_freertos/STM32F411_FreeRTOS_Clockdrift/build/stm32f4xx_hal.o
 .debug_aranges
                0x0000000000000600      0x118 /home/ibo/RD-Studies/clockdrift_freertos/STM32F411_FreeRTOS_Clockdrift/build/stm32f4xx_hal_cortex.o
 .debug_aranges
                0x0000000000000718       0x58 /home/ibo/RD-Studies/clockdrift_freertos/STM32F411_FreeRTOS_Clockdrift/build/stm32f4xx_hal_gpio.o
 .debug_aranges
                0x0000000000000770       0x88 /home/ibo/RD-Studies/clockdrift_freertos/STM32F411_FreeRTOS_Clockdrift/build/stm32f4xx_hal_rcc.o
 .debug_aranges
                0x00000000000007f8      0x1d0 /home/ibo/RD-Studies/clockdrift_freertos/STM32F411_FreeRTOS_Clockdrift/build/stm32f4xx_hal_uart.o

.debug_ranges   0x0000000000000000      0x8e8
 .debug_ranges  0x0000000000000000       0x50 /home/ibo/RD-Studies/clockdrift_freertos/STM32F411_FreeRTOS_Clockdrift/build/stm32f4xx_it.o
 .debug_ranges  0x0000000000000050       0x18 /home/ibo/RD-Studies/clockdrift_freertos/STM32F411_FreeRTOS_Clockdrift/build/system_stm32f4xx.o
 .debug_ranges  0x0000000000000068       0x40 /home/ibo/RD-Studies/clockdrift_freertos/STM32F411_FreeRTOS_Clockdrift/build/main.o
 .debug_ranges  0x00000000000000a8       0x70 /home/ibo/RD-Studies/clockdrift_freertos/STM32F411_FreeRTOS_Clockdrift/build/port.o
 .debug_ranges  0x0000000000000118       0x30 /home/ibo/RD-Studies/clockdrift_freertos/STM32F411_FreeRTOS_Clockdrift/build/list.o
 .debug_ranges  0x0000000000000148       0xf0 /home/ibo/RD-Studies/clockdrift_freertos/STM32F411_FreeRTOS_Clockdrift/build/queue.o
 .debug_ranges  0x0000000000000238      0x188 /home/ibo/RD-Studies/clockdrift_freertos/STM32F411_FreeRTOS_Clockdrift/build/tasks.o
 .debug_ranges  0x00000000000003c0       0x90 /home/ibo/RD-Studies/clockdrift_freertos/STM32F411_FreeRTOS_Clockdrift/build/timers.o
 .debug_ranges  0x0000000000000450       0x30 /home/ibo/RD-Studies/clockdrift_freertos/STM32F411_FreeRTOS_Clockdrift/build/heap_2.o
 .debug_ranges  0x0000000000000480       0xe0 /home/ibo/RD-Studies/clockdrift_freertos/STM32F411_FreeRTOS_Clockdrift/build/stm32f4xx_hal.o
 .debug_ranges  0x0000000000000560      0x108 /home/ibo/RD-Studies/clockdrift_freertos/STM32F411_FreeRTOS_Clockdrift/build/stm32f4xx_hal_cortex.o
 .debug_ranges  0x0000000000000668       0x48 /home/ibo/RD-Studies/clockdrift_freertos/STM32F411_FreeRTOS_Clockdrift/build/stm32f4xx_hal_gpio.o
 .debug_ranges  0x00000000000006b0       0x78 /home/ibo/RD-Studies/clockdrift_freertos/STM32F411_FreeRTOS_Clockdrift/build/stm32f4xx_hal_rcc.o
 .debug_ranges  0x0000000000000728      0x1c0 /home/ibo/RD-Studies/clockdrift_freertos/STM32F411_FreeRTOS_Clockdrift/build/stm32f4xx_hal_uart.o

.debug_line     0x0000000000000000     0x6f4b
 .debug_line    0x0000000000000000      0x147 /home/ibo/RD-Studies/clockdrift_freertos/STM32F411_FreeRTOS_Clockdrift/build/stm32f4xx_it.o
 .debug_line    0x0000000000000147      0x2b3 /home/ibo/RD-Studies/clockdrift_freertos/STM32F411_FreeRTOS_Clockdrift/build/system_stm32f4xx.o
 .debug_line    0x00000000000003fa      0x444 /home/ibo/RD-Studies/clockdrift_freertos/STM32F411_FreeRTOS_Clockdrift/build/main.o
 .debug_line    0x000000000000083e      0x4b2 /home/ibo/RD-Studies/clockdrift_freertos/STM32F411_FreeRTOS_Clockdrift/build/port.o
 .debug_line    0x0000000000000cf0      0x3a7 /home/ibo/RD-Studies/clockdrift_freertos/STM32F411_FreeRTOS_Clockdrift/build/list.o
 .debug_line    0x0000000000001097      0xe32 /home/ibo/RD-Studies/clockdrift_freertos/STM32F411_FreeRTOS_Clockdrift/build/queue.o
 .debug_line    0x0000000000001ec9     0x141a /home/ibo/RD-Studies/clockdrift_freertos/STM32F411_FreeRTOS_Clockdrift/build/tasks.o
 .debug_line    0x00000000000032e3      0x729 /home/ibo/RD-Studies/clockdrift_freertos/STM32F411_FreeRTOS_Clockdrift/build/timers.o
 .debug_line    0x0000000000003a0c      0x3a1 /home/ibo/RD-Studies/clockdrift_freertos/STM32F411_FreeRTOS_Clockdrift/build/heap_2.o
 .debug_line    0x0000000000003dad      0x5a0 /home/ibo/RD-Studies/clockdrift_freertos/STM32F411_FreeRTOS_Clockdrift/build/stm32f4xx_hal.o
 .debug_line    0x000000000000434d      0x857 /home/ibo/RD-Studies/clockdrift_freertos/STM32F411_FreeRTOS_Clockdrift/build/stm32f4xx_hal_cortex.o
 .debug_line    0x0000000000004ba4      0x6f8 /home/ibo/RD-Studies/clockdrift_freertos/STM32F411_FreeRTOS_Clockdrift/build/stm32f4xx_hal_gpio.o
 .debug_line    0x000000000000529c      0x8fa /home/ibo/RD-Studies/clockdrift_freertos/STM32F411_FreeRTOS_Clockdrift/build/stm32f4xx_hal_rcc.o
 .debug_line    0x0000000000005b96     0x13b5 /home/ibo/RD-Studies/clockdrift_freertos/STM32F411_FreeRTOS_Clockdrift/build/stm32f4xx_hal_uart.o

.debug_str      0x0000000000000000     0x3ced
 .debug_str     0x0000000000000000      0x203 /home/ibo/RD-Studies/clockdrift_freertos/STM32F411_FreeRTOS_Clockdrift/build/stm32f4xx_it.o
 .debug_str     0x0000000000000203      0x2a4 /home/ibo/RD-Studies/clockdrift_freertos/STM32F411_FreeRTOS_Clockdrift/build/system_stm32f4xx.o
                                        0x3fe (size before relaxing)
 .debug_str     0x00000000000004a7      0x98f /home/ibo/RD-Studies/clockdrift_freertos/STM32F411_FreeRTOS_Clockdrift/build/main.o
                                        0xd0e (size before relaxing)
 .debug_str     0x0000000000000e36      0x2c5 /home/ibo/RD-Studies/clockdrift_freertos/STM32F411_FreeRTOS_Clockdrift/build/port.o
                                        0x4b2 (size before relaxing)
 .debug_str     0x00000000000010fb      0x17e /home/ibo/RD-Studies/clockdrift_freertos/STM32F411_FreeRTOS_Clockdrift/build/list.o
                                        0x734 (size before relaxing)
 .debug_str     0x0000000000001279      0x553 /home/ibo/RD-Studies/clockdrift_freertos/STM32F411_FreeRTOS_Clockdrift/build/queue.o
                                        0xc61 (size before relaxing)
 .debug_str     0x00000000000017cc      0x96f /home/ibo/RD-Studies/clockdrift_freertos/STM32F411_FreeRTOS_Clockdrift/build/tasks.o
                                       0x112f (size before relaxing)
 .debug_str     0x000000000000213b      0x4a3 /home/ibo/RD-Studies/clockdrift_freertos/STM32F411_FreeRTOS_Clockdrift/build/timers.o
                                        0xbba (size before relaxing)
 .debug_str     0x00000000000025de      0x19e /home/ibo/RD-Studies/clockdrift_freertos/STM32F411_FreeRTOS_Clockdrift/build/heap_2.o
                                        0x77f (size before relaxing)
 .debug_str     0x000000000000277c      0x741 /home/ibo/RD-Studies/clockdrift_freertos/STM32F411_FreeRTOS_Clockdrift/build/stm32f4xx_hal.o
                                        0xa6f (size before relaxing)
 .debug_str     0x0000000000002ebd      0x4de /home/ibo/RD-Studies/clockdrift_freertos/STM32F411_FreeRTOS_Clockdrift/build/stm32f4xx_hal_cortex.o
                                        0xb6d (size before relaxing)
 .debug_str     0x000000000000339b      0x1c0 /home/ibo/RD-Studies/clockdrift_freertos/STM32F411_FreeRTOS_Clockdrift/build/stm32f4xx_hal_gpio.o
                                        0x59d (size before relaxing)
 .debug_str     0x000000000000355b      0x1fa /home/ibo/RD-Studies/clockdrift_freertos/STM32F411_FreeRTOS_Clockdrift/build/stm32f4xx_hal_rcc.o
                                        0x749 (size before relaxing)
 .debug_str     0x0000000000003755      0x598 /home/ibo/RD-Studies/clockdrift_freertos/STM32F411_FreeRTOS_Clockdrift/build/stm32f4xx_hal_uart.o
                                        0xc3c (size before relaxing)

.comment        0x0000000000000000       0x1d
 .comment       0x0000000000000000       0x1d /home/ibo/RD-Studies/clockdrift_freertos/STM32F411_FreeRTOS_Clockdrift/build/stm32f4xx_it.o
                                         0x1e (size before relaxing)
 .comment       0x000000000000001d       0x1e /home/ibo/RD-Studies/clockdrift_freertos/STM32F411_FreeRTOS_Clockdrift/build/system_stm32f4xx.o
 .comment       0x000000000000001d       0x1e /home/ibo/RD-Studies/clockdrift_freertos/STM32F411_FreeRTOS_Clockdrift/build/main.o
 .comment       0x000000000000001d       0x1e /home/ibo/RD-Studies/clockdrift_freertos/STM32F411_FreeRTOS_Clockdrift/build/port.o
 .comment       0x000000000000001d       0x1e /home/ibo/RD-Studies/clockdrift_freertos/STM32F411_FreeRTOS_Clockdrift/build/list.o
 .comment       0x000000000000001d       0x1e /home/ibo/RD-Studies/clockdrift_freertos/STM32F411_FreeRTOS_Clockdrift/build/queue.o
 .comment       0x000000000000001d       0x1e /home/ibo/RD-Studies/clockdrift_freertos/STM32F411_FreeRTOS_Clockdrift/build/tasks.o
 .comment       0x000000000000001d       0x1e /home/ibo/RD-Studies/clockdrift_freertos/STM32F411_FreeRTOS_Clockdrift/build/timers.o
 .comment       0x000000000000001d       0x1e /home/ibo/RD-Studies/clockdrift_freertos/STM32F411_FreeRTOS_Clockdrift/build/heap_2.o
 .comment       0x000000000000001d       0x1e /home/ibo/RD-Studies/clockdrift_freertos/STM32F411_FreeRTOS_Clockdrift/build/stm32f4xx_hal.o
 .comment       0x000000000000001d       0x1e /home/ibo/RD-Studies/clockdrift_freertos/STM32F411_FreeRTOS_Clockdrift/build/stm32f4xx_hal_cortex.o
 .comment       0x000000000000001d       0x1e /home/ibo/RD-Studies/clockdrift_freertos/STM32F411_FreeRTOS_Clockdrift/build/stm32f4xx_hal_gpio.o
 .comment       0x000000000000001d       0x1e /home/ibo/RD-Studies/clockdrift_freertos/STM32F411_FreeRTOS_Clockdrift/build/stm32f4xx_hal_rcc.o
 .comment       0x000000000000001d       0x1e /home/ibo/RD-Studies/clockdrift_freertos/STM32F411_FreeRTOS_Clockdrift/build/stm32f4xx_hal_uart.o

.debug_frame    0x0000000000000000     0x2734
 .debug_frame   0x0000000000000000      0x10c /home/ibo/RD-Studies/clockdrift_freertos/STM32F411_FreeRTOS_Clockdrift/build/stm32f4xx_it.o
 .debug_frame   0x000000000000010c       0x58 /home/ibo/RD-Studies/clockdrift_freertos/STM32F411_FreeRTOS_Clockdrift/build/system_stm32f4xx.o
 .debug_frame   0x0000000000000164       0xf4 /home/ibo/RD-Studies/clockdrift_freertos/STM32F411_FreeRTOS_Clockdrift/build/main.o
 .debug_frame   0x0000000000000258      0x19c /home/ibo/RD-Studies/clockdrift_freertos/STM32F411_FreeRTOS_Clockdrift/build/port.o
 .debug_frame   0x00000000000003f4       0xd8 /home/ibo/RD-Studies/clockdrift_freertos/STM32F411_FreeRTOS_Clockdrift/build/list.o
 .debug_frame   0x00000000000004cc      0x450 /home/ibo/RD-Studies/clockdrift_freertos/STM32F411_FreeRTOS_Clockdrift/build/queue.o
 .debug_frame   0x000000000000091c      0x6ec /home/ibo/RD-Studies/clockdrift_freertos/STM32F411_FreeRTOS_Clockdrift/build/tasks.o
 .debug_frame   0x0000000000001008      0x284 /home/ibo/RD-Studies/clockdrift_freertos/STM32F411_FreeRTOS_Clockdrift/build/timers.o
 .debug_frame   0x000000000000128c       0xc0 /home/ibo/RD-Studies/clockdrift_freertos/STM32F411_FreeRTOS_Clockdrift/build/heap_2.o
 .debug_frame   0x000000000000134c      0x374 /home/ibo/RD-Studies/clockdrift_freertos/STM32F411_FreeRTOS_Clockdrift/build/stm32f4xx_hal.o
 .debug_frame   0x00000000000016c0      0x498 /home/ibo/RD-Studies/clockdrift_freertos/STM32F411_FreeRTOS_Clockdrift/build/stm32f4xx_hal_cortex.o
 .debug_frame   0x0000000000001b58      0x14c /home/ibo/RD-Studies/clockdrift_freertos/STM32F411_FreeRTOS_Clockdrift/build/stm32f4xx_hal_gpio.o
 .debug_frame   0x0000000000001ca4      0x1f0 /home/ibo/RD-Studies/clockdrift_freertos/STM32F411_FreeRTOS_Clockdrift/build/stm32f4xx_hal_rcc.o
 .debug_frame   0x0000000000001e94      0x83c /home/ibo/RD-Studies/clockdrift_freertos/STM32F411_FreeRTOS_Clockdrift/build/stm32f4xx_hal_uart.o
 .debug_frame   0x00000000000026d0       0x2c /usr/lib/gcc/arm-none-eabi/9.1.0/thumb/v7e-m+fp/hard/libgcc.a(_aeabi_uldivmod.o)
 .debug_frame   0x00000000000026fc       0x38 /usr/lib/gcc/arm-none-eabi/9.1.0/thumb/v7e-m+fp/hard/libgcc.a(_udivmoddi4.o)
