Archive member included to satisfy reference by file (symbol)

/usr/lib/gcc/arm-none-eabi/9.1.0/../../../../arm-none-eabi/lib/thumb/v7e-m+fp/hard/libc.a(lib_a-atexit.o)
                              /usr/lib/gcc/arm-none-eabi/9.1.0/../../../../arm-none-eabi/lib/thumb/v7e-m+fp/hard/crt0.o (atexit)
/usr/lib/gcc/arm-none-eabi/9.1.0/../../../../arm-none-eabi/lib/thumb/v7e-m+fp/hard/libc.a(lib_a-exit.o)
                              /usr/lib/gcc/arm-none-eabi/9.1.0/../../../../arm-none-eabi/lib/thumb/v7e-m+fp/hard/crt0.o (exit)
/usr/lib/gcc/arm-none-eabi/9.1.0/../../../../arm-none-eabi/lib/thumb/v7e-m+fp/hard/libc.a(lib_a-fini.o)
                              /usr/lib/gcc/arm-none-eabi/9.1.0/../../../../arm-none-eabi/lib/thumb/v7e-m+fp/hard/crt0.o (__libc_fini_array)
/usr/lib/gcc/arm-none-eabi/9.1.0/../../../../arm-none-eabi/lib/thumb/v7e-m+fp/hard/libc.a(lib_a-impure.o)
                              /usr/lib/gcc/arm-none-eabi/9.1.0/../../../../arm-none-eabi/lib/thumb/v7e-m+fp/hard/libc.a(lib_a-exit.o) (_global_impure_ptr)
/usr/lib/gcc/arm-none-eabi/9.1.0/../../../../arm-none-eabi/lib/thumb/v7e-m+fp/hard/libc.a(lib_a-init.o)
                              /usr/lib/gcc/arm-none-eabi/9.1.0/../../../../arm-none-eabi/lib/thumb/v7e-m+fp/hard/crt0.o (__libc_init_array)
/usr/lib/gcc/arm-none-eabi/9.1.0/../../../../arm-none-eabi/lib/thumb/v7e-m+fp/hard/libc.a(lib_a-memset.o)
                              /usr/lib/gcc/arm-none-eabi/9.1.0/../../../../arm-none-eabi/lib/thumb/v7e-m+fp/hard/crt0.o (memset)
/usr/lib/gcc/arm-none-eabi/9.1.0/../../../../arm-none-eabi/lib/thumb/v7e-m+fp/hard/libc.a(lib_a-__atexit.o)
                              /usr/lib/gcc/arm-none-eabi/9.1.0/../../../../arm-none-eabi/lib/thumb/v7e-m+fp/hard/libc.a(lib_a-atexit.o) (__register_exitproc)
/usr/lib/gcc/arm-none-eabi/9.1.0/../../../../arm-none-eabi/lib/thumb/v7e-m+fp/hard/libc.a(lib_a-__call_atexit.o)
                              /usr/lib/gcc/arm-none-eabi/9.1.0/../../../../arm-none-eabi/lib/thumb/v7e-m+fp/hard/libc.a(lib_a-exit.o) (__call_exitprocs)
/usr/lib/gcc/arm-none-eabi/9.1.0/../../../../arm-none-eabi/lib/thumb/v7e-m+fp/hard/libc.a(lib_a-errno.o)
                              /home/ibo/RD-Studies/rd_studies/STM32F411_FreeRTOS_Clockdrift/build/syscalls.o (__errno)
/usr/lib/gcc/arm-none-eabi/9.1.0/../../../../arm-none-eabi/lib/thumb/v7e-m+fp/hard/libc.a(lib_a-memcpy.o)
                              /home/ibo/RD-Studies/rd_studies/STM32F411_FreeRTOS_Clockdrift/build/queue.o (memcpy)
/usr/lib/gcc/arm-none-eabi/9.1.0/../../../../arm-none-eabi/lib/thumb/v7e-m+fp/hard/libc.a(lib_a-strlen.o)
                              /home/ibo/RD-Studies/rd_studies/STM32F411_FreeRTOS_Clockdrift/build/main.o (strlen)
/usr/lib/gcc/arm-none-eabi/9.1.0/thumb/v7e-m+fp/hard/libgcc.a(_aeabi_uldivmod.o)
                              /home/ibo/RD-Studies/rd_studies/STM32F411_FreeRTOS_Clockdrift/build/stm32f4xx_hal_rcc.o (__aeabi_uldivmod)
/usr/lib/gcc/arm-none-eabi/9.1.0/thumb/v7e-m+fp/hard/libgcc.a(_udivmoddi4.o)
                              /usr/lib/gcc/arm-none-eabi/9.1.0/thumb/v7e-m+fp/hard/libgcc.a(_aeabi_uldivmod.o) (__udivmoddi4)
/usr/lib/gcc/arm-none-eabi/9.1.0/thumb/v7e-m+fp/hard/libgcc.a(_dvmd_tls.o)
                              /usr/lib/gcc/arm-none-eabi/9.1.0/thumb/v7e-m+fp/hard/libgcc.a(_aeabi_uldivmod.o) (__aeabi_ldiv0)

Allocating common symbols
Common symbol       size              file

uwTick              0x4               /home/ibo/RD-Studies/rd_studies/STM32F411_FreeRTOS_Clockdrift/build/stm32f4xx_hal.o
xQueueRegistry      0x40              /home/ibo/RD-Studies/rd_studies/STM32F411_FreeRTOS_Clockdrift/build/queue.o
pFlash              0x20              /home/ibo/RD-Studies/rd_studies/STM32F411_FreeRTOS_Clockdrift/build/stm32f4xx_hal_flash.o
huart1              0x40              /home/ibo/RD-Studies/rd_studies/STM32F411_FreeRTOS_Clockdrift/build/main.o

Discarded input sections

 .text          0x0000000000000000        0x0 /usr/lib/gcc/arm-none-eabi/9.1.0/thumb/v7e-m+fp/hard/crti.o
 .data          0x0000000000000000        0x0 /usr/lib/gcc/arm-none-eabi/9.1.0/thumb/v7e-m+fp/hard/crti.o
 .bss           0x0000000000000000        0x0 /usr/lib/gcc/arm-none-eabi/9.1.0/thumb/v7e-m+fp/hard/crti.o
 .text          0x0000000000000000        0x0 /usr/lib/gcc/arm-none-eabi/9.1.0/thumb/v7e-m+fp/hard/crtbegin.o
 .data          0x0000000000000000        0x0 /usr/lib/gcc/arm-none-eabi/9.1.0/thumb/v7e-m+fp/hard/crtbegin.o
 .bss           0x0000000000000000        0x0 /usr/lib/gcc/arm-none-eabi/9.1.0/thumb/v7e-m+fp/hard/crtbegin.o
 .data.__dso_handle
                0x0000000000000000        0x4 /usr/lib/gcc/arm-none-eabi/9.1.0/thumb/v7e-m+fp/hard/crtbegin.o
 .text          0x0000000000000000       0x68 /usr/lib/gcc/arm-none-eabi/9.1.0/../../../../arm-none-eabi/lib/thumb/v7e-m+fp/hard/crt0.o
 .data          0x0000000000000000        0x0 /usr/lib/gcc/arm-none-eabi/9.1.0/../../../../arm-none-eabi/lib/thumb/v7e-m+fp/hard/crt0.o
[...]
Memory Configuration

Name             Origin             Length             Attributes
RAM              0x0000000020000000 0x0000000000020000 xrw
FLASH            0x0000000008000000 0x0000000000080000 xr
*default*        0x0000000000000000 0xffffffffffffffff

Linker script and memory map

LOAD /usr/lib/gcc/arm-none-eabi/9.1.0/thumb/v7e-m+fp/hard/crti.o
LOAD /usr/lib/gcc/arm-none-eabi/9.1.0/thumb/v7e-m+fp/hard/crtbegin.o
LOAD /usr/lib/gcc/arm-none-eabi/9.1.0/../../../../arm-none-eabi/lib/thumb/v7e-m+fp/hard/crt0.o
                0x0000000020020000                _estack = 0x20020000
                0x0000000000000200                _Min_Heap_Size = 0x200
                0x0000000000000400                _Min_Stack_Size = 0x400

.isr_vector     0x0000000008000000      0x198
                0x0000000008000000                . = ALIGN (0x4)
 *(.isr_vector)
 .isr_vector    0x0000000008000000      0x198 /home/ibo/RD-Studies/rd_studies/STM32F411_FreeRTOS_Clockdrift/build/startup_stm32f411xe.o
                0x0000000008000000                g_pfnVectors
                0x0000000008000198                . = ALIGN (0x4)

.text           0x00000000080001c0     0x2a58
                0x00000000080001c0                . = ALIGN (0x4)
 *(.text)
 .text          0x00000000080001c0       0xdc /usr/lib/gcc/arm-none-eabi/9.1.0/../../../../arm-none-eabi/lib/thumb/v7e-m+fp/hard/libc.a(lib_a-strlen.o)
                0x00000000080001c0                strlen
 .text          0x000000000800029c       0x30 /usr/lib/gcc/arm-none-eabi/9.1.0/thumb/v7e-m+fp/hard/libgcc.a(_aeabi_uldivmod.o)
                0x000000000800029c                __aeabi_uldivmod
 .text          0x00000000080002cc        0x4 /usr/lib/gcc/arm-none-eabi/9.1.0/thumb/v7e-m+fp/hard/libgcc.a(_dvmd_tls.o)
                0x00000000080002cc                __aeabi_ldiv0
                0x00000000080002cc                __aeabi_idiv0
 *(.text*)
 .text.__do_global_dtors_aux
                0x00000000080002d0       0x24 /usr/lib/gcc/arm-none-eabi/9.1.0/thumb/v7e-m+fp/hard/crtbegin.o
 .text.frame_dummy
                0x00000000080002f4       0x1c /usr/lib/gcc/arm-none-eabi/9.1.0/thumb/v7e-m+fp/hard/crtbegin.o
 .text.atexit   0x0000000008000310        0xc /usr/lib/gcc/arm-none-eabi/9.1.0/../../../../arm-none-eabi/lib/thumb/v7e-m+fp/hard/libc.a(lib_a-atexit.o)
                0x0000000008000310                atexit
 .text.__libc_fini_array
                0x000000000800031c       0x34 /usr/lib/gcc/arm-none-eabi/9.1.0/../../../../arm-none-eabi/lib/thumb/v7e-m+fp/hard/libc.a(lib_a-fini.o)
                0x000000000800031c                __libc_fini_array
 .text.__libc_init_array
                0x0000000008000350       0x48 /usr/lib/gcc/arm-none-eabi/9.1.0/../../../../arm-none-eabi/lib/thumb/v7e-m+fp/hard/libc.a(lib_a-init.o)
                0x0000000008000350                __libc_init_array
 .text.memset   0x0000000008000398       0xa0 /usr/lib/gcc/arm-none-eabi/9.1.0/../../../../arm-none-eabi/lib/thumb/v7e-m+fp/hard/libc.a(lib_a-memset.o)
                0x0000000008000398                memset
 .text.__register_exitproc
                0x0000000008000438       0x68 /usr/lib/gcc/arm-none-eabi/9.1.0/../../../../arm-none-eabi/lib/thumb/v7e-m+fp/hard/libc.a(lib_a-__atexit.o)
                0x0000000008000438                __register_exitproc
 .text.startup.register_fini
                0x00000000080004a0       0x14 /usr/lib/gcc/arm-none-eabi/9.1.0/../../../../arm-none-eabi/lib/thumb/v7e-m+fp/hard/libc.a(lib_a-__call_atexit.o)
 .text.NMI_Handler
                0x00000000080004b4        0xe /home/ibo/RD-Studies/rd_studies/STM32F411_FreeRTOS_Clockdrift/build/stm32f4xx_it.o
                0x00000000080004b4                NMI_Handler
 .text.HardFault_Handler
                0x00000000080004c2        0x6 /home/ibo/RD-Studies/rd_studies/STM32F411_FreeRTOS_Clockdrift/build/stm32f4xx_it.o
                0x00000000080004c2                HardFault_Handler
 .text.MemManage_Handler
                0x00000000080004c8        0x6 /home/ibo/RD-Studies/rd_studies/STM32F411_FreeRTOS_Clockdrift/build/stm32f4xx_it.o
                0x00000000080004c8                MemManage_Handler
 .text.BusFault_Handler
                0x00000000080004ce        0x6 /home/ibo/RD-Studies/rd_studies/STM32F411_FreeRTOS_Clockdrift/build/stm32f4xx_it.o
                0x00000000080004ce                BusFault_Handler
 .text.UsageFault_Handler
                0x00000000080004d4        0x6 /home/ibo/RD-Studies/rd_studies/STM32F411_FreeRTOS_Clockdrift/build/stm32f4xx_it.o
                0x00000000080004d4                UsageFault_Handler
 .text.DebugMon_Handler
                0x00000000080004da        0xe /home/ibo/RD-Studies/rd_studies/STM32F411_FreeRTOS_Clockdrift/build/stm32f4xx_it.o
                0x00000000080004da                DebugMon_Handler
 .text.SysTick_Handler
                0x00000000080004e8       0x1a /home/ibo/RD-Studies/rd_studies/STM32F411_FreeRTOS_Clockdrift/build/stm32f4xx_it.o
                0x00000000080004e8                SysTick_Handler
 *fill*         0x0000000008000502        0x2 
 .text.SystemInit
                0x0000000008000504       0x6c /home/ibo/RD-Studies/rd_studies/STM32F411_FreeRTOS_Clockdrift/build/system_stm32f4xx.o
                0x0000000008000504                SystemInit
 .text.main     0x0000000008000570       0x50 /home/ibo/RD-Studies/rd_studies/STM32F411_FreeRTOS_Clockdrift/build/main.o
                0x0000000008000570                main
 .text.LED_BLINK_Task
                0x00000000080005c0       0x20 /home/ibo/RD-Studies/rd_studies/STM32F411_FreeRTOS_Clockdrift/build/main.o
                0x00000000080005c0                LED_BLINK_Task
 .text.SystemClock_Config
                0x00000000080005e0       0xd4 /home/ibo/RD-Studies/rd_studies/STM32F411_FreeRTOS_Clockdrift/build/main.o
                0x00000000080005e0                SystemClock_Config
 .text.UART_TransmitText_Task
                0x00000000080006b4       0x54 /home/ibo/RD-Studies/rd_studies/STM32F411_FreeRTOS_Clockdrift/build/main.o
                0x00000000080006b4                UART_TransmitText_Task
 .text.MX_GPIO_Init
                0x0000000008000708      0x100 /home/ibo/RD-Studies/rd_studies/STM32F411_FreeRTOS_Clockdrift/build/main.o
 .text.Error_Handler
                0x0000000008000808        0xe /home/ibo/RD-Studies/rd_studies/STM32F411_FreeRTOS_Clockdrift/build/main.o
                0x0000000008000808                Error_Handler
 *fill*         0x0000000008000816        0x2 
 .text.pxPortInitialiseStack
                0x0000000008000818       0x68 /home/ibo/RD-Studies/rd_studies/STM32F411_FreeRTOS_Clockdrift/build/port.o
                0x0000000008000818                pxPortInitialiseStack
 .text.prvTaskExitError
                0x0000000008000880       0x58 /home/ibo/RD-Studies/rd_studies/STM32F411_FreeRTOS_Clockdrift/build/port.o
 *fill*         0x00000000080008d8        0x8 
 .text.SVC_Handler
                0x00000000080008e0       0x28 /home/ibo/RD-Studies/rd_studies/STM32F411_FreeRTOS_Clockdrift/build/port.o
                0x00000000080008e0                SVC_Handler
 .text.prvPortStartFirstTask
                0x0000000008000908       0x28 /home/ibo/RD-Studies/rd_studies/STM32F411_FreeRTOS_Clockdrift/build/port.o
 .text.xPortStartScheduler
                0x0000000008000930      0x144 /home/ibo/RD-Studies/rd_studies/STM32F411_FreeRTOS_Clockdrift/build/port.o
                0x0000000008000930                xPortStartScheduler
 .text.vPortEnterCritical
                0x0000000008000a74       0x60 /home/ibo/RD-Studies/rd_studies/STM32F411_FreeRTOS_Clockdrift/build/port.o
                0x0000000008000a74                vPortEnterCritical
 .text.vPortExitCritical
                0x0000000008000ad4       0x54 /home/ibo/RD-Studies/rd_studies/STM32F411_FreeRTOS_Clockdrift/build/port.o
                0x0000000008000ad4                vPortExitCritical
 *fill*         0x0000000008000b28        0x8 
 .text.PendSV_Handler
                0x0000000008000b30       0x68 /home/ibo/RD-Studies/rd_studies/STM32F411_FreeRTOS_Clockdrift/build/port.o
                0x0000000008000b30                PendSV_Handler
 .text.xPortSysTickHandler
                0x0000000008000b98       0x44 /home/ibo/RD-Studies/rd_studies/STM32F411_FreeRTOS_Clockdrift/build/port.o
                0x0000000008000b98                xPortSysTickHandler
 .text.vPortSetupTimerInterrupt
                0x0000000008000bdc       0x48 /home/ibo/RD-Studies/rd_studies/STM32F411_FreeRTOS_Clockdrift/build/port.o
                0x0000000008000bdc                vPortSetupTimerInterrupt
 .text.vPortEnableVFP
                0x0000000008000c24       0x14 /home/ibo/RD-Studies/rd_studies/STM32F411_FreeRTOS_Clockdrift/build/port.o
 .text.vListInitialise
                0x0000000008000c38       0x40 /home/ibo/RD-Studies/rd_studies/STM32F411_FreeRTOS_Clockdrift/build/list.o
                0x0000000008000c38                vListInitialise
 .text.vListInitialiseItem
                0x0000000008000c78       0x1a /home/ibo/RD-Studies/rd_studies/STM32F411_FreeRTOS_Clockdrift/build/list.o
                0x0000000008000c78                vListInitialiseItem
 .text.vListInsertEnd
                0x0000000008000c92       0x48 /home/ibo/RD-Studies/rd_studies/STM32F411_FreeRTOS_Clockdrift/build/list.o
                0x0000000008000c92                vListInsertEnd
 .text.vListInsert
                0x0000000008000cda       0x72 /home/ibo/RD-Studies/rd_studies/STM32F411_FreeRTOS_Clockdrift/build/list.o
                0x0000000008000cda                vListInsert
 .text.uxListRemove
                0x0000000008000d4c       0x54 /home/ibo/RD-Studies/rd_studies/STM32F411_FreeRTOS_Clockdrift/build/list.o
                0x0000000008000d4c                uxListRemove
 .text.xTaskCreate
                0x0000000008000da0       0x82 /home/ibo/RD-Studies/rd_studies/STM32F411_FreeRTOS_Clockdrift/build/tasks.o
                0x0000000008000da0                xTaskCreate
 .text.prvInitialiseNewTask
                0x0000000008000e22      0x10e /home/ibo/RD-Studies/rd_studies/STM32F411_FreeRTOS_Clockdrift/build/tasks.o
 .text.prvAddNewTaskToReadyList
                0x0000000008000f30       0xd4 /home/ibo/RD-Studies/rd_studies/STM32F411_FreeRTOS_Clockdrift/build/tasks.o
 .text.vTaskDelay
                0x0000000008001004       0x68 /home/ibo/RD-Studies/rd_studies/STM32F411_FreeRTOS_Clockdrift/build/tasks.o
                0x0000000008001004                vTaskDelay
 .text.vTaskStartScheduler
                0x000000000800106c       0x90 /home/ibo/RD-Studies/rd_studies/STM32F411_FreeRTOS_Clockdrift/build/tasks.o
                0x000000000800106c                vTaskStartScheduler
 .text.vTaskSuspendAll
                0x00000000080010fc       0x1c /home/ibo/RD-Studies/rd_studies/STM32F411_FreeRTOS_Clockdrift/build/tasks.o
                0x00000000080010fc                vTaskSuspendAll
 .text.xTaskResumeAll
                0x0000000008001118      0x138 /home/ibo/RD-Studies/rd_studies/STM32F411_FreeRTOS_Clockdrift/build/tasks.o
                0x0000000008001118                xTaskResumeAll
 .text.xTaskIncrementTick
                0x0000000008001250      0x170 /home/ibo/RD-Studies/rd_studies/STM32F411_FreeRTOS_Clockdrift/build/tasks.o
                0x0000000008001250                xTaskIncrementTick
 .text.vTaskSwitchContext
                0x00000000080013c0       0xb8 /home/ibo/RD-Studies/rd_studies/STM32F411_FreeRTOS_Clockdrift/build/tasks.o
                0x00000000080013c0                vTaskSwitchContext
 .text.prvIdleTask
                0x0000000008001478       0x30 /home/ibo/RD-Studies/rd_studies/STM32F411_FreeRTOS_Clockdrift/build/tasks.o
 .text.prvInitialiseTaskLists
                0x00000000080014a8       0x80 /home/ibo/RD-Studies/rd_studies/STM32F411_FreeRTOS_Clockdrift/build/tasks.o
 .text.prvCheckTasksWaitingTermination
                0x0000000008001528       0x5c /home/ibo/RD-Studies/rd_studies/STM32F411_FreeRTOS_Clockdrift/build/tasks.o
 .text.prvDeleteTCB
                0x0000000008001584       0x20 /home/ibo/RD-Studies/rd_studies/STM32F411_FreeRTOS_Clockdrift/build/tasks.o
 .text.prvResetNextTaskUnblockTime
                0x00000000080015a4       0x40 /home/ibo/RD-Studies/rd_studies/STM32F411_FreeRTOS_Clockdrift/build/tasks.o
 .text.xTaskGetSchedulerState
                0x00000000080015e4       0x3c /home/ibo/RD-Studies/rd_studies/STM32F411_FreeRTOS_Clockdrift/build/tasks.o
                0x00000000080015e4                xTaskGetSchedulerState
 .text.prvAddCurrentTaskToDelayedList
                0x0000000008001620       0xcc /home/ibo/RD-Studies/rd_studies/STM32F411_FreeRTOS_Clockdrift/build/tasks.o
 .text.pvPortMalloc
                0x00000000080016ec      0x11c /home/ibo/RD-Studies/rd_studies/STM32F411_FreeRTOS_Clockdrift/build/heap_2.o
                0x00000000080016ec                pvPortMalloc
 .text.vPortFree
                0x0000000008001808       0x74 /home/ibo/RD-Studies/rd_studies/STM32F411_FreeRTOS_Clockdrift/build/heap_2.o
                0x0000000008001808                vPortFree
 .text.prvHeapInit
                0x000000000800187c       0x54 /home/ibo/RD-Studies/rd_studies/STM32F411_FreeRTOS_Clockdrift/build/heap_2.o
 .text.HAL_Init
                0x00000000080018d0       0x44 /home/ibo/RD-Studies/rd_studies/STM32F411_FreeRTOS_Clockdrift/build/stm32f4xx_hal.o
                0x00000000080018d0                HAL_Init
 .text.HAL_MspInit
                0x0000000008001914        0xe /home/ibo/RD-Studies/rd_studies/STM32F411_FreeRTOS_Clockdrift/build/stm32f4xx_hal.o
                0x0000000008001914                HAL_MspInit
 *fill*         0x0000000008001922        0x2 
 .text.HAL_InitTick
                0x0000000008001924       0x60 /home/ibo/RD-Studies/rd_studies/STM32F411_FreeRTOS_Clockdrift/build/stm32f4xx_hal.o
                0x0000000008001924                HAL_InitTick
 .text.HAL_IncTick
                0x0000000008001984       0x28 /home/ibo/RD-Studies/rd_studies/STM32F411_FreeRTOS_Clockdrift/build/stm32f4xx_hal.o
                0x0000000008001984                HAL_IncTick
 .text.HAL_GetTick
                0x00000000080019ac       0x18 /home/ibo/RD-Studies/rd_studies/STM32F411_FreeRTOS_Clockdrift/build/stm32f4xx_hal.o
                0x00000000080019ac                HAL_GetTick
 .text.NVIC_SetPriorityGrouping
                0x00000000080019c4       0x48 /home/ibo/RD-Studies/rd_studies/STM32F411_FreeRTOS_Clockdrift/build/stm32f4xx_hal_cortex.o
 .text.NVIC_GetPriorityGrouping
                0x0000000008001a0c       0x1c /home/ibo/RD-Studies/rd_studies/STM32F411_FreeRTOS_Clockdrift/build/stm32f4xx_hal_cortex.o
 .text.NVIC_SetPriority
                0x0000000008001a28       0x54 /home/ibo/RD-Studies/rd_studies/STM32F411_FreeRTOS_Clockdrift/build/stm32f4xx_hal_cortex.o
 .text.NVIC_EncodePriority
                0x0000000008001a7c       0x66 /home/ibo/RD-Studies/rd_studies/STM32F411_FreeRTOS_Clockdrift/build/stm32f4xx_hal_cortex.o
 *fill*         0x0000000008001ae2        0x2 
 .text.SysTick_Config
                0x0000000008001ae4       0x44 /home/ibo/RD-Studies/rd_studies/STM32F411_FreeRTOS_Clockdrift/build/stm32f4xx_hal_cortex.o
 .text.HAL_NVIC_SetPriorityGrouping
                0x0000000008001b28       0x16 /home/ibo/RD-Studies/rd_studies/STM32F411_FreeRTOS_Clockdrift/build/stm32f4xx_hal_cortex.o
                0x0000000008001b28                HAL_NVIC_SetPriorityGrouping
 .text.HAL_NVIC_SetPriority
                0x0000000008001b3e       0x38 /home/ibo/RD-Studies/rd_studies/STM32F411_FreeRTOS_Clockdrift/build/stm32f4xx_hal_cortex.o
                0x0000000008001b3e                HAL_NVIC_SetPriority
 .text.HAL_SYSTICK_Config
                0x0000000008001b76       0x18 /home/ibo/RD-Studies/rd_studies/STM32F411_FreeRTOS_Clockdrift/build/stm32f4xx_hal_cortex.o
                0x0000000008001b76                HAL_SYSTICK_Config
 *fill*         0x0000000008001b8e        0x2 
 .text.HAL_GPIO_Init
                0x0000000008001b90      0x308 /home/ibo/RD-Studies/rd_studies/STM32F411_FreeRTOS_Clockdrift/build/stm32f4xx_hal_gpio.o
                0x0000000008001b90                HAL_GPIO_Init
 .text.HAL_GPIO_ReadPin
                0x0000000008001e98       0x30 /home/ibo/RD-Studies/rd_studies/STM32F411_FreeRTOS_Clockdrift/build/stm32f4xx_hal_gpio.o
                0x0000000008001e98                HAL_GPIO_ReadPin
 .text.HAL_GPIO_WritePin
                0x0000000008001ec8       0x32 /home/ibo/RD-Studies/rd_studies/STM32F411_FreeRTOS_Clockdrift/build/stm32f4xx_hal_gpio.o
                0x0000000008001ec8                HAL_GPIO_WritePin
 .text.HAL_GPIO_TogglePin
                0x0000000008001efa       0x36 /home/ibo/RD-Studies/rd_studies/STM32F411_FreeRTOS_Clockdrift/build/stm32f4xx_hal_gpio.o
                0x0000000008001efa                HAL_GPIO_TogglePin
 .text.HAL_RCC_OscConfig
                0x0000000008001f30      0x484 /home/ibo/RD-Studies/rd_studies/STM32F411_FreeRTOS_Clockdrift/build/stm32f4xx_hal_rcc.o
                0x0000000008001f30                HAL_RCC_OscConfig
 .text.HAL_RCC_ClockConfig
                0x00000000080023b4      0x1c4 /home/ibo/RD-Studies/rd_studies/STM32F411_FreeRTOS_Clockdrift/build/stm32f4xx_hal_rcc.o
                0x00000000080023b4                HAL_RCC_ClockConfig
 .text.HAL_RCC_GetSysClockFreq
                0x0000000008002578      0x1c4 /home/ibo/RD-Studies/rd_studies/STM32F411_FreeRTOS_Clockdrift/build/stm32f4xx_hal_rcc.o
                0x0000000008002578                HAL_RCC_GetSysClockFreq
 .text.HAL_UART_Transmit
                0x000000000800273c      0x132 /home/ibo/RD-Studies/rd_studies/STM32F411_FreeRTOS_Clockdrift/build/stm32f4xx_hal_uart.o
                0x000000000800273c                HAL_UART_Transmit
 .text.UART_WaitOnFlagUntilTimeout
                0x000000000800286e       0x94 /home/ibo/RD-Studies/rd_studies/STM32F411_FreeRTOS_Clockdrift/build/stm32f4xx_hal_uart.o
 *fill*         0x0000000008002902        0x2 
 .text.Reset_Handler
                0x0000000008002904       0x50 /home/ibo/RD-Studies/rd_studies/STM32F411_FreeRTOS_Clockdrift/build/startup_stm32f411xe.o
                0x0000000008002904                Reset_Handler
 .text.Default_Handler
                0x0000000008002954        0x2 /home/ibo/RD-Studies/rd_studies/STM32F411_FreeRTOS_Clockdrift/build/startup_stm32f411xe.o
                0x0000000008002954                RTC_Alarm_IRQHandler
                0x0000000008002954                EXTI2_IRQHandler
                0x0000000008002954                SPI4_IRQHandler
                0x0000000008002954                TIM1_CC_IRQHandler
                0x0000000008002954                DMA2_Stream5_IRQHandler
                0x0000000008002954                DMA1_Stream5_IRQHandler
                0x0000000008002954                PVD_IRQHandler
                0x0000000008002954                SDIO_IRQHandler
                0x0000000008002954                TAMP_STAMP_IRQHandler
                0x0000000008002954                EXTI3_IRQHandler
                0x0000000008002954                TIM1_UP_TIM10_IRQHandler
                0x0000000008002954                I2C3_ER_IRQHandler
                0x0000000008002954                EXTI0_IRQHandler
                0x0000000008002954                I2C2_EV_IRQHandler
                0x0000000008002954                DMA1_Stream2_IRQHandler
                0x0000000008002954                FPU_IRQHandler
                0x0000000008002954                DMA2_Stream2_IRQHandler
                0x0000000008002954                SPI1_IRQHandler
                0x0000000008002954                TIM1_BRK_TIM9_IRQHandler
                0x0000000008002954                DMA2_Stream3_IRQHandler
                0x0000000008002954                USART6_IRQHandler
                0x0000000008002954                DMA2_Stream0_IRQHandler
                0x0000000008002954                TIM4_IRQHandler
                0x0000000008002954                I2C1_EV_IRQHandler
                0x0000000008002954                DMA1_Stream6_IRQHandler
                0x0000000008002954                DMA1_Stream1_IRQHandler
                0x0000000008002954                TIM3_IRQHandler
                0x0000000008002954                RCC_IRQHandler
                0x0000000008002954                Default_Handler
                0x0000000008002954                EXTI15_10_IRQHandler
                0x0000000008002954                ADC_IRQHandler
                0x0000000008002954                DMA1_Stream7_IRQHandler
                0x0000000008002954                SPI5_IRQHandler
                0x0000000008002954                TIM5_IRQHandler
                0x0000000008002954                DMA2_Stream7_IRQHandler
                0x0000000008002954                I2C3_EV_IRQHandler
                0x0000000008002954                EXTI9_5_IRQHandler
                0x0000000008002954                RTC_WKUP_IRQHandler
                0x0000000008002954                SPI2_IRQHandler
                0x0000000008002954                DMA1_Stream0_IRQHandler
                0x0000000008002954                EXTI4_IRQHandler
                0x0000000008002954                WWDG_IRQHandler
                0x0000000008002954                TIM2_IRQHandler
                0x0000000008002954                OTG_FS_WKUP_IRQHandler
                0x0000000008002954                TIM1_TRG_COM_TIM11_IRQHandler
                0x0000000008002954                EXTI1_IRQHandler
                0x0000000008002954                USART2_IRQHandler
                0x0000000008002954                I2C2_ER_IRQHandler
                0x0000000008002954                DMA2_Stream1_IRQHandler
                0x0000000008002954                FLASH_IRQHandler
                0x0000000008002954                DMA2_Stream4_IRQHandler
                0x0000000008002954                USART1_IRQHandler
                0x0000000008002954                OTG_FS_IRQHandler
                0x0000000008002954                SPI3_IRQHandler
                0x0000000008002954                DMA1_Stream4_IRQHandler
                0x0000000008002954                I2C1_ER_IRQHandler
                0x0000000008002954                DMA2_Stream6_IRQHandler
                0x0000000008002954                DMA1_Stream3_IRQHandler
 .text.__udivmoddi4
                0x0000000008002956      0x2aa /usr/lib/gcc/arm-none-eabi/9.1.0/thumb/v7e-m+fp/hard/libgcc.a(_udivmoddi4.o)
                0x0000000008002956                __udivmoddi4
 *(.glue_7)
 .glue_7        0x0000000008002c00        0x0 linker stubs
 *(.glue_7t)
 .glue_7t       0x0000000008002c00        0x0 linker stubs
 *(.eh_frame)
 .eh_frame      0x0000000008002c00        0x0 /usr/lib/gcc/arm-none-eabi/9.1.0/thumb/v7e-m+fp/hard/crtbegin.o
 *(.init)
 .init          0x0000000008002c00        0x4 /usr/lib/gcc/arm-none-eabi/9.1.0/thumb/v7e-m+fp/hard/crti.o
                0x0000000008002c00                _init
 .init          0x0000000008002c04        0x8 /usr/lib/gcc/arm-none-eabi/9.1.0/thumb/v7e-m+fp/hard/crtn.o
 *(.fini)
 .fini          0x0000000008002c0c        0x4 /usr/lib/gcc/arm-none-eabi/9.1.0/thumb/v7e-m+fp/hard/crti.o
                0x0000000008002c0c                _fini
 .fini          0x0000000008002c10        0x8 /usr/lib/gcc/arm-none-eabi/9.1.0/thumb/v7e-m+fp/hard/crtn.o
                0x0000000008002c18                . = ALIGN (0x4)
                0x0000000008002c18                _etext = .

.vfp11_veneer   0x0000000008002c18        0x0
 .vfp11_veneer  0x0000000008002c18        0x0 linker stubs

.v4_bx          0x0000000008002c18        0x0
 .v4_bx         0x0000000008002c18        0x0 linker stubs

.iplt           0x0000000008002c18        0x0
 .iplt          0x0000000008002c18        0x0 /usr/lib/gcc/arm-none-eabi/9.1.0/thumb/v7e-m+fp/hard/crtbegin.o

.rodata         0x0000000008002c18       0x38
                0x0000000008002c18                . = ALIGN (0x4)
 *(.rodata)
 .rodata        0x0000000008002c18       0x1a /home/ibo/RD-Studies/rd_studies/STM32F411_FreeRTOS_Clockdrift/build/main.o
 *fill*         0x0000000008002c32        0x2 
 .rodata        0x0000000008002c34        0x5 /home/ibo/RD-Studies/rd_studies/STM32F411_FreeRTOS_Clockdrift/build/tasks.o
 *(.rodata*)
 *fill*         0x0000000008002c39        0x3 
 .rodata._global_impure_ptr
                0x0000000008002c3c        0x4 /usr/lib/gcc/arm-none-eabi/9.1.0/../../../../arm-none-eabi/lib/thumb/v7e-m+fp/hard/libc.a(lib_a-impure.o)
                0x0000000008002c3c                _global_impure_ptr
 .rodata.AHBPrescTable
                0x0000000008002c40       0x10 /home/ibo/RD-Studies/rd_studies/STM32F411_FreeRTOS_Clockdrift/build/system_stm32f4xx.o
                0x0000000008002c40                AHBPrescTable
                0x0000000008002c50                . = ALIGN (0x4)

.ARM.extab
 *(.ARM.extab* .gnu.linkonce.armextab.*)

.ARM            0x0000000008002c50        0x8
                0x0000000008002c50                __exidx_start = .
 *(.ARM.exidx*)
 .ARM.exidx.text.__udivmoddi4
                0x0000000008002c50        0x8 /usr/lib/gcc/arm-none-eabi/9.1.0/thumb/v7e-m+fp/hard/libgcc.a(_udivmoddi4.o)
                0x0000000008002c58                __exidx_end = .

.rel.dyn        0x0000000008002c58        0x0
 .rel.iplt      0x0000000008002c58        0x0 /usr/lib/gcc/arm-none-eabi/9.1.0/thumb/v7e-m+fp/hard/crtbegin.o

.preinit_array  0x0000000008002c58        0x0
                0x0000000008002c58                PROVIDE (__preinit_array_start = .)
 *(.preinit_array*)
                0x0000000008002c58                PROVIDE (__preinit_array_end = .)

.init_array     0x0000000008002c58        0x8
                0x0000000008002c58                PROVIDE (__init_array_start = .)
 *(SORT_BY_NAME(.init_array.*))
 .init_array.00000
                0x0000000008002c58        0x4 /usr/lib/gcc/arm-none-eabi/9.1.0/../../../../arm-none-eabi/lib/thumb/v7e-m+fp/hard/libc.a(lib_a-__call_atexit.o)
 *(.init_array*)
 .init_array    0x0000000008002c5c        0x4 /usr/lib/gcc/arm-none-eabi/9.1.0/thumb/v7e-m+fp/hard/crtbegin.o
                0x0000000008002c60                PROVIDE (__init_array_end = .)

.fini_array     0x0000000008002c60        0x4
                0x0000000008002c60                PROVIDE (__fini_array_start = .)
 *(SORT_BY_NAME(.fini_array.*))
 *(.fini_array*)
 .fini_array    0x0000000008002c60        0x4 /usr/lib/gcc/arm-none-eabi/9.1.0/thumb/v7e-m+fp/hard/crtbegin.o
                0x0000000008002c64                PROVIDE (__fini_array_end = .)
                0x0000000008002c64                _sidata = LOADADDR (.data)

.data           0x0000000020000000      0x43c load address 0x0000000008002c64
                0x0000000020000000                . = ALIGN (0x4)
                0x0000000020000000                _sdata = .
 *(.data)
 *(.data*)
 .data.impure_data
                0x0000000020000000      0x428 /usr/lib/gcc/arm-none-eabi/9.1.0/../../../../arm-none-eabi/lib/thumb/v7e-m+fp/hard/libc.a(lib_a-impure.o)
 .data.SystemCoreClock
                0x0000000020000428        0x4 /home/ibo/RD-Studies/rd_studies/STM32F411_FreeRTOS_Clockdrift/build/system_stm32f4xx.o
                0x0000000020000428                SystemCoreClock
 .data.uxCriticalNesting
                0x000000002000042c        0x4 /home/ibo/RD-Studies/rd_studies/STM32F411_FreeRTOS_Clockdrift/build/port.o
 .data.xFreeBytesRemaining
                0x0000000020000430        0x4 /home/ibo/RD-Studies/rd_studies/STM32F411_FreeRTOS_Clockdrift/build/heap_2.o
 .data.uwTickPrio
                0x0000000020000434        0x4 /home/ibo/RD-Studies/rd_studies/STM32F411_FreeRTOS_Clockdrift/build/stm32f4xx_hal.o
                0x0000000020000434                uwTickPrio
 .data.uwTickFreq
                0x0000000020000438        0x1 /home/ibo/RD-Studies/rd_studies/STM32F411_FreeRTOS_Clockdrift/build/stm32f4xx_hal.o
                0x0000000020000438                uwTickFreq
                0x000000002000043c                . = ALIGN (0x4)
 *fill*         0x0000000020000439        0x3 
                0x000000002000043c                _edata = .

.igot.plt       0x000000002000043c        0x0 load address 0x00000000080030a0
 .igot.plt      0x000000002000043c        0x0 /usr/lib/gcc/arm-none-eabi/9.1.0/thumb/v7e-m+fp/hard/crtbegin.o
                0x000000002000043c                . = ALIGN (0x4)

.bss            0x000000002000043c     0x3da8 load address 0x00000000080030a0
                0x000000002000043c                _sbss = .
                0x000000002000043c                __bss_start__ = _sbss
 *(.bss)
 *(.bss*)
 .bss.completed.10251
                0x000000002000043c        0x1 /usr/lib/gcc/arm-none-eabi/9.1.0/thumb/v7e-m+fp/hard/crtbegin.o
 *fill*         0x000000002000043d        0x3 
 .bss.object.10256
                0x0000000020000440       0x18 /usr/lib/gcc/arm-none-eabi/9.1.0/thumb/v7e-m+fp/hard/crtbegin.o
 .bss.ucMaxSysCallPriority
                0x0000000020000458        0x1 /home/ibo/RD-Studies/rd_studies/STM32F411_FreeRTOS_Clockdrift/build/port.o
 *fill*         0x0000000020000459        0x3 
 .bss.ulMaxPRIGROUPValue
                0x000000002000045c        0x4 /home/ibo/RD-Studies/rd_studies/STM32F411_FreeRTOS_Clockdrift/build/port.o
 .bss.pxCurrentTCB
                0x0000000020000460        0x4 /home/ibo/RD-Studies/rd_studies/STM32F411_FreeRTOS_Clockdrift/build/tasks.o
                0x0000000020000460                pxCurrentTCB
 .bss.pxReadyTasksLists
                0x0000000020000464       0x8c /home/ibo/RD-Studies/rd_studies/STM32F411_FreeRTOS_Clockdrift/build/tasks.o
 .bss.xDelayedTaskList1
                0x00000000200004f0       0x14 /home/ibo/RD-Studies/rd_studies/STM32F411_FreeRTOS_Clockdrift/build/tasks.o
 .bss.xDelayedTaskList2
                0x0000000020000504       0x14 /home/ibo/RD-Studies/rd_studies/STM32F411_FreeRTOS_Clockdrift/build/tasks.o
 .bss.pxDelayedTaskList
                0x0000000020000518        0x4 /home/ibo/RD-Studies/rd_studies/STM32F411_FreeRTOS_Clockdrift/build/tasks.o
 .bss.pxOverflowDelayedTaskList
                0x000000002000051c        0x4 /home/ibo/RD-Studies/rd_studies/STM32F411_FreeRTOS_Clockdrift/build/tasks.o
 .bss.xPendingReadyList
                0x0000000020000520       0x14 /home/ibo/RD-Studies/rd_studies/STM32F411_FreeRTOS_Clockdrift/build/tasks.o
 .bss.xTasksWaitingTermination
                0x0000000020000534       0x14 /home/ibo/RD-Studies/rd_studies/STM32F411_FreeRTOS_Clockdrift/build/tasks.o
 .bss.uxDeletedTasksWaitingCleanUp
                0x0000000020000548        0x4 /home/ibo/RD-Studies/rd_studies/STM32F411_FreeRTOS_Clockdrift/build/tasks.o
 .bss.xSuspendedTaskList
                0x000000002000054c       0x14 /home/ibo/RD-Studies/rd_studies/STM32F411_FreeRTOS_Clockdrift/build/tasks.o
 .bss.uxCurrentNumberOfTasks
                0x0000000020000560        0x4 /home/ibo/RD-Studies/rd_studies/STM32F411_FreeRTOS_Clockdrift/build/tasks.o
 .bss.xTickCount
                0x0000000020000564        0x4 /home/ibo/RD-Studies/rd_studies/STM32F411_FreeRTOS_Clockdrift/build/tasks.o
 .bss.uxTopReadyPriority
                0x0000000020000568        0x4 /home/ibo/RD-Studies/rd_studies/STM32F411_FreeRTOS_Clockdrift/build/tasks.o
 .bss.xSchedulerRunning
                0x000000002000056c        0x4 /home/ibo/RD-Studies/rd_studies/STM32F411_FreeRTOS_Clockdrift/build/tasks.o
 .bss.uxPendedTicks
                0x0000000020000570        0x4 /home/ibo/RD-Studies/rd_studies/STM32F411_FreeRTOS_Clockdrift/build/tasks.o
 .bss.xYieldPending
                0x0000000020000574        0x4 /home/ibo/RD-Studies/rd_studies/STM32F411_FreeRTOS_Clockdrift/build/tasks.o
 .bss.xNumOfOverflows
                0x0000000020000578        0x4 /home/ibo/RD-Studies/rd_studies/STM32F411_FreeRTOS_Clockdrift/build/tasks.o
 .bss.uxTaskNumber
                0x000000002000057c        0x4 /home/ibo/RD-Studies/rd_studies/STM32F411_FreeRTOS_Clockdrift/build/tasks.o
 .bss.xNextTaskUnblockTime
                0x0000000020000580        0x4 /home/ibo/RD-Studies/rd_studies/STM32F411_FreeRTOS_Clockdrift/build/tasks.o
 .bss.xIdleTaskHandle
                0x0000000020000584        0x4 /home/ibo/RD-Studies/rd_studies/STM32F411_FreeRTOS_Clockdrift/build/tasks.o
 .bss.uxSchedulerSuspended
                0x0000000020000588        0x4 /home/ibo/RD-Studies/rd_studies/STM32F411_FreeRTOS_Clockdrift/build/tasks.o
 .bss.ucHeap    0x000000002000058c     0x3c00 /home/ibo/RD-Studies/rd_studies/STM32F411_FreeRTOS_Clockdrift/build/heap_2.o
 .bss.xStart    0x000000002000418c        0x8 /home/ibo/RD-Studies/rd_studies/STM32F411_FreeRTOS_Clockdrift/build/heap_2.o
 .bss.xEnd      0x0000000020004194        0x8 /home/ibo/RD-Studies/rd_studies/STM32F411_FreeRTOS_Clockdrift/build/heap_2.o
 .bss.xHeapHasBeenInitialised.6505
                0x000000002000419c        0x4 /home/ibo/RD-Studies/rd_studies/STM32F411_FreeRTOS_Clockdrift/build/heap_2.o
 *(COMMON)
 COMMON         0x00000000200041a0       0x40 /home/ibo/RD-Studies/rd_studies/STM32F411_FreeRTOS_Clockdrift/build/main.o
                0x00000000200041a0                huart1
 COMMON         0x00000000200041e0        0x4 /home/ibo/RD-Studies/rd_studies/STM32F411_FreeRTOS_Clockdrift/build/stm32f4xx_hal.o
                0x00000000200041e0                uwTick
                0x00000000200041e4                . = ALIGN (0x4)
                0x00000000200041e4                _ebss = .
                0x00000000200041e4                __bss_end__ = _ebss

._user_heap_stack
                0x00000000200041e4      0x604 load address 0x00000000080030a0
                0x00000000200041e8                . = ALIGN (0x8)
 *fill*         0x00000000200041e4        0x4 
                0x00000000200041e8                PROVIDE (end = .)
                [!provide]                        PROVIDE (_end = .)
                0x00000000200043e8                . = (. + _Min_Heap_Size)
 *fill*         0x00000000200041e8      0x200 
                0x00000000200047e8                . = (. + _Min_Stack_Size)
 *fill*         0x00000000200043e8      0x400 
                0x00000000200047e8                . = ALIGN (0x8)

/DISCARD/
 libc.a(*)
 libm.a(*)
 libgcc.a(*)

.ARM.attributes
                0x0000000000000000       0x30
 *(.ARM.attributes)
 .ARM.attributes
                0x0000000000000000       0x1e /usr/lib/gcc/arm-none-eabi/9.1.0/thumb/v7e-m+fp/hard/crti.o
 .ARM.attributes
                0x000000000000001e       0x34 /usr/lib/gcc/arm-none-eabi/9.1.0/thumb/v7e-m+fp/hard/crtbegin.o
 .ARM.attributes
                0x0000000000000052       0x34 /home/ibo/RD-Studies/rd_studies/STM32F411_FreeRTOS_Clockdrift/build/stm32f4xx_it.o
 .ARM.attributes
                0x0000000000000086       0x34 /home/ibo/RD-Studies/rd_studies/STM32F411_FreeRTOS_Clockdrift/build/system_stm32f4xx.o
 .ARM.attributes
                0x00000000000000ba       0x34 /home/ibo/RD-Studies/rd_studies/STM32F411_FreeRTOS_Clockdrift/build/main.o
 .ARM.attributes
                0x00000000000000ee       0x34 /home/ibo/RD-Studies/rd_studies/STM32F411_FreeRTOS_Clockdrift/build/port.o
 .ARM.attributes
                0x0000000000000122       0x34 /home/ibo/RD-Studies/rd_studies/STM32F411_FreeRTOS_Clockdrift/build/list.o
 .ARM.attributes
                0x0000000000000156       0x34 /home/ibo/RD-Studies/rd_studies/STM32F411_FreeRTOS_Clockdrift/build/tasks.o
 .ARM.attributes
                0x000000000000018a       0x34 /home/ibo/RD-Studies/rd_studies/STM32F411_FreeRTOS_Clockdrift/build/heap_2.o
 .ARM.attributes
                0x00000000000001be       0x34 /home/ibo/RD-Studies/rd_studies/STM32F411_FreeRTOS_Clockdrift/build/stm32f4xx_hal.o
 .ARM.attributes
                0x00000000000001f2       0x34 /home/ibo/RD-Studies/rd_studies/STM32F411_FreeRTOS_Clockdrift/build/stm32f4xx_hal_cortex.o
 .ARM.attributes
                0x0000000000000226       0x34 /home/ibo/RD-Studies/rd_studies/STM32F411_FreeRTOS_Clockdrift/build/stm32f4xx_hal_gpio.o
 .ARM.attributes
                0x000000000000025a       0x34 /home/ibo/RD-Studies/rd_studies/STM32F411_FreeRTOS_Clockdrift/build/stm32f4xx_hal_rcc.o
 .ARM.attributes
                0x000000000000028e       0x34 /home/ibo/RD-Studies/rd_studies/STM32F411_FreeRTOS_Clockdrift/build/stm32f4xx_hal_uart.o
 .ARM.attributes
                0x00000000000002c2       0x21 /home/ibo/RD-Studies/rd_studies/STM32F411_FreeRTOS_Clockdrift/build/startup_stm32f411xe.o
 .ARM.attributes
                0x00000000000002e3       0x1c /usr/lib/gcc/arm-none-eabi/9.1.0/../../../../arm-none-eabi/lib/thumb/v7e-m+fp/hard/libc.a(lib_a-strlen.o)
 .ARM.attributes
                0x00000000000002ff       0x1e /usr/lib/gcc/arm-none-eabi/9.1.0/thumb/v7e-m+fp/hard/libgcc.a(_aeabi_uldivmod.o)
 .ARM.attributes
                0x000000000000031d       0x34 /usr/lib/gcc/arm-none-eabi/9.1.0/thumb/v7e-m+fp/hard/libgcc.a(_udivmoddi4.o)
 .ARM.attributes
                0x0000000000000351       0x1e /usr/lib/gcc/arm-none-eabi/9.1.0/thumb/v7e-m+fp/hard/libgcc.a(_dvmd_tls.o)
 .ARM.attributes
                0x000000000000036f       0x1e /usr/lib/gcc/arm-none-eabi/9.1.0/thumb/v7e-m+fp/hard/crtn.o
LOAD /home/ibo/RD-Studies/rd_studies/STM32F411_FreeRTOS_Clockdrift/build/stm32f4xx_it.o
LOAD /home/ibo/RD-Studies/rd_studies/STM32F411_FreeRTOS_Clockdrift/build/system_stm32f4xx.o
LOAD /home/ibo/RD-Studies/rd_studies/STM32F411_FreeRTOS_Clockdrift/build/main.o
LOAD /home/ibo/RD-Studies/rd_studies/STM32F411_FreeRTOS_Clockdrift/build/syscalls.o
LOAD /home/ibo/RD-Studies/rd_studies/STM32F411_FreeRTOS_Clockdrift/build/port.o
LOAD /home/ibo/RD-Studies/rd_studies/STM32F411_FreeRTOS_Clockdrift/build/list.o
LOAD /home/ibo/RD-Studies/rd_studies/STM32F411_FreeRTOS_Clockdrift/build/queue.o
LOAD /home/ibo/RD-Studies/rd_studies/STM32F411_FreeRTOS_Clockdrift/build/tasks.o
LOAD /home/ibo/RD-Studies/rd_studies/STM32F411_FreeRTOS_Clockdrift/build/event_groups.o
LOAD /home/ibo/RD-Studies/rd_studies/STM32F411_FreeRTOS_Clockdrift/build/timers.o
LOAD /home/ibo/RD-Studies/rd_studies/STM32F411_FreeRTOS_Clockdrift/build/heap_2.o
LOAD /home/ibo/RD-Studies/rd_studies/STM32F411_FreeRTOS_Clockdrift/build/stm32f4xx_hal.o
LOAD /home/ibo/RD-Studies/rd_studies/STM32F411_FreeRTOS_Clockdrift/build/stm32f4xx_hal_adc.o
LOAD /home/ibo/RD-Studies/rd_studies/STM32F411_FreeRTOS_Clockdrift/build/stm32f4xx_hal_adc_ex.o
LOAD /home/ibo/RD-Studies/rd_studies/STM32F411_FreeRTOS_Clockdrift/build/stm32f4xx_hal_can.o
LOAD /home/ibo/RD-Studies/rd_studies/STM32F411_FreeRTOS_Clockdrift/build/stm32f4xx_hal_cec.o
LOAD /home/ibo/RD-Studies/rd_studies/STM32F411_FreeRTOS_Clockdrift/build/stm32f4xx_hal_cortex.o
LOAD /home/ibo/RD-Studies/rd_studies/STM32F411_FreeRTOS_Clockdrift/build/stm32f4xx_hal_crc.o
LOAD /home/ibo/RD-Studies/rd_studies/STM32F411_FreeRTOS_Clockdrift/build/stm32f4xx_hal_cryp.o
LOAD /home/ibo/RD-Studies/rd_studies/STM32F411_FreeRTOS_Clockdrift/build/stm32f4xx_hal_cryp_ex.o
LOAD /home/ibo/RD-Studies/rd_studies/STM32F411_FreeRTOS_Clockdrift/build/stm32f4xx_hal_dac.o
LOAD /home/ibo/RD-Studies/rd_studies/STM32F411_FreeRTOS_Clockdrift/build/stm32f4xx_hal_dac_ex.o
LOAD /home/ibo/RD-Studies/rd_studies/STM32F411_FreeRTOS_Clockdrift/build/stm32f4xx_hal_dcmi.o
LOAD /home/ibo/RD-Studies/rd_studies/STM32F411_FreeRTOS_Clockdrift/build/stm32f4xx_hal_dcmi_ex.o
LOAD /home/ibo/RD-Studies/rd_studies/STM32F411_FreeRTOS_Clockdrift/build/stm32f4xx_hal_dfsdm.o
LOAD /home/ibo/RD-Studies/rd_studies/STM32F411_FreeRTOS_Clockdrift/build/stm32f4xx_hal_dma.o
LOAD /home/ibo/RD-Studies/rd_studies/STM32F411_FreeRTOS_Clockdrift/build/stm32f4xx_hal_dma2d.o
LOAD /home/ibo/RD-Studies/rd_studies/STM32F411_FreeRTOS_Clockdrift/build/stm32f4xx_hal_dma_ex.o
LOAD /home/ibo/RD-Studies/rd_studies/STM32F411_FreeRTOS_Clockdrift/build/stm32f4xx_hal_dsi.o
LOAD /home/ibo/RD-Studies/rd_studies/STM32F411_FreeRTOS_Clockdrift/build/stm32f4xx_hal_eth.o
LOAD /home/ibo/RD-Studies/rd_studies/STM32F411_FreeRTOS_Clockdrift/build/stm32f4xx_hal_exti.o
LOAD /home/ibo/RD-Studies/rd_studies/STM32F411_FreeRTOS_Clockdrift/build/stm32f4xx_hal_flash.o
LOAD /home/ibo/RD-Studies/rd_studies/STM32F411_FreeRTOS_Clockdrift/build/stm32f4xx_hal_flash_ex.o
LOAD /home/ibo/RD-Studies/rd_studies/STM32F411_FreeRTOS_Clockdrift/build/stm32f4xx_hal_flash_ramfunc.o
LOAD /home/ibo/RD-Studies/rd_studies/STM32F411_FreeRTOS_Clockdrift/build/stm32f4xx_hal_fmpi2c.o
LOAD /home/ibo/RD-Studies/rd_studies/STM32F411_FreeRTOS_Clockdrift/build/stm32f4xx_hal_gpio.o
LOAD /home/ibo/RD-Studies/rd_studies/STM32F411_FreeRTOS_Clockdrift/build/stm32f4xx_hal_hash.o
LOAD /home/ibo/RD-Studies/rd_studies/STM32F411_FreeRTOS_Clockdrift/build/stm32f4xx_hal_hash_ex.o
LOAD /home/ibo/RD-Studies/rd_studies/STM32F411_FreeRTOS_Clockdrift/build/stm32f4xx_hal_hcd.o
LOAD /home/ibo/RD-Studies/rd_studies/STM32F411_FreeRTOS_Clockdrift/build/stm32f4xx_hal_i2c.o
LOAD /home/ibo/RD-Studies/rd_studies/STM32F411_FreeRTOS_Clockdrift/build/stm32f4xx_hal_i2c_ex.o
LOAD /home/ibo/RD-Studies/rd_studies/STM32F411_FreeRTOS_Clockdrift/build/stm32f4xx_hal_i2s.o
LOAD /home/ibo/RD-Studies/rd_studies/STM32F411_FreeRTOS_Clockdrift/build/stm32f4xx_hal_i2s_ex.o
LOAD /home/ibo/RD-Studies/rd_studies/STM32F411_FreeRTOS_Clockdrift/build/stm32f4xx_hal_irda.o
LOAD /home/ibo/RD-Studies/rd_studies/STM32F411_FreeRTOS_Clockdrift/build/stm32f4xx_hal_iwdg.o
LOAD /home/ibo/RD-Studies/rd_studies/STM32F411_FreeRTOS_Clockdrift/build/stm32f4xx_hal_lptim.o
LOAD /home/ibo/RD-Studies/rd_studies/STM32F411_FreeRTOS_Clockdrift/build/stm32f4xx_hal_ltdc.o
LOAD /home/ibo/RD-Studies/rd_studies/STM32F411_FreeRTOS_Clockdrift/build/stm32f4xx_hal_ltdc_ex.o
LOAD /home/ibo/RD-Studies/rd_studies/STM32F411_FreeRTOS_Clockdrift/build/stm32f4xx_hal_mmc.o
LOAD /home/ibo/RD-Studies/rd_studies/STM32F411_FreeRTOS_Clockdrift/build/stm32f4xx_hal_nand.o
LOAD /home/ibo/RD-Studies/rd_studies/STM32F411_FreeRTOS_Clockdrift/build/stm32f4xx_hal_nor.o
LOAD /home/ibo/RD-Studies/rd_studies/STM32F411_FreeRTOS_Clockdrift/build/stm32f4xx_hal_pccard.o
LOAD /home/ibo/RD-Studies/rd_studies/STM32F411_FreeRTOS_Clockdrift/build/stm32f4xx_hal_pcd.o
LOAD /home/ibo/RD-Studies/rd_studies/STM32F411_FreeRTOS_Clockdrift/build/stm32f4xx_hal_pcd_ex.o
LOAD /home/ibo/RD-Studies/rd_studies/STM32F411_FreeRTOS_Clockdrift/build/stm32f4xx_hal_pwr.o
LOAD /home/ibo/RD-Studies/rd_studies/STM32F411_FreeRTOS_Clockdrift/build/stm32f4xx_hal_pwr_ex.o
LOAD /home/ibo/RD-Studies/rd_studies/STM32F411_FreeRTOS_Clockdrift/build/stm32f4xx_hal_qspi.o
LOAD /home/ibo/RD-Studies/rd_studies/STM32F411_FreeRTOS_Clockdrift/build/stm32f4xx_hal_rcc.o
LOAD /home/ibo/RD-Studies/rd_studies/STM32F411_FreeRTOS_Clockdrift/build/stm32f4xx_hal_rcc_ex.o
LOAD /home/ibo/RD-Studies/rd_studies/STM32F411_FreeRTOS_Clockdrift/build/stm32f4xx_hal_rng.o
LOAD /home/ibo/RD-Studies/rd_studies/STM32F411_FreeRTOS_Clockdrift/build/stm32f4xx_hal_rtc.o
LOAD /home/ibo/RD-Studies/rd_studies/STM32F411_FreeRTOS_Clockdrift/build/stm32f4xx_hal_rtc_ex.o
LOAD /home/ibo/RD-Studies/rd_studies/STM32F411_FreeRTOS_Clockdrift/build/stm32f4xx_hal_sai.o
LOAD /home/ibo/RD-Studies/rd_studies/STM32F411_FreeRTOS_Clockdrift/build/stm32f4xx_hal_sai_ex.o
LOAD /home/ibo/RD-Studies/rd_studies/STM32F411_FreeRTOS_Clockdrift/build/stm32f4xx_hal_sd.o
LOAD /home/ibo/RD-Studies/rd_studies/STM32F411_FreeRTOS_Clockdrift/build/stm32f4xx_hal_sdram.o
LOAD /home/ibo/RD-Studies/rd_studies/STM32F411_FreeRTOS_Clockdrift/build/stm32f4xx_hal_smartcard.o
LOAD /home/ibo/RD-Studies/rd_studies/STM32F411_FreeRTOS_Clockdrift/build/stm32f4xx_hal_smbus.o
LOAD /home/ibo/RD-Studies/rd_studies/STM32F411_FreeRTOS_Clockdrift/build/stm32f4xx_hal_spdifrx.o
LOAD /home/ibo/RD-Studies/rd_studies/STM32F411_FreeRTOS_Clockdrift/build/stm32f4xx_hal_spi.o
LOAD /home/ibo/RD-Studies/rd_studies/STM32F411_FreeRTOS_Clockdrift/build/stm32f4xx_hal_sram.o
LOAD /home/ibo/RD-Studies/rd_studies/STM32F411_FreeRTOS_Clockdrift/build/stm32f4xx_hal_tim.o
LOAD /home/ibo/RD-Studies/rd_studies/STM32F411_FreeRTOS_Clockdrift/build/stm32f4xx_hal_tim_ex.o
LOAD /home/ibo/RD-Studies/rd_studies/STM32F411_FreeRTOS_Clockdrift/build/stm32f4xx_hal_uart.o
LOAD /home/ibo/RD-Studies/rd_studies/STM32F411_FreeRTOS_Clockdrift/build/stm32f4xx_hal_usart.o
LOAD /home/ibo/RD-Studies/rd_studies/STM32F411_FreeRTOS_Clockdrift/build/stm32f4xx_hal_wwdg.o
LOAD /home/ibo/RD-Studies/rd_studies/STM32F411_FreeRTOS_Clockdrift/build/stm32f4xx_ll_adc.o
LOAD /home/ibo/RD-Studies/rd_studies/STM32F411_FreeRTOS_Clockdrift/build/stm32f4xx_ll_crc.o
LOAD /home/ibo/RD-Studies/rd_studies/STM32F411_FreeRTOS_Clockdrift/build/stm32f4xx_ll_dac.o
LOAD /home/ibo/RD-Studies/rd_studies/STM32F411_FreeRTOS_Clockdrift/build/stm32f4xx_ll_dma.o
LOAD /home/ibo/RD-Studies/rd_studies/STM32F411_FreeRTOS_Clockdrift/build/stm32f4xx_ll_dma2d.o
LOAD /home/ibo/RD-Studies/rd_studies/STM32F411_FreeRTOS_Clockdrift/build/stm32f4xx_ll_exti.o
LOAD /home/ibo/RD-Studies/rd_studies/STM32F411_FreeRTOS_Clockdrift/build/stm32f4xx_ll_fmc.o
LOAD /home/ibo/RD-Studies/rd_studies/STM32F411_FreeRTOS_Clockdrift/build/stm32f4xx_ll_fsmc.o
LOAD /home/ibo/RD-Studies/rd_studies/STM32F411_FreeRTOS_Clockdrift/build/stm32f4xx_ll_gpio.o
LOAD /home/ibo/RD-Studies/rd_studies/STM32F411_FreeRTOS_Clockdrift/build/stm32f4xx_ll_i2c.o
LOAD /home/ibo/RD-Studies/rd_studies/STM32F411_FreeRTOS_Clockdrift/build/stm32f4xx_ll_lptim.o
LOAD /home/ibo/RD-Studies/rd_studies/STM32F411_FreeRTOS_Clockdrift/build/stm32f4xx_ll_pwr.o
LOAD /home/ibo/RD-Studies/rd_studies/STM32F411_FreeRTOS_Clockdrift/build/stm32f4xx_ll_rcc.o
LOAD /home/ibo/RD-Studies/rd_studies/STM32F411_FreeRTOS_Clockdrift/build/stm32f4xx_ll_rng.o
LOAD /home/ibo/RD-Studies/rd_studies/STM32F411_FreeRTOS_Clockdrift/build/stm32f4xx_ll_rtc.o
LOAD /home/ibo/RD-Studies/rd_studies/STM32F411_FreeRTOS_Clockdrift/build/stm32f4xx_ll_sdmmc.o
LOAD /home/ibo/RD-Studies/rd_studies/STM32F411_FreeRTOS_Clockdrift/build/stm32f4xx_ll_spi.o
LOAD /home/ibo/RD-Studies/rd_studies/STM32F411_FreeRTOS_Clockdrift/build/stm32f4xx_ll_tim.o
LOAD /home/ibo/RD-Studies/rd_studies/STM32F411_FreeRTOS_Clockdrift/build/stm32f4xx_ll_usart.o
LOAD /home/ibo/RD-Studies/rd_studies/STM32F411_FreeRTOS_Clockdrift/build/stm32f4xx_ll_usb.o
LOAD /home/ibo/RD-Studies/rd_studies/STM32F411_FreeRTOS_Clockdrift/build/stm32f4xx_ll_utils.o
LOAD /home/ibo/RD-Studies/rd_studies/STM32F411_FreeRTOS_Clockdrift/build/startup_stm32f411xe.o
LOAD /usr/lib/gcc/arm-none-eabi/9.1.0/../../../../arm-none-eabi/lib/thumb/v7e-m+fp/hard/libm.a
LOAD /usr/lib/gcc/arm-none-eabi/9.1.0/../../../../arm-none-eabi/lib/thumb/v7e-m+fp/hard/libc.a
LOAD /usr/lib/gcc/arm-none-eabi/9.1.0/thumb/v7e-m+fp/hard/libgcc.a
START GROUP
LOAD /usr/lib/gcc/arm-none-eabi/9.1.0/thumb/v7e-m+fp/hard/libgcc.a
LOAD /usr/lib/gcc/arm-none-eabi/9.1.0/../../../../arm-none-eabi/lib/thumb/v7e-m+fp/hard/libc.a
END GROUP
LOAD /usr/lib/gcc/arm-none-eabi/9.1.0/thumb/v7e-m+fp/hard/crtend.o
LOAD /usr/lib/gcc/arm-none-eabi/9.1.0/thumb/v7e-m+fp/hard/crtn.o
OUTPUT(/home/ibo/RD-Studies/rd_studies/STM32F411_FreeRTOS_Clockdrift/binary/FreeRTOS.elf elf32-littlearm)

.debug_info     0x0000000000000000     0x94c4
 .debug_info    0x0000000000000000      0x1aa /home/ibo/RD-Studies/rd_studies/STM32F411_FreeRTOS_Clockdrift/build/stm32f4xx_it.o
 .debug_info    0x00000000000001aa      0x56e /home/ibo/RD-Studies/rd_studies/STM32F411_FreeRTOS_Clockdrift/build/system_stm32f4xx.o
 .debug_info    0x0000000000000718     0x14c1 /home/ibo/RD-Studies/rd_studies/STM32F411_FreeRTOS_Clockdrift/build/main.o
 .debug_info    0x0000000000001bd9      0x4e6 /home/ibo/RD-Studies/rd_studies/STM32F411_FreeRTOS_Clockdrift/build/port.o
 .debug_info    0x00000000000020bf      0xb6c /home/ibo/RD-Studies/rd_studies/STM32F411_FreeRTOS_Clockdrift/build/list.o
 .debug_info    0x0000000000002c2b     0x2204 /home/ibo/RD-Studies/rd_studies/STM32F411_FreeRTOS_Clockdrift/build/tasks.o
 .debug_info    0x0000000000004e2f      0xb95 /home/ibo/RD-Studies/rd_studies/STM32F411_FreeRTOS_Clockdrift/build/heap_2.o
 .debug_info    0x00000000000059c4      0x915 /home/ibo/RD-Studies/rd_studies/STM32F411_FreeRTOS_Clockdrift/build/stm32f4xx_hal.o
 .debug_info    0x00000000000062d9      0xdde /home/ibo/RD-Studies/rd_studies/STM32F411_FreeRTOS_Clockdrift/build/stm32f4xx_hal_cortex.o
 .debug_info    0x00000000000070b7      0x7f7 /home/ibo/RD-Studies/rd_studies/STM32F411_FreeRTOS_Clockdrift/build/stm32f4xx_hal_gpio.o
 .debug_info    0x00000000000078ae      0x951 /home/ibo/RD-Studies/rd_studies/STM32F411_FreeRTOS_Clockdrift/build/stm32f4xx_hal_rcc.o
 .debug_info    0x00000000000081ff     0x12c5 /home/ibo/RD-Studies/rd_studies/STM32F411_FreeRTOS_Clockdrift/build/stm32f4xx_hal_uart.o

.debug_abbrev   0x0000000000000000     0x1b5b
 .debug_abbrev  0x0000000000000000       0xb3 /home/ibo/RD-Studies/rd_studies/STM32F411_FreeRTOS_Clockdrift/build/stm32f4xx_it.o
 .debug_abbrev  0x00000000000000b3      0x126 /home/ibo/RD-Studies/rd_studies/STM32F411_FreeRTOS_Clockdrift/build/system_stm32f4xx.o
 .debug_abbrev  0x00000000000001d9      0x2bb /home/ibo/RD-Studies/rd_studies/STM32F411_FreeRTOS_Clockdrift/build/main.o
 .debug_abbrev  0x0000000000000494      0x22e /home/ibo/RD-Studies/rd_studies/STM32F411_FreeRTOS_Clockdrift/build/port.o
 .debug_abbrev  0x00000000000006c2      0x232 /home/ibo/RD-Studies/rd_studies/STM32F411_FreeRTOS_Clockdrift/build/list.o
 .debug_abbrev  0x00000000000008f4      0x3bb /home/ibo/RD-Studies/rd_studies/STM32F411_FreeRTOS_Clockdrift/build/tasks.o
 .debug_abbrev  0x0000000000000caf      0x293 /home/ibo/RD-Studies/rd_studies/STM32F411_FreeRTOS_Clockdrift/build/heap_2.o
 .debug_abbrev  0x0000000000000f42      0x21f /home/ibo/RD-Studies/rd_studies/STM32F411_FreeRTOS_Clockdrift/build/stm32f4xx_hal.o
 .debug_abbrev  0x0000000000001161      0x31c /home/ibo/RD-Studies/rd_studies/STM32F411_FreeRTOS_Clockdrift/build/stm32f4xx_hal_cortex.o
 .debug_abbrev  0x000000000000147d      0x1ee /home/ibo/RD-Studies/rd_studies/STM32F411_FreeRTOS_Clockdrift/build/stm32f4xx_hal_gpio.o
 .debug_abbrev  0x000000000000166b      0x272 /home/ibo/RD-Studies/rd_studies/STM32F411_FreeRTOS_Clockdrift/build/stm32f4xx_hal_rcc.o
 .debug_abbrev  0x00000000000018dd      0x27e /home/ibo/RD-Studies/rd_studies/STM32F411_FreeRTOS_Clockdrift/build/stm32f4xx_hal_uart.o

.debug_aranges  0x0000000000000000      0x820
 .debug_aranges
                0x0000000000000000       0x50 /home/ibo/RD-Studies/rd_studies/STM32F411_FreeRTOS_Clockdrift/build/stm32f4xx_it.o
 .debug_aranges
                0x0000000000000050       0x28 /home/ibo/RD-Studies/rd_studies/STM32F411_FreeRTOS_Clockdrift/build/system_stm32f4xx.o
 .debug_aranges
                0x0000000000000078       0x50 /home/ibo/RD-Studies/rd_studies/STM32F411_FreeRTOS_Clockdrift/build/main.o
 .debug_aranges
                0x00000000000000c8       0x80 /home/ibo/RD-Studies/rd_studies/STM32F411_FreeRTOS_Clockdrift/build/port.o
 .debug_aranges
                0x0000000000000148       0x40 /home/ibo/RD-Studies/rd_studies/STM32F411_FreeRTOS_Clockdrift/build/list.o
 .debug_aranges
                0x0000000000000188      0x1a0 /home/ibo/RD-Studies/rd_studies/STM32F411_FreeRTOS_Clockdrift/build/tasks.o
 .debug_aranges
                0x0000000000000328       0x40 /home/ibo/RD-Studies/rd_studies/STM32F411_FreeRTOS_Clockdrift/build/heap_2.o
 .debug_aranges
                0x0000000000000368       0xf0 /home/ibo/RD-Studies/rd_studies/STM32F411_FreeRTOS_Clockdrift/build/stm32f4xx_hal.o
 .debug_aranges
                0x0000000000000458      0x118 /home/ibo/RD-Studies/rd_studies/STM32F411_FreeRTOS_Clockdrift/build/stm32f4xx_hal_cortex.o
 .debug_aranges
                0x0000000000000570       0x58 /home/ibo/RD-Studies/rd_studies/STM32F411_FreeRTOS_Clockdrift/build/stm32f4xx_hal_gpio.o
 .debug_aranges
                0x00000000000005c8       0x88 /home/ibo/RD-Studies/rd_studies/STM32F411_FreeRTOS_Clockdrift/build/stm32f4xx_hal_rcc.o
 .debug_aranges
                0x0000000000000650      0x1d0 /home/ibo/RD-Studies/rd_studies/STM32F411_FreeRTOS_Clockdrift/build/stm32f4xx_hal_uart.o

.debug_ranges   0x0000000000000000      0x760
 .debug_ranges  0x0000000000000000       0x40 /home/ibo/RD-Studies/rd_studies/STM32F411_FreeRTOS_Clockdrift/build/stm32f4xx_it.o
 .debug_ranges  0x0000000000000040       0x18 /home/ibo/RD-Studies/rd_studies/STM32F411_FreeRTOS_Clockdrift/build/system_stm32f4xx.o
 .debug_ranges  0x0000000000000058       0x40 /home/ibo/RD-Studies/rd_studies/STM32F411_FreeRTOS_Clockdrift/build/main.o
 .debug_ranges  0x0000000000000098       0x70 /home/ibo/RD-Studies/rd_studies/STM32F411_FreeRTOS_Clockdrift/build/port.o
 .debug_ranges  0x0000000000000108       0x30 /home/ibo/RD-Studies/rd_studies/STM32F411_FreeRTOS_Clockdrift/build/list.o
 .debug_ranges  0x0000000000000138      0x190 /home/ibo/RD-Studies/rd_studies/STM32F411_FreeRTOS_Clockdrift/build/tasks.o
 .debug_ranges  0x00000000000002c8       0x30 /home/ibo/RD-Studies/rd_studies/STM32F411_FreeRTOS_Clockdrift/build/heap_2.o
 .debug_ranges  0x00000000000002f8       0xe0 /home/ibo/RD-Studies/rd_studies/STM32F411_FreeRTOS_Clockdrift/build/stm32f4xx_hal.o
 .debug_ranges  0x00000000000003d8      0x108 /home/ibo/RD-Studies/rd_studies/STM32F411_FreeRTOS_Clockdrift/build/stm32f4xx_hal_cortex.o
 .debug_ranges  0x00000000000004e0       0x48 /home/ibo/RD-Studies/rd_studies/STM32F411_FreeRTOS_Clockdrift/build/stm32f4xx_hal_gpio.o
 .debug_ranges  0x0000000000000528       0x78 /home/ibo/RD-Studies/rd_studies/STM32F411_FreeRTOS_Clockdrift/build/stm32f4xx_hal_rcc.o
 .debug_ranges  0x00000000000005a0      0x1c0 /home/ibo/RD-Studies/rd_studies/STM32F411_FreeRTOS_Clockdrift/build/stm32f4xx_hal_uart.o

.debug_line     0x0000000000000000     0x5927
 .debug_line    0x0000000000000000      0x2c6 /home/ibo/RD-Studies/rd_studies/STM32F411_FreeRTOS_Clockdrift/build/stm32f4xx_it.o
 .debug_line    0x00000000000002c6      0x298 /home/ibo/RD-Studies/rd_studies/STM32F411_FreeRTOS_Clockdrift/build/system_stm32f4xx.o
 .debug_line    0x000000000000055e      0x418 /home/ibo/RD-Studies/rd_studies/STM32F411_FreeRTOS_Clockdrift/build/main.o
 .debug_line    0x0000000000000976      0x4c4 /home/ibo/RD-Studies/rd_studies/STM32F411_FreeRTOS_Clockdrift/build/port.o
 .debug_line    0x0000000000000e3a      0x326 /home/ibo/RD-Studies/rd_studies/STM32F411_FreeRTOS_Clockdrift/build/list.o
 .debug_line    0x0000000000001160     0x1391 /home/ibo/RD-Studies/rd_studies/STM32F411_FreeRTOS_Clockdrift/build/tasks.o
 .debug_line    0x00000000000024f1      0x367 /home/ibo/RD-Studies/rd_studies/STM32F411_FreeRTOS_Clockdrift/build/heap_2.o
 .debug_line    0x0000000000002858      0x57c /home/ibo/RD-Studies/rd_studies/STM32F411_FreeRTOS_Clockdrift/build/stm32f4xx_hal.o
 .debug_line    0x0000000000002dd4      0x818 /home/ibo/RD-Studies/rd_studies/STM32F411_FreeRTOS_Clockdrift/build/stm32f4xx_hal_cortex.o
 .debug_line    0x00000000000035ec      0x6d4 /home/ibo/RD-Studies/rd_studies/STM32F411_FreeRTOS_Clockdrift/build/stm32f4xx_hal_gpio.o
 .debug_line    0x0000000000003cc0      0x8d6 /home/ibo/RD-Studies/rd_studies/STM32F411_FreeRTOS_Clockdrift/build/stm32f4xx_hal_rcc.o
 .debug_line    0x0000000000004596     0x1391 /home/ibo/RD-Studies/rd_studies/STM32F411_FreeRTOS_Clockdrift/build/stm32f4xx_hal_uart.o

.debug_str      0x0000000000000000     0x32dc
 .debug_str     0x0000000000000000      0x272 /home/ibo/RD-Studies/rd_studies/STM32F411_FreeRTOS_Clockdrift/build/stm32f4xx_it.o
                                        0x2cf (size before relaxing)
 .debug_str     0x0000000000000272      0x1f3 /home/ibo/RD-Studies/rd_studies/STM32F411_FreeRTOS_Clockdrift/build/system_stm32f4xx.o
                                        0x3ec (size before relaxing)
 .debug_str     0x0000000000000465      0x9e6 /home/ibo/RD-Studies/rd_studies/STM32F411_FreeRTOS_Clockdrift/build/main.o
                                        0xd4d (size before relaxing)
 .debug_str     0x0000000000000e4b      0x2a4 /home/ibo/RD-Studies/rd_studies/STM32F411_FreeRTOS_Clockdrift/build/port.o
                                        0x46d (size before relaxing)
 .debug_str     0x00000000000010ef      0x175 /home/ibo/RD-Studies/rd_studies/STM32F411_FreeRTOS_Clockdrift/build/list.o
                                        0x722 (size before relaxing)
 .debug_str     0x0000000000001264      0xac4 /home/ibo/RD-Studies/rd_studies/STM32F411_FreeRTOS_Clockdrift/build/tasks.o
                                       0x11cc (size before relaxing)
 .debug_str     0x0000000000001d28      0x184 /home/ibo/RD-Studies/rd_studies/STM32F411_FreeRTOS_Clockdrift/build/heap_2.o
                                        0x75c (size before relaxing)
 .debug_str     0x0000000000001eac      0x71e /home/ibo/RD-Studies/rd_studies/STM32F411_FreeRTOS_Clockdrift/build/stm32f4xx_hal.o
                                        0xa5d (size before relaxing)
 .debug_str     0x00000000000025ca      0x3f7 /home/ibo/RD-Studies/rd_studies/STM32F411_FreeRTOS_Clockdrift/build/stm32f4xx_hal_cortex.o
                                        0xb4b (size before relaxing)
 .debug_str     0x00000000000029c1      0x19b /home/ibo/RD-Studies/rd_studies/STM32F411_FreeRTOS_Clockdrift/build/stm32f4xx_hal_gpio.o
                                        0x58b (size before relaxing)
 .debug_str     0x0000000000002b5c      0x1f1 /home/ibo/RD-Studies/rd_studies/STM32F411_FreeRTOS_Clockdrift/build/stm32f4xx_hal_rcc.o
                                        0x737 (size before relaxing)
 .debug_str     0x0000000000002d4d      0x58f /home/ibo/RD-Studies/rd_studies/STM32F411_FreeRTOS_Clockdrift/build/stm32f4xx_hal_uart.o
                                        0xc2a (size before relaxing)

.comment        0x0000000000000000       0x1d
 .comment       0x0000000000000000       0x1d /home/ibo/RD-Studies/rd_studies/STM32F411_FreeRTOS_Clockdrift/build/stm32f4xx_it.o
                                         0x1e (size before relaxing)
 .comment       0x000000000000001d       0x1e /home/ibo/RD-Studies/rd_studies/STM32F411_FreeRTOS_Clockdrift/build/system_stm32f4xx.o
 .comment       0x000000000000001d       0x1e /home/ibo/RD-Studies/rd_studies/STM32F411_FreeRTOS_Clockdrift/build/main.o
 .comment       0x000000000000001d       0x1e /home/ibo/RD-Studies/rd_studies/STM32F411_FreeRTOS_Clockdrift/build/port.o
 .comment       0x000000000000001d       0x1e /home/ibo/RD-Studies/rd_studies/STM32F411_FreeRTOS_Clockdrift/build/list.o
 .comment       0x000000000000001d       0x1e /home/ibo/RD-Studies/rd_studies/STM32F411_FreeRTOS_Clockdrift/build/tasks.o
 .comment       0x000000000000001d       0x1e /home/ibo/RD-Studies/rd_studies/STM32F411_FreeRTOS_Clockdrift/build/heap_2.o
 .comment       0x000000000000001d       0x1e /home/ibo/RD-Studies/rd_studies/STM32F411_FreeRTOS_Clockdrift/build/stm32f4xx_hal.o
 .comment       0x000000000000001d       0x1e /home/ibo/RD-Studies/rd_studies/STM32F411_FreeRTOS_Clockdrift/build/stm32f4xx_hal_cortex.o
 .comment       0x000000000000001d       0x1e /home/ibo/RD-Studies/rd_studies/STM32F411_FreeRTOS_Clockdrift/build/stm32f4xx_hal_gpio.o
 .comment       0x000000000000001d       0x1e /home/ibo/RD-Studies/rd_studies/STM32F411_FreeRTOS_Clockdrift/build/stm32f4xx_hal_rcc.o
 .comment       0x000000000000001d       0x1e /home/ibo/RD-Studies/rd_studies/STM32F411_FreeRTOS_Clockdrift/build/stm32f4xx_hal_uart.o

.debug_frame    0x0000000000000000     0x2044
 .debug_frame   0x0000000000000000       0xcc /home/ibo/RD-Studies/rd_studies/STM32F411_FreeRTOS_Clockdrift/build/stm32f4xx_it.o
 .debug_frame   0x00000000000000cc       0x58 /home/ibo/RD-Studies/rd_studies/STM32F411_FreeRTOS_Clockdrift/build/system_stm32f4xx.o
 .debug_frame   0x0000000000000124       0xf4 /home/ibo/RD-Studies/rd_studies/STM32F411_FreeRTOS_Clockdrift/build/main.o
 .debug_frame   0x0000000000000218      0x1a8 /home/ibo/RD-Studies/rd_studies/STM32F411_FreeRTOS_Clockdrift/build/port.o
 .debug_frame   0x00000000000003c0       0xd8 /home/ibo/RD-Studies/rd_studies/STM32F411_FreeRTOS_Clockdrift/build/list.o
 .debug_frame   0x0000000000000498      0x704 /home/ibo/RD-Studies/rd_studies/STM32F411_FreeRTOS_Clockdrift/build/tasks.o
 .debug_frame   0x0000000000000b9c       0xc0 /home/ibo/RD-Studies/rd_studies/STM32F411_FreeRTOS_Clockdrift/build/heap_2.o
 .debug_frame   0x0000000000000c5c      0x374 /home/ibo/RD-Studies/rd_studies/STM32F411_FreeRTOS_Clockdrift/build/stm32f4xx_hal.o
 .debug_frame   0x0000000000000fd0      0x498 /home/ibo/RD-Studies/rd_studies/STM32F411_FreeRTOS_Clockdrift/build/stm32f4xx_hal_cortex.o
 .debug_frame   0x0000000000001468      0x14c /home/ibo/RD-Studies/rd_studies/STM32F411_FreeRTOS_Clockdrift/build/stm32f4xx_hal_gpio.o
 .debug_frame   0x00000000000015b4      0x1f0 /home/ibo/RD-Studies/rd_studies/STM32F411_FreeRTOS_Clockdrift/build/stm32f4xx_hal_rcc.o
 .debug_frame   0x00000000000017a4      0x83c /home/ibo/RD-Studies/rd_studies/STM32F411_FreeRTOS_Clockdrift/build/stm32f4xx_hal_uart.o
 .debug_frame   0x0000000000001fe0       0x2c /usr/lib/gcc/arm-none-eabi/9.1.0/thumb/v7e-m+fp/hard/libgcc.a(_aeabi_uldivmod.o)
 .debug_frame   0x000000000000200c       0x38 /usr/lib/gcc/arm-none-eabi/9.1.0/thumb/v7e-m+fp/hard/libgcc.a(_udivmoddi4.o)
