Archive member included to satisfy reference by file (symbol)

/usr/lib/gcc/arm-none-eabi/9.1.0/thumb/v6-m/nofp/libgcc.a(_udivsi3.o)
                              src/ASF/common2/components/display/ssd1306/ssd1306.o (__aeabi_uidiv)
/usr/lib/gcc/arm-none-eabi/9.1.0/thumb/v6-m/nofp/libgcc.a(_dvmd_tls.o)
                              /usr/lib/gcc/arm-none-eabi/9.1.0/thumb/v6-m/nofp/libgcc.a(_udivsi3.o) (__aeabi_idiv0)
/usr/lib/gcc/arm-none-eabi/9.1.0/thumb/v6-m/nofp/libgcc.a(_muldi3.o)
                              src/ASF/sam0/drivers/sercom/sercom.o (__aeabi_lmul)
/usr/lib/gcc/arm-none-eabi/9.1.0/../../../../arm-none-eabi/lib/thumb/v6-m/nofp/libc_nano.a(lib_a-atexit.o)
                              /usr/lib/gcc/arm-none-eabi/9.1.0/../../../../arm-none-eabi/lib/thumb/v6-m/nofp/crt0.o (atexit)
/usr/lib/gcc/arm-none-eabi/9.1.0/../../../../arm-none-eabi/lib/thumb/v6-m/nofp/libc_nano.a(lib_a-exit.o)
                              /usr/lib/gcc/arm-none-eabi/9.1.0/../../../../arm-none-eabi/lib/thumb/v6-m/nofp/crt0.o (exit)
/usr/lib/gcc/arm-none-eabi/9.1.0/../../../../arm-none-eabi/lib/thumb/v6-m/nofp/libc_nano.a(lib_a-fini.o)
                              /usr/lib/gcc/arm-none-eabi/9.1.0/../../../../arm-none-eabi/lib/thumb/v6-m/nofp/crt0.o (__libc_fini_array)
/usr/lib/gcc/arm-none-eabi/9.1.0/../../../../arm-none-eabi/lib/thumb/v6-m/nofp/libc_nano.a(lib_a-impure.o)
                              /usr/lib/gcc/arm-none-eabi/9.1.0/../../../../arm-none-eabi/lib/thumb/v6-m/nofp/libc_nano.a(lib_a-exit.o) (_global_impure_ptr)
/usr/lib/gcc/arm-none-eabi/9.1.0/../../../../arm-none-eabi/lib/thumb/v6-m/nofp/libc_nano.a(lib_a-init.o)
                              /usr/lib/gcc/arm-none-eabi/9.1.0/../../../../arm-none-eabi/lib/thumb/v6-m/nofp/crt0.o (__libc_init_array)
/usr/lib/gcc/arm-none-eabi/9.1.0/../../../../arm-none-eabi/lib/thumb/v6-m/nofp/libc_nano.a(lib_a-memcpy-stub.o)
                              src/ASF/thirdparty/freertos/freertos-8.0.1/Source/queue.o (memcpy)
/usr/lib/gcc/arm-none-eabi/9.1.0/../../../../arm-none-eabi/lib/thumb/v6-m/nofp/libc_nano.a(lib_a-memset.o)
                              /usr/lib/gcc/arm-none-eabi/9.1.0/../../../../arm-none-eabi/lib/thumb/v6-m/nofp/crt0.o (memset)
/usr/lib/gcc/arm-none-eabi/9.1.0/../../../../arm-none-eabi/lib/thumb/v6-m/nofp/libc_nano.a(lib_a-printf.o)
                              src/demotasks.o (printf)
/usr/lib/gcc/arm-none-eabi/9.1.0/../../../../arm-none-eabi/lib/thumb/v6-m/nofp/libc_nano.a(lib_a-__atexit.o)
                              /usr/lib/gcc/arm-none-eabi/9.1.0/../../../../arm-none-eabi/lib/thumb/v6-m/nofp/libc_nano.a(lib_a-atexit.o) (__register_exitproc)
/usr/lib/gcc/arm-none-eabi/9.1.0/../../../../arm-none-eabi/lib/thumb/v6-m/nofp/libc_nano.a(lib_a-__call_atexit.o)
                              /usr/lib/gcc/arm-none-eabi/9.1.0/../../../../arm-none-eabi/lib/thumb/v6-m/nofp/libc_nano.a(lib_a-__atexit.o) (__call_exitprocs)
/usr/lib/gcc/arm-none-eabi/9.1.0/../../../../arm-none-eabi/lib/thumb/v6-m/nofp/libc_nano.a(lib_a-findfp.o)
                              /usr/lib/gcc/arm-none-eabi/9.1.0/../../../../arm-none-eabi/lib/thumb/v6-m/nofp/libc_nano.a(lib_a-printf.o) (__sinit)
/usr/lib/gcc/arm-none-eabi/9.1.0/../../../../arm-none-eabi/lib/thumb/v6-m/nofp/libc_nano.a(lib_a-fwalk.o)
                              /usr/lib/gcc/arm-none-eabi/9.1.0/../../../../arm-none-eabi/lib/thumb/v6-m/nofp/libc_nano.a(lib_a-findfp.o) (_fwalk)
/usr/lib/gcc/arm-none-eabi/9.1.0/../../../../arm-none-eabi/lib/thumb/v6-m/nofp/libc_nano.a(lib_a-nano-mallocr.o)
                              /usr/lib/gcc/arm-none-eabi/9.1.0/../../../../arm-none-eabi/lib/thumb/v6-m/nofp/libc_nano.a(lib_a-findfp.o) (_malloc_r)
/usr/lib/gcc/arm-none-eabi/9.1.0/../../../../arm-none-eabi/lib/thumb/v6-m/nofp/libc_nano.a(lib_a-nano-vfprintf.o)
                              /usr/lib/gcc/arm-none-eabi/9.1.0/../../../../arm-none-eabi/lib/thumb/v6-m/nofp/libc_nano.a(lib_a-printf.o) (_vfprintf_r)
/usr/lib/gcc/arm-none-eabi/9.1.0/../../../../arm-none-eabi/lib/thumb/v6-m/nofp/libc_nano.a(lib_a-sbrkr.o)
                              /usr/lib/gcc/arm-none-eabi/9.1.0/../../../../arm-none-eabi/lib/thumb/v6-m/nofp/libc_nano.a(lib_a-nano-mallocr.o) (_sbrk_r)
/usr/lib/gcc/arm-none-eabi/9.1.0/../../../../arm-none-eabi/lib/thumb/v6-m/nofp/libc_nano.a(lib_a-stdio.o)
                              /usr/lib/gcc/arm-none-eabi/9.1.0/../../../../arm-none-eabi/lib/thumb/v6-m/nofp/libc_nano.a(lib_a-findfp.o) (__sread)
/usr/lib/gcc/arm-none-eabi/9.1.0/../../../../arm-none-eabi/lib/thumb/v6-m/nofp/libc_nano.a(lib_a-wbuf.o)
                              /usr/lib/gcc/arm-none-eabi/9.1.0/../../../../arm-none-eabi/lib/thumb/v6-m/nofp/libc_nano.a(lib_a-nano-vfprintf.o) (__swbuf_r)
/usr/lib/gcc/arm-none-eabi/9.1.0/../../../../arm-none-eabi/lib/thumb/v6-m/nofp/libc_nano.a(lib_a-writer.o)
                              /usr/lib/gcc/arm-none-eabi/9.1.0/../../../../arm-none-eabi/lib/thumb/v6-m/nofp/libc_nano.a(lib_a-stdio.o) (_write_r)
[...]
Memory Configuration

Name             Origin             Length             Attributes
rom              0x0000000000000000 0x0000000000040000 xr
ram              0x0000000020000000 0x0000000000008000 xrw
*default*        0x0000000000000000 0xffffffffffffffff

Linker script and memory map

LOAD /usr/lib/gcc/arm-none-eabi/9.1.0/thumb/v6-m/nofp/crti.o
LOAD /usr/lib/gcc/arm-none-eabi/9.1.0/thumb/v6-m/nofp/crtbegin.o
LOAD /usr/lib/gcc/arm-none-eabi/9.1.0/../../../../arm-none-eabi/lib/thumb/v6-m/nofp/crt0.o
LOAD src/ASF/common2/components/display/ssd1306/ssd1306.o
LOAD src/ASF/common2/services/delay/sam0/systick_counter.o
LOAD src/ASF/common2/services/gfx_mono/gfx_mono_framebuffer.o
LOAD src/ASF/common2/services/gfx_mono/gfx_mono_generic.o
LOAD src/ASF/common2/services/gfx_mono/gfx_mono_text.o
LOAD src/ASF/common2/services/gfx_mono/gfx_mono_ug_2832hsweg04.o
LOAD src/ASF/common2/services/gfx_mono/sysfont.o
LOAD src/ASF/common/utils/interrupt/interrupt_sam_nvic.o
LOAD src/ASF/sam0/boards/samr21_xplained_pro/board_init.o
LOAD src/ASF/sam0/drivers/port/port.o
LOAD src/ASF/sam0/drivers/sercom/sercom.o
LOAD src/ASF/sam0/drivers/sercom/sercom_interrupt.o
LOAD src/ASF/sam0/drivers/sercom/spi/spi.o
LOAD src/ASF/sam0/drivers/sercom/spi/spi_interrupt.o
LOAD src/ASF/sam0/drivers/sercom/usart/usart.o
LOAD src/ASF/sam0/drivers/sercom/usart/usart_interrupt.o
LOAD src/ASF/sam0/drivers/system/clock/clock_samd21_r21_da_ha1/clock.o
LOAD src/ASF/sam0/drivers/system/clock/clock_samd21_r21_da_ha1/gclk.o
LOAD src/ASF/sam0/drivers/system/interrupt/system_interrupt.o
LOAD src/ASF/sam0/drivers/system/pinmux/pinmux.o
LOAD src/ASF/sam0/drivers/system/system.o
LOAD src/ASF/sam0/utils/cmsis/samr21/source/gcc/startup_samr21.o
LOAD src/ASF/sam0/utils/cmsis/samr21/source/system_samr21.o
LOAD src/ASF/sam0/utils/syscalls/gcc/syscalls.o
LOAD src/ASF/thirdparty/freertos/freertos-8.0.1/Source/croutine.o
LOAD src/ASF/thirdparty/freertos/freertos-8.0.1/Source/event_groups.o
LOAD src/ASF/thirdparty/freertos/freertos-8.0.1/Source/list.o
LOAD src/ASF/thirdparty/freertos/freertos-8.0.1/Source/portable/GCC/ARM_CM0/port.o
LOAD src/ASF/thirdparty/freertos/freertos-8.0.1/Source/portable/MemMang/heap_1.o
LOAD src/ASF/thirdparty/freertos/freertos-8.0.1/Source/queue.o
LOAD src/ASF/thirdparty/freertos/freertos-8.0.1/Source/tasks.o
LOAD src/ASF/thirdparty/freertos/freertos-8.0.1/Source/timers.o
LOAD src/demotasks.o
LOAD src/main.o
START GROUP
LOAD ../src/ASF/thirdparty/CMSIS/Lib/GCC/libarm_cortexM0l_math.a
LOAD /usr/lib/gcc/arm-none-eabi/9.1.0/../../../../arm-none-eabi/lib/thumb/v6-m/nofp/libm.a
END GROUP
START GROUP
LOAD /usr/lib/gcc/arm-none-eabi/9.1.0/thumb/v6-m/nofp/libgcc.a
LOAD /usr/lib/gcc/arm-none-eabi/9.1.0/../../../../arm-none-eabi/lib/thumb/v6-m/nofp/libc_nano.a
END GROUP
START GROUP
LOAD /usr/lib/gcc/arm-none-eabi/9.1.0/thumb/v6-m/nofp/libgcc.a
LOAD /usr/lib/gcc/arm-none-eabi/9.1.0/../../../../arm-none-eabi/lib/thumb/v6-m/nofp/libc_nano.a
END GROUP
LOAD /usr/lib/gcc/arm-none-eabi/9.1.0/thumb/v6-m/nofp/crtend.o
LOAD /usr/lib/gcc/arm-none-eabi/9.1.0/thumb/v6-m/nofp/crtn.o
                0x0000000000002000                STACK_SIZE = DEFINED (STACK_SIZE)?STACK_SIZE:DEFINED (__stack_size__)?__stack_size__:0x2000

.text           0x0000000000000000     0x3d28
                0x0000000000000000                . = ALIGN (0x4)
                0x0000000000000000                _sfixed = .
 *(.vectors .vectors.*)
 .vectors       0x0000000000000000       0xb4 src/ASF/sam0/utils/cmsis/samr21/source/gcc/startup_samr21.o
                0x0000000000000000                exception_table
 *(.text .text.* .gnu.linkonce.t.*)
 .text.__do_global_dtors_aux
                0x00000000000000b4       0x28 /usr/lib/gcc/arm-none-eabi/9.1.0/thumb/v6-m/nofp/crtbegin.o
 .text.frame_dummy
                0x00000000000000dc       0x20 /usr/lib/gcc/arm-none-eabi/9.1.0/thumb/v6-m/nofp/crtbegin.o
 .text.ssd1306_write_command
                0x00000000000000fc       0x4c src/ASF/common2/components/display/ssd1306/ssd1306.o
                0x00000000000000fc                ssd1306_write_command
 .text.ssd1306_init
                0x0000000000000148      0x1d4 src/ASF/common2/components/display/ssd1306/ssd1306.o
                0x0000000000000148                ssd1306_init
 .text.ssd1306_write_data
                0x000000000000031c       0x4c src/ASF/common2/components/display/ssd1306/ssd1306.o
                0x000000000000031c                ssd1306_write_data
 .text.delay_init
                0x0000000000000368       0x40 src/ASF/common2/services/delay/sam0/systick_counter.o
                0x0000000000000368                delay_init
 .text.gfx_mono_set_framebuffer
                0x00000000000003a8        0xc src/ASF/common2/services/gfx_mono/gfx_mono_framebuffer.o
                0x00000000000003a8                gfx_mono_set_framebuffer
 .text.gfx_mono_framebuffer_put_byte
                0x00000000000003b4       0x10 src/ASF/common2/services/gfx_mono/gfx_mono_framebuffer.o
                0x00000000000003b4                gfx_mono_framebuffer_put_byte
 .text.gfx_mono_framebuffer_get_byte
                0x00000000000003c4       0x10 src/ASF/common2/services/gfx_mono/gfx_mono_framebuffer.o
                0x00000000000003c4                gfx_mono_framebuffer_get_byte
 .text.gfx_mono_ssd1306_put_byte
                0x00000000000003d4       0x54 src/ASF/common2/services/gfx_mono/gfx_mono_ug_2832hsweg04.o
                0x00000000000003d4                gfx_mono_ssd1306_put_byte
 .text.gfx_mono_ssd1306_init
                0x0000000000000428       0x4c src/ASF/common2/services/gfx_mono/gfx_mono_ug_2832hsweg04.o
                0x0000000000000428                gfx_mono_ssd1306_init
 .text.cpu_irq_enter_critical
                0x0000000000000474       0x40 src/ASF/common/utils/interrupt/interrupt_sam_nvic.o
                0x0000000000000474                cpu_irq_enter_critical
 .text.cpu_irq_leave_critical
                0x00000000000004b4       0x30 src/ASF/common/utils/interrupt/interrupt_sam_nvic.o
                0x00000000000004b4                cpu_irq_leave_critical
 .text.system_board_init
                0x00000000000004e4       0x38 src/ASF/sam0/boards/samr21_xplained_pro/board_init.o
                0x00000000000004e4                system_board_init
                0x00000000000004e4                board_init
 .text.port_pin_set_config
                0x000000000000051c       0x24 src/ASF/sam0/drivers/port/port.o
                0x000000000000051c                port_pin_set_config
 .text._sercom_get_sync_baud_val
                0x0000000000000540       0x28 src/ASF/sam0/drivers/sercom/sercom.o
                0x0000000000000540                _sercom_get_sync_baud_val
 .text.sercom_set_gclk_generator
                0x0000000000000568       0x50 src/ASF/sam0/drivers/sercom/sercom.o
                0x0000000000000568                sercom_set_gclk_generator
 .text._sercom_get_default_pad
                0x00000000000005b8      0x1d0 src/ASF/sam0/drivers/sercom/sercom.o
                0x00000000000005b8                _sercom_get_default_pad
 .text._sercom_get_sercom_inst_index
                0x0000000000000788       0x30 src/ASF/sam0/drivers/sercom/sercom.o
                0x0000000000000788                _sercom_get_sercom_inst_index
 .text._sercom_default_handler
                0x00000000000007b8        0x2 src/ASF/sam0/drivers/sercom/sercom_interrupt.o
 *fill*         0x00000000000007ba        0x2 
 .text._sercom_set_handler
                0x00000000000007bc       0x3c src/ASF/sam0/drivers/sercom/sercom_interrupt.o
                0x00000000000007bc                _sercom_set_handler
 .text._sercom_get_interrupt_vector
                0x00000000000007f8       0x24 src/ASF/sam0/drivers/sercom/sercom_interrupt.o
                0x00000000000007f8                _sercom_get_interrupt_vector
 .text.SERCOM0_Handler
                0x000000000000081c       0x10 src/ASF/sam0/drivers/sercom/sercom_interrupt.o
                0x000000000000081c                SERCOM0_Handler
 .text.SERCOM1_Handler
                0x000000000000082c       0x10 src/ASF/sam0/drivers/sercom/sercom_interrupt.o
                0x000000000000082c                SERCOM1_Handler
 .text.SERCOM2_Handler
                0x000000000000083c       0x10 src/ASF/sam0/drivers/sercom/sercom_interrupt.o
                0x000000000000083c                SERCOM2_Handler
 .text.SERCOM3_Handler
                0x000000000000084c       0x10 src/ASF/sam0/drivers/sercom/sercom_interrupt.o
                0x000000000000084c                SERCOM3_Handler
 .text.SERCOM4_Handler
                0x000000000000085c       0x10 src/ASF/sam0/drivers/sercom/sercom_interrupt.o
                0x000000000000085c                SERCOM4_Handler
 .text.SERCOM5_Handler
                0x000000000000086c       0x10 src/ASF/sam0/drivers/sercom/sercom_interrupt.o
                0x000000000000086c                SERCOM5_Handler
 .text.spi_init
                0x000000000000087c      0x1ec src/ASF/sam0/drivers/sercom/spi/spi.o
                0x000000000000087c                spi_init
 .text.spi_select_slave
                0x0000000000000a68      0x108 src/ASF/sam0/drivers/sercom/spi/spi.o
                0x0000000000000a68                spi_select_slave
 .text.spi_write_buffer_wait
                0x0000000000000b70       0xc8 src/ASF/sam0/drivers/sercom/spi/spi.o
                0x0000000000000b70                spi_write_buffer_wait
 .text._spi_interrupt_handler
                0x0000000000000c38      0x1cc src/ASF/sam0/drivers/sercom/spi/spi_interrupt.o
                0x0000000000000c38                _spi_interrupt_handler
 .text.system_clock_source_get_hz
                0x0000000000000e04       0x98 src/ASF/sam0/drivers/system/clock/clock_samd21_r21_da_ha1/clock.o
                0x0000000000000e04                system_clock_source_get_hz
 .text.system_clock_source_osc8m_set_config
                0x0000000000000e9c       0x3c src/ASF/sam0/drivers/system/clock/clock_samd21_r21_da_ha1/clock.o
                0x0000000000000e9c                system_clock_source_osc8m_set_config
 .text.system_clock_source_enable
                0x0000000000000ed8       0xa8 src/ASF/sam0/drivers/system/clock/clock_samd21_r21_da_ha1/clock.o
                0x0000000000000ed8                system_clock_source_enable
 .text.system_clock_init
                0x0000000000000f80       0xb8 src/ASF/sam0/drivers/system/clock/clock_samd21_r21_da_ha1/clock.o
                0x0000000000000f80                system_clock_init
 .text.system_gclk_init
                0x0000000000001038       0x24 src/ASF/sam0/drivers/system/clock/clock_samd21_r21_da_ha1/gclk.o
                0x0000000000001038                system_gclk_init
 .text.system_gclk_gen_set_config
                0x000000000000105c       0xb4 src/ASF/sam0/drivers/system/clock/clock_samd21_r21_da_ha1/gclk.o
                0x000000000000105c                system_gclk_gen_set_config
 .text.system_gclk_gen_enable
                0x0000000000001110       0x44 src/ASF/sam0/drivers/system/clock/clock_samd21_r21_da_ha1/gclk.o
                0x0000000000001110                system_gclk_gen_enable
 .text.system_gclk_gen_get_hz
                0x0000000000001154       0x8c src/ASF/sam0/drivers/system/clock/clock_samd21_r21_da_ha1/gclk.o
                0x0000000000001154                system_gclk_gen_get_hz
 .text.system_gclk_chan_enable
                0x00000000000011e0       0x30 src/ASF/sam0/drivers/system/clock/clock_samd21_r21_da_ha1/gclk.o
                0x00000000000011e0                system_gclk_chan_enable
 .text.system_gclk_chan_disable
                0x0000000000001210       0x5c src/ASF/sam0/drivers/system/clock/clock_samd21_r21_da_ha1/gclk.o
                0x0000000000001210                system_gclk_chan_disable
 .text.system_gclk_chan_set_config
                0x000000000000126c       0x1c src/ASF/sam0/drivers/system/clock/clock_samd21_r21_da_ha1/gclk.o
                0x000000000000126c                system_gclk_chan_set_config
 .text.system_gclk_chan_get_hz
                0x0000000000001288       0x34 src/ASF/sam0/drivers/system/clock/clock_samd21_r21_da_ha1/gclk.o
                0x0000000000001288                system_gclk_chan_get_hz
 .text._system_pinmux_config
                0x00000000000012bc       0xa8 src/ASF/sam0/drivers/system/pinmux/pinmux.o
 .text.system_pinmux_pin_set_config
                0x0000000000001364       0x30 src/ASF/sam0/drivers/system/pinmux/pinmux.o
                0x0000000000001364                system_pinmux_pin_set_config
 .text._system_dummy_init
                0x0000000000001394        0x2 src/ASF/sam0/drivers/system/system.o
                0x0000000000001394                _system_divas_init
                0x0000000000001394                _system_extint_init
                0x0000000000001394                _system_events_init
                0x0000000000001394                _system_dummy_init
 *fill*         0x0000000000001396        0x2 
 .text.system_init
                0x0000000000001398       0x2c src/ASF/sam0/drivers/system/system.o
                0x0000000000001398                system_init
 .text.Dummy_Handler
                0x00000000000013c4        0x2 src/ASF/sam0/utils/cmsis/samr21/source/gcc/startup_samr21.o
                0x00000000000013c4                DMAC_Handler
                0x00000000000013c4                HardFault_Handler
                0x00000000000013c4                AC_Handler
                0x00000000000013c4                NMI_Handler
                0x00000000000013c4                ADC_Handler
                0x00000000000013c4                TCC1_Handler
                0x00000000000013c4                TCC0_Handler
                0x00000000000013c4                RTC_Handler
                0x00000000000013c4                EIC_Handler
                0x00000000000013c4                WDT_Handler
                0x00000000000013c4                TC4_Handler
                0x00000000000013c4                USB_Handler
                0x00000000000013c4                TC3_Handler
                0x00000000000013c4                Dummy_Handler
                0x00000000000013c4                PM_Handler
                0x00000000000013c4                TCC2_Handler
                0x00000000000013c4                EVSYS_Handler
                0x00000000000013c4                NVMCTRL_Handler
                0x00000000000013c4                PTC_Handler
                0x00000000000013c4                TC5_Handler
                0x00000000000013c4                SYSCTRL_Handler
 *fill*         0x00000000000013c6        0x2 
 .text.Reset_Handler
                0x00000000000013c8       0xdc src/ASF/sam0/utils/cmsis/samr21/source/gcc/startup_samr21.o
                0x00000000000013c8                Reset_Handler
 .text._sbrk    0x00000000000014a4       0x24 src/ASF/sam0/utils/syscalls/gcc/syscalls.o
                0x00000000000014a4                _sbrk
 .text._close   0x00000000000014c8        0x6 src/ASF/sam0/utils/syscalls/gcc/syscalls.o
                0x00000000000014c8                _close
 .text._fstat   0x00000000000014ce        0xa src/ASF/sam0/utils/syscalls/gcc/syscalls.o
                0x00000000000014ce                _fstat
 .text._isatty  0x00000000000014d8        0x4 src/ASF/sam0/utils/syscalls/gcc/syscalls.o
                0x00000000000014d8                _isatty
 .text._lseek   0x00000000000014dc        0x4 src/ASF/sam0/utils/syscalls/gcc/syscalls.o
                0x00000000000014dc                _lseek
 .text.vListInitialise
                0x00000000000014e0       0x16 src/ASF/thirdparty/freertos/freertos-8.0.1/Source/list.o
                0x00000000000014e0                vListInitialise
 .text.vListInitialiseItem
                0x00000000000014f6        0x6 src/ASF/thirdparty/freertos/freertos-8.0.1/Source/list.o
                0x00000000000014f6                vListInitialiseItem
 .text.vListInsertEnd
                0x00000000000014fc       0x16 src/ASF/thirdparty/freertos/freertos-8.0.1/Source/list.o
                0x00000000000014fc                vListInsertEnd
 .text.vListInsert
                0x0000000000001512       0x2e src/ASF/thirdparty/freertos/freertos-8.0.1/Source/list.o
                0x0000000000001512                vListInsert
 .text.uxListRemove
                0x0000000000001540       0x24 src/ASF/thirdparty/freertos/freertos-8.0.1/Source/list.o
                0x0000000000001540                uxListRemove
 .text.prvTaskExitError
                0x0000000000001564       0x14 src/ASF/thirdparty/freertos/freertos-8.0.1/Source/portable/GCC/ARM_CM0/port.o
 .text.vPortStartFirstTask
                0x0000000000001578       0x20 src/ASF/thirdparty/freertos/freertos-8.0.1/Source/portable/GCC/ARM_CM0/port.o
 .text.pxPortInitialiseStack
                0x0000000000001598       0x20 src/ASF/thirdparty/freertos/freertos-8.0.1/Source/portable/GCC/ARM_CM0/port.o
                0x0000000000001598                pxPortInitialiseStack
 .text.SVC_Handler
                0x00000000000015b8        0x2 src/ASF/thirdparty/freertos/freertos-8.0.1/Source/portable/GCC/ARM_CM0/port.o
                0x00000000000015b8                SVC_Handler
 *fill*         0x00000000000015ba        0x2 
 .text.vPortYield
                0x00000000000015bc       0x18 src/ASF/thirdparty/freertos/freertos-8.0.1/Source/portable/GCC/ARM_CM0/port.o
                0x00000000000015bc                vPortYield
 .text.vPortEnterCritical
                0x00000000000015d4       0x18 src/ASF/thirdparty/freertos/freertos-8.0.1/Source/portable/GCC/ARM_CM0/port.o
                0x00000000000015d4                vPortEnterCritical
 .text.vPortExitCritical
                0x00000000000015ec       0x20 src/ASF/thirdparty/freertos/freertos-8.0.1/Source/portable/GCC/ARM_CM0/port.o
                0x00000000000015ec                vPortExitCritical
 .text.ulSetInterruptMaskFromISR
                0x000000000000160c        0xa src/ASF/thirdparty/freertos/freertos-8.0.1/Source/portable/GCC/ARM_CM0/port.o
                0x000000000000160c                ulSetInterruptMaskFromISR
 .text.vClearInterruptMaskFromISR
                0x0000000000001616        0x6 src/ASF/thirdparty/freertos/freertos-8.0.1/Source/portable/GCC/ARM_CM0/port.o
                0x0000000000001616                vClearInterruptMaskFromISR
 .text.PendSV_Handler
                0x000000000000161c       0x44 src/ASF/thirdparty/freertos/freertos-8.0.1/Source/portable/GCC/ARM_CM0/port.o
                0x000000000000161c                PendSV_Handler
 .text.SysTick_Handler
                0x0000000000001660       0x30 src/ASF/thirdparty/freertos/freertos-8.0.1/Source/portable/GCC/ARM_CM0/port.o
                0x0000000000001660                SysTick_Handler
 .text.vPortSetupTimerInterrupt
                0x0000000000001690       0x38 src/ASF/thirdparty/freertos/freertos-8.0.1/Source/portable/GCC/ARM_CM0/port.o
                0x0000000000001690                vPortSetupTimerInterrupt
 .text.xPortStartScheduler
                0x00000000000016c8       0x40 src/ASF/thirdparty/freertos/freertos-8.0.1/Source/portable/GCC/ARM_CM0/port.o
                0x00000000000016c8                xPortStartScheduler
 .text.pvPortMalloc
                0x0000000000001708       0x68 src/ASF/thirdparty/freertos/freertos-8.0.1/Source/portable/MemMang/heap_1.o
                0x0000000000001708                pvPortMalloc
 .text.vPortFree
                0x0000000000001770        0xa src/ASF/thirdparty/freertos/freertos-8.0.1/Source/portable/MemMang/heap_1.o
                0x0000000000001770                vPortFree
 *fill*         0x000000000000177a        0x2 
 .text.prvCopyDataToQueue
                0x000000000000177c       0x80 src/ASF/thirdparty/freertos/freertos-8.0.1/Source/queue.o
 .text.prvNotifyQueueSetContainer
                0x00000000000017fc       0x50 src/ASF/thirdparty/freertos/freertos-8.0.1/Source/queue.o
 .text.prvCopyDataFromQueue
                0x000000000000184c       0x28 src/ASF/thirdparty/freertos/freertos-8.0.1/Source/queue.o
 .text.prvUnlockQueue
                0x0000000000001874       0xa8 src/ASF/thirdparty/freertos/freertos-8.0.1/Source/queue.o
 .text.xQueueGenericReset
                0x000000000000191c       0x7c src/ASF/thirdparty/freertos/freertos-8.0.1/Source/queue.o
                0x000000000000191c                xQueueGenericReset
 .text.xQueueGenericCreate
                0x0000000000001998       0x50 src/ASF/thirdparty/freertos/freertos-8.0.1/Source/queue.o
                0x0000000000001998                xQueueGenericCreate
 .text.xQueueGenericSend
                0x00000000000019e8      0x178 src/ASF/thirdparty/freertos/freertos-8.0.1/Source/queue.o
                0x00000000000019e8                xQueueGenericSend
 .text.xQueueGenericSendFromISR
                0x0000000000001b60       0xc8 src/ASF/thirdparty/freertos/freertos-8.0.1/Source/queue.o
                0x0000000000001b60                xQueueGenericSendFromISR
 .text.xQueueGenericReceive
                0x0000000000001c28      0x190 src/ASF/thirdparty/freertos/freertos-8.0.1/Source/queue.o
                0x0000000000001c28                xQueueGenericReceive
 .text.vQueueWaitForMessageRestricted
                0x0000000000001db8       0x50 src/ASF/thirdparty/freertos/freertos-8.0.1/Source/queue.o
                0x0000000000001db8                vQueueWaitForMessageRestricted
 .text.prvResetNextTaskUnblockTime
                0x0000000000001e08       0x2c src/ASF/thirdparty/freertos/freertos-8.0.1/Source/tasks.o
 .text.prvAddCurrentTaskToDelayedList
                0x0000000000001e34       0x58 src/ASF/thirdparty/freertos/freertos-8.0.1/Source/tasks.o
 .text.xTaskGenericCreate
                0x0000000000001e8c      0x1e8 src/ASF/thirdparty/freertos/freertos-8.0.1/Source/tasks.o
                0x0000000000001e8c                xTaskGenericCreate
 .text.vTaskStartScheduler
                0x0000000000002074       0x60 src/ASF/thirdparty/freertos/freertos-8.0.1/Source/tasks.o
                0x0000000000002074                vTaskStartScheduler
 .text.vTaskSuspendAll
                0x00000000000020d4       0x10 src/ASF/thirdparty/freertos/freertos-8.0.1/Source/tasks.o
                0x00000000000020d4                vTaskSuspendAll
 .text.xTaskGetTickCount
                0x00000000000020e4       0x20 src/ASF/thirdparty/freertos/freertos-8.0.1/Source/tasks.o
                0x00000000000020e4                xTaskGetTickCount
 .text.xTaskIncrementTick
                0x0000000000002104      0x134 src/ASF/thirdparty/freertos/freertos-8.0.1/Source/tasks.o
                0x0000000000002104                xTaskIncrementTick
 .text.xTaskResumeAll
                0x0000000000002238      0x100 src/ASF/thirdparty/freertos/freertos-8.0.1/Source/tasks.o
                0x0000000000002238                xTaskResumeAll
 .text.vTaskDelay
                0x0000000000002338       0x5c src/ASF/thirdparty/freertos/freertos-8.0.1/Source/tasks.o
                0x0000000000002338                vTaskDelay
 .text.prvIdleTask
                0x0000000000002394       0x90 src/ASF/thirdparty/freertos/freertos-8.0.1/Source/tasks.o
 .text.vTaskSwitchContext
                0x0000000000002424       0xa8 src/ASF/thirdparty/freertos/freertos-8.0.1/Source/tasks.o
                0x0000000000002424                vTaskSwitchContext
 .text.vTaskPlaceOnEventList
                0x00000000000024cc       0x58 src/ASF/thirdparty/freertos/freertos-8.0.1/Source/tasks.o
                0x00000000000024cc                vTaskPlaceOnEventList
 .text.vTaskPlaceOnEventListRestricted
                0x0000000000002524       0x40 src/ASF/thirdparty/freertos/freertos-8.0.1/Source/tasks.o
                0x0000000000002524                vTaskPlaceOnEventListRestricted
 .text.xTaskRemoveFromEventList
                0x0000000000002564       0x88 src/ASF/thirdparty/freertos/freertos-8.0.1/Source/tasks.o
                0x0000000000002564                xTaskRemoveFromEventList
 .text.vTaskSetTimeOutState
                0x00000000000025ec       0x20 src/ASF/thirdparty/freertos/freertos-8.0.1/Source/tasks.o
                0x00000000000025ec                vTaskSetTimeOutState
 .text.xTaskCheckForTimeOut
                0x000000000000260c       0x70 src/ASF/thirdparty/freertos/freertos-8.0.1/Source/tasks.o
                0x000000000000260c                xTaskCheckForTimeOut
 .text.vTaskMissedYield
                0x000000000000267c        0xc src/ASF/thirdparty/freertos/freertos-8.0.1/Source/tasks.o
                0x000000000000267c                vTaskMissedYield
 .text.xTaskGetCurrentTaskHandle
                0x0000000000002688        0xc src/ASF/thirdparty/freertos/freertos-8.0.1/Source/tasks.o
                0x0000000000002688                xTaskGetCurrentTaskHandle
 .text.xTaskGetSchedulerState
                0x0000000000002694       0x20 src/ASF/thirdparty/freertos/freertos-8.0.1/Source/tasks.o
                0x0000000000002694                xTaskGetSchedulerState
 .text.vTaskPriorityInherit
                0x00000000000026b4       0x84 src/ASF/thirdparty/freertos/freertos-8.0.1/Source/tasks.o
                0x00000000000026b4                vTaskPriorityInherit
 .text.vTaskPriorityDisinherit
                0x0000000000002738       0x58 src/ASF/thirdparty/freertos/freertos-8.0.1/Source/tasks.o
                0x0000000000002738                vTaskPriorityDisinherit
 .text.prvInsertTimerInActiveList
                0x0000000000002790       0x4c src/ASF/thirdparty/freertos/freertos-8.0.1/Source/timers.o
 .text.prvCheckForValidListAndQueue
                0x00000000000027dc       0x64 src/ASF/thirdparty/freertos/freertos-8.0.1/Source/timers.o
 .text.xTimerCreateTimerTask
                0x0000000000002840       0x48 src/ASF/thirdparty/freertos/freertos-8.0.1/Source/timers.o
                0x0000000000002840                xTimerCreateTimerTask
 .text.xTimerGenericCommand
                0x0000000000002888       0x64 src/ASF/thirdparty/freertos/freertos-8.0.1/Source/timers.o
                0x0000000000002888                xTimerGenericCommand
 .text.prvSampleTimeNow
                0x00000000000028ec       0xb0 src/ASF/thirdparty/freertos/freertos-8.0.1/Source/timers.o
 .text.prvTimerTask
                0x000000000000299c      0x17c src/ASF/thirdparty/freertos/freertos-8.0.1/Source/timers.o
 .text.led_task_off
                0x0000000000002b18       0x24 src/demotasks.o
 .text.led_task_on
                0x0000000000002b3c       0x24 src/demotasks.o
 .text.tick_task
                0x0000000000002b60       0x3c src/demotasks.o
 .text.demotasks_init
                0x0000000000002b9c       0xc0 src/demotasks.o
                0x0000000000002b9c                demotasks_init
 .text.main     0x0000000000002c5c       0x24 src/main.o
                0x0000000000002c5c                main
 .text          0x0000000000002c80       0x8c /usr/lib/gcc/arm-none-eabi/9.1.0/thumb/v6-m/nofp/libgcc.a(_udivsi3.o)
                0x0000000000002c80                __udivsi3
                0x0000000000002c80                __aeabi_uidiv
                0x0000000000002cf8                __aeabi_uidivmod
 .text          0x0000000000002d0c        0x4 /usr/lib/gcc/arm-none-eabi/9.1.0/thumb/v6-m/nofp/libgcc.a(_dvmd_tls.o)
                0x0000000000002d0c                __aeabi_ldiv0
                0x0000000000002d0c                __aeabi_idiv0
 .text.__libc_init_array
                0x0000000000002d10       0x48 /usr/lib/gcc/arm-none-eabi/9.1.0/../../../../arm-none-eabi/lib/thumb/v6-m/nofp/libc_nano.a(lib_a-init.o)
                0x0000000000002d10                __libc_init_array
 .text.memcpy   0x0000000000002d58       0x12 /usr/lib/gcc/arm-none-eabi/9.1.0/../../../../arm-none-eabi/lib/thumb/v6-m/nofp/libc_nano.a(lib_a-memcpy-stub.o)
                0x0000000000002d58                memcpy
 .text.memset   0x0000000000002d6a       0x10 /usr/lib/gcc/arm-none-eabi/9.1.0/../../../../arm-none-eabi/lib/thumb/v6-m/nofp/libc_nano.a(lib_a-memset.o)
                0x0000000000002d6a                memset
 *fill*         0x0000000000002d7a        0x2 
 .text.printf   0x0000000000002d7c       0x34 /usr/lib/gcc/arm-none-eabi/9.1.0/../../../../arm-none-eabi/lib/thumb/v6-m/nofp/libc_nano.a(lib_a-printf.o)
                0x0000000000002d7c                printf
                0x0000000000002d7c                iprintf
 .text.std      0x0000000000002db0       0x48 /usr/lib/gcc/arm-none-eabi/9.1.0/../../../../arm-none-eabi/lib/thumb/v6-m/nofp/libc_nano.a(lib_a-findfp.o)
 .text._cleanup_r
                0x0000000000002df8       0x10 /usr/lib/gcc/arm-none-eabi/9.1.0/../../../../arm-none-eabi/lib/thumb/v6-m/nofp/libc_nano.a(lib_a-findfp.o)
                0x0000000000002df8                _cleanup_r
 .text.__sfmoreglue
                0x0000000000002e08       0x2c /usr/lib/gcc/arm-none-eabi/9.1.0/../../../../arm-none-eabi/lib/thumb/v6-m/nofp/libc_nano.a(lib_a-findfp.o)
                0x0000000000002e08                __sfmoreglue
 .text.__sinit  0x0000000000002e34       0x68 /usr/lib/gcc/arm-none-eabi/9.1.0/../../../../arm-none-eabi/lib/thumb/v6-m/nofp/libc_nano.a(lib_a-findfp.o)
                0x0000000000002e34                __sinit
 .text.__sfp    0x0000000000002e9c       0x7c /usr/lib/gcc/arm-none-eabi/9.1.0/../../../../arm-none-eabi/lib/thumb/v6-m/nofp/libc_nano.a(lib_a-findfp.o)
                0x0000000000002e9c                __sfp
 .text._fwalk_reent
                0x0000000000002f18       0x42 /usr/lib/gcc/arm-none-eabi/9.1.0/../../../../arm-none-eabi/lib/thumb/v6-m/nofp/libc_nano.a(lib_a-fwalk.o)
                0x0000000000002f18                _fwalk_reent
 *fill*         0x0000000000002f5a        0x2 
 .text._malloc_r
                0x0000000000002f5c       0xbc /usr/lib/gcc/arm-none-eabi/9.1.0/../../../../arm-none-eabi/lib/thumb/v6-m/nofp/libc_nano.a(lib_a-nano-mallocr.o)
                0x0000000000002f5c                _malloc_r
 .text.__sfputc_r
                0x0000000000003018       0x2a /usr/lib/gcc/arm-none-eabi/9.1.0/../../../../arm-none-eabi/lib/thumb/v6-m/nofp/libc_nano.a(lib_a-nano-vfprintf.o)
 .text.__sfputs_r
                0x0000000000003042       0x24 /usr/lib/gcc/arm-none-eabi/9.1.0/../../../../arm-none-eabi/lib/thumb/v6-m/nofp/libc_nano.a(lib_a-nano-vfprintf.o)
                0x0000000000003042                __sfputs_r
 *fill*         0x0000000000003066        0x2 
 .text._vfprintf_r
                0x0000000000003068      0x22c /usr/lib/gcc/arm-none-eabi/9.1.0/../../../../arm-none-eabi/lib/thumb/v6-m/nofp/libc_nano.a(lib_a-nano-vfprintf.o)
                0x0000000000003068                _vfiprintf_r
                0x0000000000003068                _vfprintf_r
 .text._sbrk_r  0x0000000000003294       0x24 /usr/lib/gcc/arm-none-eabi/9.1.0/../../../../arm-none-eabi/lib/thumb/v6-m/nofp/libc_nano.a(lib_a-sbrkr.o)
                0x0000000000003294                _sbrk_r
 .text.__sread  0x00000000000032b8       0x28 /usr/lib/gcc/arm-none-eabi/9.1.0/../../../../arm-none-eabi/lib/thumb/v6-m/nofp/libc_nano.a(lib_a-stdio.o)
                0x00000000000032b8                __sread
 .text.__swrite
                0x00000000000032e0       0x38 /usr/lib/gcc/arm-none-eabi/9.1.0/../../../../arm-none-eabi/lib/thumb/v6-m/nofp/libc_nano.a(lib_a-stdio.o)
                0x00000000000032e0                __swrite
 .text.__sseek  0x0000000000003318       0x2c /usr/lib/gcc/arm-none-eabi/9.1.0/../../../../arm-none-eabi/lib/thumb/v6-m/nofp/libc_nano.a(lib_a-stdio.o)
                0x0000000000003318                __sseek
 .text.__sclose
                0x0000000000003344        0xc /usr/lib/gcc/arm-none-eabi/9.1.0/../../../../arm-none-eabi/lib/thumb/v6-m/nofp/libc_nano.a(lib_a-stdio.o)
                0x0000000000003344                __sclose
 .text.__swbuf_r
                0x0000000000003350       0xac /usr/lib/gcc/arm-none-eabi/9.1.0/../../../../arm-none-eabi/lib/thumb/v6-m/nofp/libc_nano.a(lib_a-wbuf.o)
                0x0000000000003350                __swbuf_r
 .text._write_r
                0x00000000000033fc       0x28 /usr/lib/gcc/arm-none-eabi/9.1.0/../../../../arm-none-eabi/lib/thumb/v6-m/nofp/libc_nano.a(lib_a-writer.o)
                0x00000000000033fc                _write_r
 .text.__swsetup_r
                0x0000000000003424       0xec /usr/lib/gcc/arm-none-eabi/9.1.0/../../../../arm-none-eabi/lib/thumb/v6-m/nofp/libc_nano.a(lib_a-wsetup.o)
                0x0000000000003424                __swsetup_r
 .text._close_r
                0x0000000000003510       0x24 /usr/lib/gcc/arm-none-eabi/9.1.0/../../../../arm-none-eabi/lib/thumb/v6-m/nofp/libc_nano.a(lib_a-closer.o)
                0x0000000000003510                _close_r
 .text.__sflush_r
                0x0000000000003534      0x114 /usr/lib/gcc/arm-none-eabi/9.1.0/../../../../arm-none-eabi/lib/thumb/v6-m/nofp/libc_nano.a(lib_a-fflush.o)
                0x0000000000003534                __sflush_r
 .text._fflush_r
                0x0000000000003648       0x58 /usr/lib/gcc/arm-none-eabi/9.1.0/../../../../arm-none-eabi/lib/thumb/v6-m/nofp/libc_nano.a(lib_a-fflush.o)
                0x0000000000003648                _fflush_r
 .text._lseek_r
                0x00000000000036a0       0x28 /usr/lib/gcc/arm-none-eabi/9.1.0/../../../../arm-none-eabi/lib/thumb/v6-m/nofp/libc_nano.a(lib_a-lseekr.o)
                0x00000000000036a0                _lseek_r
 .text.__swhatbuf_r
                0x00000000000036c8       0x50 /usr/lib/gcc/arm-none-eabi/9.1.0/../../../../arm-none-eabi/lib/thumb/v6-m/nofp/libc_nano.a(lib_a-makebuf.o)
                0x00000000000036c8                __swhatbuf_r
 .text.__smakebuf_r
                0x0000000000003718       0x88 /usr/lib/gcc/arm-none-eabi/9.1.0/../../../../arm-none-eabi/lib/thumb/v6-m/nofp/libc_nano.a(lib_a-makebuf.o)
                0x0000000000003718                __smakebuf_r
 .text.memchr   0x00000000000037a0       0x16 /usr/lib/gcc/arm-none-eabi/9.1.0/../../../../arm-none-eabi/lib/thumb/v6-m/nofp/libc_nano.a(lib_a-memchr-stub.o)
                0x00000000000037a0                memchr
 .text.__malloc_lock
                0x00000000000037b6        0x2 /usr/lib/gcc/arm-none-eabi/9.1.0/../../../../arm-none-eabi/lib/thumb/v6-m/nofp/libc_nano.a(lib_a-mlock.o)
                0x00000000000037b6                __malloc_lock
 .text.__malloc_unlock
                0x00000000000037b8        0x2 /usr/lib/gcc/arm-none-eabi/9.1.0/../../../../arm-none-eabi/lib/thumb/v6-m/nofp/libc_nano.a(lib_a-mlock.o)
                0x00000000000037b8                __malloc_unlock
 *fill*         0x00000000000037ba        0x2 
 .text._free_r  0x00000000000037bc       0x94 /usr/lib/gcc/arm-none-eabi/9.1.0/../../../../arm-none-eabi/lib/thumb/v6-m/nofp/libc_nano.a(lib_a-nano-freer.o)
                0x00000000000037bc                _free_r
 .text._printf_common
                0x0000000000003850       0xda /usr/lib/gcc/arm-none-eabi/9.1.0/../../../../arm-none-eabi/lib/thumb/v6-m/nofp/libc_nano.a(lib_a-nano-vfprintf_i.o)
                0x0000000000003850                _printf_common
 *fill*         0x000000000000392a        0x2 
 .text._printf_i
                0x000000000000392c      0x214 /usr/lib/gcc/arm-none-eabi/9.1.0/../../../../arm-none-eabi/lib/thumb/v6-m/nofp/libc_nano.a(lib_a-nano-vfprintf_i.o)
                0x000000000000392c                _printf_i
 .text._read_r  0x0000000000003b40       0x28 /usr/lib/gcc/arm-none-eabi/9.1.0/../../../../arm-none-eabi/lib/thumb/v6-m/nofp/libc_nano.a(lib_a-readr.o)
                0x0000000000003b40                _read_r
 .text._fstat_r
                0x0000000000003b68       0x24 /usr/lib/gcc/arm-none-eabi/9.1.0/../../../../arm-none-eabi/lib/thumb/v6-m/nofp/libc_nano.a(lib_a-fstatr.o)
                0x0000000000003b68                _fstat_r
 .text._isatty_r
                0x0000000000003b8c       0x24 /usr/lib/gcc/arm-none-eabi/9.1.0/../../../../arm-none-eabi/lib/thumb/v6-m/nofp/libc_nano.a(lib_a-isattyr.o)
                0x0000000000003b8c                _isatty_r
 *(.glue_7t)
 .glue_7t       0x0000000000003bb0        0x0 linker stubs
 *(.glue_7)
 .glue_7        0x0000000000003bb0        0x0 linker stubs
 *(.rodata .rodata* .gnu.linkonce.r.*)
 .rodata        0x0000000000003bb0       0x18 src/ASF/sam0/drivers/sercom/sercom.o
 .rodata._sercom_get_interrupt_vector.str1.4
                0x0000000000003bc8        0x7 src/ASF/sam0/drivers/sercom/sercom_interrupt.o
 *fill*         0x0000000000003bcf        0x1 
 .rodata.system_clock_source_get_hz
                0x0000000000003bd0       0x24 src/ASF/sam0/drivers/system/clock/clock_samd21_r21_da_ha1/clock.o
 .rodata.system_clock_source_enable
                0x0000000000003bf4       0x24 src/ASF/sam0/drivers/system/clock/clock_samd21_r21_da_ha1/clock.o
 .rodata.vTaskStartScheduler.str1.4
                0x0000000000003c18        0x5 src/ASF/thirdparty/freertos/freertos-8.0.1/Source/tasks.o
 *fill*         0x0000000000003c1d        0x3 
 .rodata.xTimerCreateTimerTask.str1.4
                0x0000000000003c20        0x8 src/ASF/thirdparty/freertos/freertos-8.0.1/Source/timers.o
 .rodata.prvTimerTask
                0x0000000000003c28       0x28 src/ASF/thirdparty/freertos/freertos-8.0.1/Source/timers.o
 .rodata.tick_task.str1.4
                0x0000000000003c50        0x5 src/demotasks.o
 *fill*         0x0000000000003c55        0x3 
 .rodata.demotasks_init.str1.4
                0x0000000000003c58       0x18 src/demotasks.o
                                         0x15 (size before relaxing)
 .rodata._global_impure_ptr
                0x0000000000003c70        0x4 /usr/lib/gcc/arm-none-eabi/9.1.0/../../../../arm-none-eabi/lib/thumb/v6-m/nofp/libc_nano.a(lib_a-impure.o)
                0x0000000000003c70                _global_impure_ptr
 .rodata.__sf_fake_stderr
                0x0000000000003c74       0x20 /usr/lib/gcc/arm-none-eabi/9.1.0/../../../../arm-none-eabi/lib/thumb/v6-m/nofp/libc_nano.a(lib_a-findfp.o)
                0x0000000000003c74                __sf_fake_stderr
 .rodata.__sf_fake_stdin
                0x0000000000003c94       0x20 /usr/lib/gcc/arm-none-eabi/9.1.0/../../../../arm-none-eabi/lib/thumb/v6-m/nofp/libc_nano.a(lib_a-findfp.o)
                0x0000000000003c94                __sf_fake_stdin
 .rodata.__sf_fake_stdout
                0x0000000000003cb4       0x20 /usr/lib/gcc/arm-none-eabi/9.1.0/../../../../arm-none-eabi/lib/thumb/v6-m/nofp/libc_nano.a(lib_a-findfp.o)
                0x0000000000003cb4                __sf_fake_stdout
 .rodata._vfprintf_r.str1.1
                0x0000000000003cd4       0x11 /usr/lib/gcc/arm-none-eabi/9.1.0/../../../../arm-none-eabi/lib/thumb/v6-m/nofp/libc_nano.a(lib_a-nano-vfprintf.o)
 .rodata._printf_i.str1.1
                0x0000000000003ce5       0x22 /usr/lib/gcc/arm-none-eabi/9.1.0/../../../../arm-none-eabi/lib/thumb/v6-m/nofp/libc_nano.a(lib_a-nano-vfprintf_i.o)
 *(.ARM.extab* .gnu.linkonce.armextab.*)
                0x0000000000003d08                . = ALIGN (0x4)
 *fill*         0x0000000000003d07        0x1 
 *(.init)
 .init          0x0000000000003d08        0x4 /usr/lib/gcc/arm-none-eabi/9.1.0/thumb/v6-m/nofp/crti.o
                0x0000000000003d08                _init
 .init          0x0000000000003d0c        0x8 /usr/lib/gcc/arm-none-eabi/9.1.0/thumb/v6-m/nofp/crtn.o
                0x0000000000003d14                . = ALIGN (0x4)
                0x0000000000003d14                __preinit_array_start = .
 *(.preinit_array)
                0x0000000000003d14                __preinit_array_end = .
                0x0000000000003d14                . = ALIGN (0x4)
                0x0000000000003d14                __init_array_start = .
 *(SORT_BY_NAME(.init_array.*))
 *(.init_array)
 .init_array    0x0000000000003d14        0x4 /usr/lib/gcc/arm-none-eabi/9.1.0/thumb/v6-m/nofp/crtbegin.o
                0x0000000000003d18                __init_array_end = .
                0x0000000000003d18                . = ALIGN (0x4)
 *crtbegin.o(.ctors)
 *(EXCLUDE_FILE(*crtend.o) .ctors)
 *(SORT_BY_NAME(.ctors.*))
 *crtend.o(.ctors)
                0x0000000000003d18                . = ALIGN (0x4)
 *(.fini)
 .fini          0x0000000000003d18        0x4 /usr/lib/gcc/arm-none-eabi/9.1.0/thumb/v6-m/nofp/crti.o
                0x0000000000003d18                _fini
 .fini          0x0000000000003d1c        0x8 /usr/lib/gcc/arm-none-eabi/9.1.0/thumb/v6-m/nofp/crtn.o
                0x0000000000003d24                . = ALIGN (0x4)
                0x0000000000003d24                __fini_array_start = .
 *(.fini_array)
 .fini_array    0x0000000000003d24        0x4 /usr/lib/gcc/arm-none-eabi/9.1.0/thumb/v6-m/nofp/crtbegin.o
 *(SORT_BY_NAME(.fini_array.*))
                0x0000000000003d28                __fini_array_end = .
 *crtbegin.o(.dtors)
 *(EXCLUDE_FILE(*crtend.o) .dtors)
 *(SORT_BY_NAME(.dtors.*))
 *crtend.o(.dtors)
                0x0000000000003d28                . = ALIGN (0x4)
                0x0000000000003d28                _efixed = .
                [!provide]                        PROVIDE (__exidx_start = .)

.vfp11_veneer   0x0000000000003d28        0x0
 .vfp11_veneer  0x0000000000003d28        0x0 linker stubs

.v4_bx          0x0000000000003d28        0x0
 .v4_bx         0x0000000000003d28        0x0 linker stubs

.iplt           0x0000000000003d28        0x0
 .iplt          0x0000000000003d28        0x0 /usr/lib/gcc/arm-none-eabi/9.1.0/thumb/v6-m/nofp/crtbegin.o

.igot.plt       0x0000000000003d28        0x0
 .igot.plt      0x0000000000003d28        0x0 /usr/lib/gcc/arm-none-eabi/9.1.0/thumb/v6-m/nofp/crtbegin.o

.eh_frame       0x0000000000003d28        0x0
 .eh_frame      0x0000000000003d28        0x0 /usr/lib/gcc/arm-none-eabi/9.1.0/thumb/v6-m/nofp/crtbegin.o

.rel.dyn        0x0000000000003d28        0x0
 .rel.iplt      0x0000000000003d28        0x0 /usr/lib/gcc/arm-none-eabi/9.1.0/thumb/v6-m/nofp/crtbegin.o

.ARM.exidx
 *(.ARM.exidx* .gnu.linkonce.armexidx.*)
                [!provide]                        PROVIDE (__exidx_end = .)
                0x0000000000003d28                . = ALIGN (0x4)
                0x0000000000003d28                _etext = .

.relocate       0x0000000020000000       0x78 load address 0x0000000000003d28
                0x0000000020000000                . = ALIGN (0x4)
                0x0000000020000000                _srelocate = .
 *(.ramfunc .ramfunc.*)
 *(.data .data.*)
 .data.cycles_per_ms
                0x0000000020000000        0x4 src/ASF/common2/services/delay/sam0/systick_counter.o
 .data.cycles_per_us
                0x0000000020000004        0x4 src/ASF/common2/services/delay/sam0/systick_counter.o
 .data.g_interrupt_enabled
                0x0000000020000008        0x1 src/ASF/common/utils/interrupt/interrupt_sam_nvic.o
                0x0000000020000008                g_interrupt_enabled
 *fill*         0x0000000020000009        0x3 
 .data.uxCriticalNesting
                0x000000002000000c        0x4 src/ASF/thirdparty/freertos/freertos-8.0.1/Source/portable/GCC/ARM_CM0/port.o
 .data.xNextTaskUnblockTime
                0x0000000020000010        0x4 src/ASF/thirdparty/freertos/freertos-8.0.1/Source/tasks.o
 .data._impure_ptr
                0x0000000020000014        0x4 /usr/lib/gcc/arm-none-eabi/9.1.0/../../../../arm-none-eabi/lib/thumb/v6-m/nofp/libc_nano.a(lib_a-impure.o)
                0x0000000020000014                _impure_ptr
 .data.impure_data
                0x0000000020000018       0x60 /usr/lib/gcc/arm-none-eabi/9.1.0/../../../../arm-none-eabi/lib/thumb/v6-m/nofp/libc_nano.a(lib_a-impure.o)
                0x0000000020000078                . = ALIGN (0x4)
                0x0000000020000078                _erelocate = .

.bss            0x0000000020000078     0x409c load address 0x0000000000003da0
                0x0000000020000078                . = ALIGN (0x4)
                0x0000000020000078                _sbss = .
                0x0000000020000078                _szero = .
 *(.bss .bss.*)
 .bss.completed.8888
                0x0000000020000078        0x1 /usr/lib/gcc/arm-none-eabi/9.1.0/thumb/v6-m/nofp/crtbegin.o
 *fill*         0x0000000020000079        0x3 
 .bss.object.8893
                0x000000002000007c       0x18 /usr/lib/gcc/arm-none-eabi/9.1.0/thumb/v6-m/nofp/crtbegin.o
 .bss.fbpointer
                0x0000000020000094        0x4 src/ASF/common2/services/gfx_mono/gfx_mono_framebuffer.o
 .bss.framebuffer
                0x0000000020000098      0x400 src/ASF/common2/services/gfx_mono/gfx_mono_ug_2832hsweg04.o
 .bss.cpu_irq_critical_section_counter
                0x0000000020000498        0x4 src/ASF/common/utils/interrupt/interrupt_sam_nvic.o
 .bss.cpu_irq_prev_interrupt_state
                0x000000002000049c        0x1 src/ASF/common/utils/interrupt/interrupt_sam_nvic.o
 *fill*         0x000000002000049d        0x3 
 .bss._sercom_config
                0x00000000200004a0        0x2 src/ASF/sam0/drivers/sercom/sercom.o
 .bss._handler_table_initialized
                0x00000000200004a2        0x1 src/ASF/sam0/drivers/sercom/sercom_interrupt.o
 *fill*         0x00000000200004a3        0x1 
 .bss._sercom_interrupt_handlers
                0x00000000200004a4       0x18 src/ASF/sam0/drivers/sercom/sercom_interrupt.o
 .bss._system_clock_inst
                0x00000000200004bc       0x18 src/ASF/sam0/drivers/system/clock/clock_samd21_r21_da_ha1/clock.o
 .bss.heap.5341
                0x00000000200004d4        0x4 src/ASF/sam0/utils/syscalls/gcc/syscalls.o
 .bss.pucAlignedHeap.11618
                0x00000000200004d8        0x4 src/ASF/thirdparty/freertos/freertos-8.0.1/Source/portable/MemMang/heap_1.o
 .bss.ucHeap    0x00000000200004dc     0x3a98 src/ASF/thirdparty/freertos/freertos-8.0.1/Source/portable/MemMang/heap_1.o
 .bss.xNextFreeByte
                0x0000000020003f74        0x4 src/ASF/thirdparty/freertos/freertos-8.0.1/Source/portable/MemMang/heap_1.o
 .bss.pxCurrentTCB
                0x0000000020003f78        0x4 src/ASF/thirdparty/freertos/freertos-8.0.1/Source/tasks.o
                0x0000000020003f78                pxCurrentTCB
 .bss.pxDelayedTaskList
                0x0000000020003f7c        0x4 src/ASF/thirdparty/freertos/freertos-8.0.1/Source/tasks.o
 .bss.pxOverflowDelayedTaskList
                0x0000000020003f80        0x4 src/ASF/thirdparty/freertos/freertos-8.0.1/Source/tasks.o
 .bss.pxReadyTasksLists
                0x0000000020003f84       0x64 src/ASF/thirdparty/freertos/freertos-8.0.1/Source/tasks.o
 .bss.uxCurrentNumberOfTasks
                0x0000000020003fe8        0x4 src/ASF/thirdparty/freertos/freertos-8.0.1/Source/tasks.o
 .bss.uxPendedTicks
                0x0000000020003fec        0x4 src/ASF/thirdparty/freertos/freertos-8.0.1/Source/tasks.o
 .bss.uxSchedulerSuspended
                0x0000000020003ff0        0x4 src/ASF/thirdparty/freertos/freertos-8.0.1/Source/tasks.o
 .bss.uxTaskNumber
                0x0000000020003ff4        0x4 src/ASF/thirdparty/freertos/freertos-8.0.1/Source/tasks.o
 .bss.uxTasksDeleted
                0x0000000020003ff8        0x4 src/ASF/thirdparty/freertos/freertos-8.0.1/Source/tasks.o
 .bss.uxTopReadyPriority
                0x0000000020003ffc        0x4 src/ASF/thirdparty/freertos/freertos-8.0.1/Source/tasks.o
 .bss.xDelayedTaskList1
                0x0000000020004000       0x14 src/ASF/thirdparty/freertos/freertos-8.0.1/Source/tasks.o
 .bss.xDelayedTaskList2
                0x0000000020004014       0x14 src/ASF/thirdparty/freertos/freertos-8.0.1/Source/tasks.o
 .bss.xNumOfOverflows
                0x0000000020004028        0x4 src/ASF/thirdparty/freertos/freertos-8.0.1/Source/tasks.o
 .bss.xPendingReadyList
                0x000000002000402c       0x14 src/ASF/thirdparty/freertos/freertos-8.0.1/Source/tasks.o
 .bss.xSchedulerRunning
                0x0000000020004040        0x4 src/ASF/thirdparty/freertos/freertos-8.0.1/Source/tasks.o
 .bss.xSuspendedTaskList
                0x0000000020004044       0x14 src/ASF/thirdparty/freertos/freertos-8.0.1/Source/tasks.o
 .bss.xTasksWaitingTermination
                0x0000000020004058       0x14 src/ASF/thirdparty/freertos/freertos-8.0.1/Source/tasks.o
 .bss.xTickCount
                0x000000002000406c        0x4 src/ASF/thirdparty/freertos/freertos-8.0.1/Source/tasks.o
 .bss.xYieldPending
                0x0000000020004070        0x4 src/ASF/thirdparty/freertos/freertos-8.0.1/Source/tasks.o
 .bss.pxCurrentTimerList
                0x0000000020004074        0x4 src/ASF/thirdparty/freertos/freertos-8.0.1/Source/timers.o
 .bss.pxOverflowTimerList
                0x0000000020004078        0x4 src/ASF/thirdparty/freertos/freertos-8.0.1/Source/timers.o
 .bss.xActiveTimerList1
                0x000000002000407c       0x14 src/ASF/thirdparty/freertos/freertos-8.0.1/Source/timers.o
 .bss.xActiveTimerList2
                0x0000000020004090       0x14 src/ASF/thirdparty/freertos/freertos-8.0.1/Source/timers.o
 .bss.xLastTime.11861
                0x00000000200040a4        0x4 src/ASF/thirdparty/freertos/freertos-8.0.1/Source/timers.o
 .bss.xTimerQueue
                0x00000000200040a8        0x4 src/ASF/thirdparty/freertos/freertos-8.0.1/Source/timers.o
 .bss.__malloc_free_list
                0x00000000200040ac        0x4 /usr/lib/gcc/arm-none-eabi/9.1.0/../../../../arm-none-eabi/lib/thumb/v6-m/nofp/libc_nano.a(lib_a-nano-mallocr.o)
                0x00000000200040ac                __malloc_free_list
 .bss.__malloc_sbrk_start
                0x00000000200040b0        0x4 /usr/lib/gcc/arm-none-eabi/9.1.0/../../../../arm-none-eabi/lib/thumb/v6-m/nofp/libc_nano.a(lib_a-nano-mallocr.o)
                0x00000000200040b0                __malloc_sbrk_start
 *(COMMON)
 COMMON         0x00000000200040b4       0x3f src/ASF/common2/components/display/ssd1306/ssd1306.o
                0x00000000200040b4                ssd1306_master
                0x00000000200040f0                ssd1306_slave
 *fill*         0x00000000200040f3        0x1 
 COMMON         0x00000000200040f4       0x18 src/ASF/sam0/drivers/sercom/sercom_interrupt.o
                0x00000000200040f4                _sercom_instances
 COMMON         0x000000002000410c        0x2 src/ASF/sam0/drivers/sercom/spi/spi_interrupt.o
                0x000000002000410c                dummy_write
 *fill*         0x000000002000410e        0x2 
 COMMON         0x0000000020004110        0x4 /usr/lib/gcc/arm-none-eabi/9.1.0/../../../../arm-none-eabi/lib/thumb/v6-m/nofp/libc_nano.a(lib_a-reent.o)
                0x0000000020004110                errno
                0x0000000020004114                . = ALIGN (0x4)
                0x0000000020004114                _ebss = .
                0x0000000020004114                _ezero = .

.stack          0x0000000020004114     0x2004 load address 0x0000000000007e3c
                0x0000000020004118                . = ALIGN (0x8)
 *fill*         0x0000000020004114        0x4 
                0x0000000020004118                _sstack = .
                0x0000000020006118                . = (. + STACK_SIZE)
 *fill*         0x0000000020004118     0x2000 
                0x0000000020006118                . = ALIGN (0x8)
                0x0000000020006118                _estack = .
                0x0000000020006118                . = ALIGN (0x4)
                0x0000000020006118                _end = .
OUTPUT(FREERTOS_CLOCKDRIFT.elf elf32-littlearm)

.ARM.attributes
                0x0000000000000000       0x28
 .ARM.attributes
                0x0000000000000000       0x1e /usr/lib/gcc/arm-none-eabi/9.1.0/thumb/v6-m/nofp/crti.o
 .ARM.attributes
                0x000000000000001e       0x2c /usr/lib/gcc/arm-none-eabi/9.1.0/thumb/v6-m/nofp/crtbegin.o
 .ARM.attributes
                0x000000000000004a       0x2c src/ASF/common2/components/display/ssd1306/ssd1306.o
 .ARM.attributes
                0x0000000000000076       0x2c src/ASF/common2/services/delay/sam0/systick_counter.o
 .ARM.attributes
                0x00000000000000a2       0x2c src/ASF/common2/services/gfx_mono/gfx_mono_framebuffer.o
 .ARM.attributes
                0x00000000000000ce       0x2c src/ASF/common2/services/gfx_mono/gfx_mono_ug_2832hsweg04.o
 .ARM.attributes
                0x00000000000000fa       0x2c src/ASF/common/utils/interrupt/interrupt_sam_nvic.o
 .ARM.attributes
                0x0000000000000126       0x2c src/ASF/sam0/boards/samr21_xplained_pro/board_init.o
 .ARM.attributes
                0x0000000000000152       0x2c src/ASF/sam0/drivers/port/port.o
 .ARM.attributes
                0x000000000000017e       0x2c src/ASF/sam0/drivers/sercom/sercom.o
 .ARM.attributes
                0x00000000000001aa       0x2c src/ASF/sam0/drivers/sercom/sercom_interrupt.o
 .ARM.attributes
                0x00000000000001d6       0x2c src/ASF/sam0/drivers/sercom/spi/spi.o
 .ARM.attributes
                0x0000000000000202       0x2c src/ASF/sam0/drivers/sercom/spi/spi_interrupt.o
 .ARM.attributes
                0x000000000000022e       0x2c src/ASF/sam0/drivers/system/clock/clock_samd21_r21_da_ha1/clock.o
 .ARM.attributes
                0x000000000000025a       0x2c src/ASF/sam0/drivers/system/clock/clock_samd21_r21_da_ha1/gclk.o
 .ARM.attributes
                0x0000000000000286       0x2c src/ASF/sam0/drivers/system/pinmux/pinmux.o
 .ARM.attributes
                0x00000000000002b2       0x2c src/ASF/sam0/drivers/system/system.o
 .ARM.attributes
                0x00000000000002de       0x2c src/ASF/sam0/utils/cmsis/samr21/source/gcc/startup_samr21.o
 .ARM.attributes
                0x000000000000030a       0x2c src/ASF/sam0/utils/syscalls/gcc/syscalls.o
 .ARM.attributes
                0x0000000000000336       0x2c src/ASF/thirdparty/freertos/freertos-8.0.1/Source/list.o
 .ARM.attributes
                0x0000000000000362       0x2c src/ASF/thirdparty/freertos/freertos-8.0.1/Source/portable/GCC/ARM_CM0/port.o
 .ARM.attributes
                0x000000000000038e       0x2c src/ASF/thirdparty/freertos/freertos-8.0.1/Source/portable/MemMang/heap_1.o
 .ARM.attributes
                0x00000000000003ba       0x2c src/ASF/thirdparty/freertos/freertos-8.0.1/Source/queue.o
 .ARM.attributes
                0x00000000000003e6       0x2c src/ASF/thirdparty/freertos/freertos-8.0.1/Source/tasks.o
 .ARM.attributes
                0x0000000000000412       0x2c src/ASF/thirdparty/freertos/freertos-8.0.1/Source/timers.o
 .ARM.attributes
                0x000000000000043e       0x2c src/demotasks.o
 .ARM.attributes
                0x000000000000046a       0x2c src/main.o
 .ARM.attributes
                0x0000000000000496       0x1e /usr/lib/gcc/arm-none-eabi/9.1.0/thumb/v6-m/nofp/libgcc.a(_udivsi3.o)
 .ARM.attributes
                0x00000000000004b4       0x1e /usr/lib/gcc/arm-none-eabi/9.1.0/thumb/v6-m/nofp/libgcc.a(_dvmd_tls.o)
 .ARM.attributes
                0x00000000000004d2       0x2c /usr/lib/gcc/arm-none-eabi/9.1.0/../../../../arm-none-eabi/lib/thumb/v6-m/nofp/libc_nano.a(lib_a-impure.o)
 .ARM.attributes
                0x00000000000004fe       0x2c /usr/lib/gcc/arm-none-eabi/9.1.0/../../../../arm-none-eabi/lib/thumb/v6-m/nofp/libc_nano.a(lib_a-init.o)
 .ARM.attributes
                0x000000000000052a       0x2c /usr/lib/gcc/arm-none-eabi/9.1.0/../../../../arm-none-eabi/lib/thumb/v6-m/nofp/libc_nano.a(lib_a-memcpy-stub.o)
 .ARM.attributes
                0x0000000000000556       0x2c /usr/lib/gcc/arm-none-eabi/9.1.0/../../../../arm-none-eabi/lib/thumb/v6-m/nofp/libc_nano.a(lib_a-memset.o)
 .ARM.attributes
                0x0000000000000582       0x2c /usr/lib/gcc/arm-none-eabi/9.1.0/../../../../arm-none-eabi/lib/thumb/v6-m/nofp/libc_nano.a(lib_a-printf.o)
 .ARM.attributes
                0x00000000000005ae       0x2c /usr/lib/gcc/arm-none-eabi/9.1.0/../../../../arm-none-eabi/lib/thumb/v6-m/nofp/libc_nano.a(lib_a-findfp.o)
 .ARM.attributes
                0x00000000000005da       0x2c /usr/lib/gcc/arm-none-eabi/9.1.0/../../../../arm-none-eabi/lib/thumb/v6-m/nofp/libc_nano.a(lib_a-fwalk.o)
 .ARM.attributes
                0x0000000000000606       0x2c /usr/lib/gcc/arm-none-eabi/9.1.0/../../../../arm-none-eabi/lib/thumb/v6-m/nofp/libc_nano.a(lib_a-nano-mallocr.o)
 .ARM.attributes
                0x0000000000000632       0x2c /usr/lib/gcc/arm-none-eabi/9.1.0/../../../../arm-none-eabi/lib/thumb/v6-m/nofp/libc_nano.a(lib_a-nano-vfprintf.o)
 .ARM.attributes
                0x000000000000065e       0x2c /usr/lib/gcc/arm-none-eabi/9.1.0/../../../../arm-none-eabi/lib/thumb/v6-m/nofp/libc_nano.a(lib_a-sbrkr.o)
 .ARM.attributes
                0x000000000000068a       0x2c /usr/lib/gcc/arm-none-eabi/9.1.0/../../../../arm-none-eabi/lib/thumb/v6-m/nofp/libc_nano.a(lib_a-stdio.o)
 .ARM.attributes
                0x00000000000006b6       0x2c /usr/lib/gcc/arm-none-eabi/9.1.0/../../../../arm-none-eabi/lib/thumb/v6-m/nofp/libc_nano.a(lib_a-wbuf.o)
 .ARM.attributes
                0x00000000000006e2       0x2c /usr/lib/gcc/arm-none-eabi/9.1.0/../../../../arm-none-eabi/lib/thumb/v6-m/nofp/libc_nano.a(lib_a-writer.o)
 .ARM.attributes
                0x000000000000070e       0x2c /usr/lib/gcc/arm-none-eabi/9.1.0/../../../../arm-none-eabi/lib/thumb/v6-m/nofp/libc_nano.a(lib_a-wsetup.o)
 .ARM.attributes
                0x000000000000073a       0x2c /usr/lib/gcc/arm-none-eabi/9.1.0/../../../../arm-none-eabi/lib/thumb/v6-m/nofp/libc_nano.a(lib_a-closer.o)
 .ARM.attributes
                0x0000000000000766       0x2c /usr/lib/gcc/arm-none-eabi/9.1.0/../../../../arm-none-eabi/lib/thumb/v6-m/nofp/libc_nano.a(lib_a-fflush.o)
 .ARM.attributes
                0x0000000000000792       0x2c /usr/lib/gcc/arm-none-eabi/9.1.0/../../../../arm-none-eabi/lib/thumb/v6-m/nofp/libc_nano.a(lib_a-lseekr.o)
 .ARM.attributes
                0x00000000000007be       0x2c /usr/lib/gcc/arm-none-eabi/9.1.0/../../../../arm-none-eabi/lib/thumb/v6-m/nofp/libc_nano.a(lib_a-makebuf.o)
 .ARM.attributes
                0x00000000000007ea       0x2c /usr/lib/gcc/arm-none-eabi/9.1.0/../../../../arm-none-eabi/lib/thumb/v6-m/nofp/libc_nano.a(lib_a-memchr-stub.o)
 .ARM.attributes
                0x0000000000000816       0x2c /usr/lib/gcc/arm-none-eabi/9.1.0/../../../../arm-none-eabi/lib/thumb/v6-m/nofp/libc_nano.a(lib_a-mlock.o)
 .ARM.attributes
                0x0000000000000842       0x2c /usr/lib/gcc/arm-none-eabi/9.1.0/../../../../arm-none-eabi/lib/thumb/v6-m/nofp/libc_nano.a(lib_a-nano-freer.o)
 .ARM.attributes
                0x000000000000086e       0x2c /usr/lib/gcc/arm-none-eabi/9.1.0/../../../../arm-none-eabi/lib/thumb/v6-m/nofp/libc_nano.a(lib_a-nano-vfprintf_i.o)
 .ARM.attributes
                0x000000000000089a       0x2c /usr/lib/gcc/arm-none-eabi/9.1.0/../../../../arm-none-eabi/lib/thumb/v6-m/nofp/libc_nano.a(lib_a-readr.o)
 .ARM.attributes
                0x00000000000008c6       0x2c /usr/lib/gcc/arm-none-eabi/9.1.0/../../../../arm-none-eabi/lib/thumb/v6-m/nofp/libc_nano.a(lib_a-reent.o)
 .ARM.attributes
                0x00000000000008f2       0x2c /usr/lib/gcc/arm-none-eabi/9.1.0/../../../../arm-none-eabi/lib/thumb/v6-m/nofp/libc_nano.a(lib_a-fstatr.o)
 .ARM.attributes
                0x000000000000091e       0x2c /usr/lib/gcc/arm-none-eabi/9.1.0/../../../../arm-none-eabi/lib/thumb/v6-m/nofp/libc_nano.a(lib_a-isattyr.o)
 .ARM.attributes
                0x000000000000094a       0x1e /usr/lib/gcc/arm-none-eabi/9.1.0/thumb/v6-m/nofp/crtn.o

.comment        0x0000000000000000       0x1d
 .comment       0x0000000000000000       0x1d src/ASF/common2/components/display/ssd1306/ssd1306.o
                                         0x1e (size before relaxing)
 .comment       0x000000000000001d       0x1e src/ASF/common2/services/delay/sam0/systick_counter.o
 .comment       0x000000000000001d       0x1e src/ASF/common2/services/gfx_mono/gfx_mono_framebuffer.o
 .comment       0x000000000000001d       0x1e src/ASF/common2/services/gfx_mono/gfx_mono_ug_2832hsweg04.o
 .comment       0x000000000000001d       0x1e src/ASF/common/utils/interrupt/interrupt_sam_nvic.o
 .comment       0x000000000000001d       0x1e src/ASF/sam0/boards/samr21_xplained_pro/board_init.o
 .comment       0x000000000000001d       0x1e src/ASF/sam0/drivers/port/port.o
 .comment       0x000000000000001d       0x1e src/ASF/sam0/drivers/sercom/sercom.o
 .comment       0x000000000000001d       0x1e src/ASF/sam0/drivers/sercom/sercom_interrupt.o
 .comment       0x000000000000001d       0x1e src/ASF/sam0/drivers/sercom/spi/spi.o
 .comment       0x000000000000001d       0x1e src/ASF/sam0/drivers/sercom/spi/spi_interrupt.o
 .comment       0x000000000000001d       0x1e src/ASF/sam0/drivers/system/clock/clock_samd21_r21_da_ha1/clock.o
 .comment       0x000000000000001d       0x1e src/ASF/sam0/drivers/system/clock/clock_samd21_r21_da_ha1/gclk.o
 .comment       0x000000000000001d       0x1e src/ASF/sam0/drivers/system/pinmux/pinmux.o
 .comment       0x000000000000001d       0x1e src/ASF/sam0/drivers/system/system.o
 .comment       0x000000000000001d       0x1e src/ASF/sam0/utils/cmsis/samr21/source/gcc/startup_samr21.o
 .comment       0x000000000000001d       0x1e src/ASF/sam0/utils/syscalls/gcc/syscalls.o
 .comment       0x000000000000001d       0x1e src/ASF/thirdparty/freertos/freertos-8.0.1/Source/list.o
 .comment       0x000000000000001d       0x1e src/ASF/thirdparty/freertos/freertos-8.0.1/Source/portable/GCC/ARM_CM0/port.o
 .comment       0x000000000000001d       0x1e src/ASF/thirdparty/freertos/freertos-8.0.1/Source/portable/MemMang/heap_1.o
 .comment       0x000000000000001d       0x1e src/ASF/thirdparty/freertos/freertos-8.0.1/Source/queue.o
 .comment       0x000000000000001d       0x1e src/ASF/thirdparty/freertos/freertos-8.0.1/Source/tasks.o
 .comment       0x000000000000001d       0x1e src/ASF/thirdparty/freertos/freertos-8.0.1/Source/timers.o
 .comment       0x000000000000001d       0x1e src/demotasks.o
 .comment       0x000000000000001d       0x1e src/main.o

.debug_info     0x0000000000000000    0x36a11
 .debug_info    0x0000000000000000     0x42a5 src/ASF/common2/components/display/ssd1306/ssd1306.o
 .debug_info    0x00000000000042a5      0xb24 src/ASF/common2/services/delay/sam0/systick_counter.o
 .debug_info    0x0000000000004dc9     0x2f6e src/ASF/common2/services/gfx_mono/gfx_mono_framebuffer.o
 .debug_info    0x0000000000007d37     0x3394 src/ASF/common2/services/gfx_mono/gfx_mono_ug_2832hsweg04.o
 .debug_info    0x000000000000b0cb      0xaac src/ASF/common/utils/interrupt/interrupt_sam_nvic.o
 .debug_info    0x000000000000bb77     0x1278 src/ASF/sam0/boards/samr21_xplained_pro/board_init.o
 .debug_info    0x000000000000cdef     0x128a src/ASF/sam0/drivers/port/port.o
 .debug_info    0x000000000000e079     0x2d99 src/ASF/sam0/drivers/sercom/sercom.o
 .debug_info    0x0000000000010e12     0x2b22 src/ASF/sam0/drivers/sercom/sercom_interrupt.o
 .debug_info    0x0000000000013934     0x6114 src/ASF/sam0/drivers/sercom/spi/spi.o
 .debug_info    0x0000000000019a48     0x31e9 src/ASF/sam0/drivers/sercom/spi/spi_interrupt.o
 .debug_info    0x000000000001cc31     0x3753 src/ASF/sam0/drivers/system/clock/clock_samd21_r21_da_ha1/clock.o
 .debug_info    0x0000000000020384     0x1eb0 src/ASF/sam0/drivers/system/clock/clock_samd21_r21_da_ha1/gclk.o
 .debug_info    0x0000000000022234     0x1366 src/ASF/sam0/drivers/system/pinmux/pinmux.o
 .debug_info    0x000000000002359a      0x9f9 src/ASF/sam0/drivers/system/system.o
 .debug_info    0x0000000000023f93     0x39a8 src/ASF/sam0/utils/cmsis/samr21/source/gcc/startup_samr21.o
 .debug_info    0x000000000002793b      0xd3d src/ASF/sam0/utils/syscalls/gcc/syscalls.o
 .debug_info    0x0000000000028678      0xbf8 src/ASF/thirdparty/freertos/freertos-8.0.1/Source/list.o
 .debug_info    0x0000000000029270      0xc54 src/ASF/thirdparty/freertos/freertos-8.0.1/Source/portable/GCC/ARM_CM0/port.o
 .debug_info    0x0000000000029ec4      0xae3 src/ASF/thirdparty/freertos/freertos-8.0.1/Source/portable/MemMang/heap_1.o
 .debug_info    0x000000000002a9a7     0x1fd4 src/ASF/thirdparty/freertos/freertos-8.0.1/Source/queue.o
 .debug_info    0x000000000002c97b     0x232d src/ASF/thirdparty/freertos/freertos-8.0.1/Source/tasks.o
 .debug_info    0x000000000002eca8     0x1750 src/ASF/thirdparty/freertos/freertos-8.0.1/Source/timers.o
 .debug_info    0x00000000000303f8     0x3afa src/demotasks.o
 .debug_info    0x0000000000033ef2     0x2b1f src/main.o

.debug_abbrev   0x0000000000000000     0x5946
 .debug_abbrev  0x0000000000000000      0x4b6 src/ASF/common2/components/display/ssd1306/ssd1306.o
 .debug_abbrev  0x00000000000004b6      0x2a9 src/ASF/common2/services/delay/sam0/systick_counter.o
 .debug_abbrev  0x000000000000075f      0x33e src/ASF/common2/services/gfx_mono/gfx_mono_framebuffer.o
 .debug_abbrev  0x0000000000000a9d      0x46d src/ASF/common2/services/gfx_mono/gfx_mono_ug_2832hsweg04.o
 .debug_abbrev  0x0000000000000f0a      0x288 src/ASF/common/utils/interrupt/interrupt_sam_nvic.o
 .debug_abbrev  0x0000000000001192      0x360 src/ASF/sam0/boards/samr21_xplained_pro/board_init.o
 .debug_abbrev  0x00000000000014f2      0x302 src/ASF/sam0/drivers/port/port.o
 .debug_abbrev  0x00000000000017f4      0x3c3 src/ASF/sam0/drivers/sercom/sercom.o
 .debug_abbrev  0x0000000000001bb7      0x341 src/ASF/sam0/drivers/sercom/sercom_interrupt.o
 .debug_abbrev  0x0000000000001ef8      0x5ec src/ASF/sam0/drivers/sercom/spi/spi.o
 .debug_abbrev  0x00000000000024e4      0x46b src/ASF/sam0/drivers/sercom/spi/spi_interrupt.o
 .debug_abbrev  0x000000000000294f      0x4f8 src/ASF/sam0/drivers/system/clock/clock_samd21_r21_da_ha1/clock.o
 .debug_abbrev  0x0000000000002e47      0x484 src/ASF/sam0/drivers/system/clock/clock_samd21_r21_da_ha1/gclk.o
 .debug_abbrev  0x00000000000032cb      0x38e src/ASF/sam0/drivers/system/pinmux/pinmux.o
 .debug_abbrev  0x0000000000003659      0x22d src/ASF/sam0/drivers/system/system.o
 .debug_abbrev  0x0000000000003886      0x2a1 src/ASF/sam0/utils/cmsis/samr21/source/gcc/startup_samr21.o
 .debug_abbrev  0x0000000000003b27      0x2b8 src/ASF/sam0/utils/syscalls/gcc/syscalls.o
 .debug_abbrev  0x0000000000003ddf      0x27b src/ASF/thirdparty/freertos/freertos-8.0.1/Source/list.o
 .debug_abbrev  0x000000000000405a      0x325 src/ASF/thirdparty/freertos/freertos-8.0.1/Source/portable/GCC/ARM_CM0/port.o
 .debug_abbrev  0x000000000000437f      0x2be src/ASF/thirdparty/freertos/freertos-8.0.1/Source/portable/MemMang/heap_1.o
 .debug_abbrev  0x000000000000463d      0x3a8 src/ASF/thirdparty/freertos/freertos-8.0.1/Source/queue.o
 .debug_abbrev  0x00000000000049e5      0x437 src/ASF/thirdparty/freertos/freertos-8.0.1/Source/tasks.o
 .debug_abbrev  0x0000000000004e1c      0x403 src/ASF/thirdparty/freertos/freertos-8.0.1/Source/timers.o
 .debug_abbrev  0x000000000000521f      0x461 src/demotasks.o
 .debug_abbrev  0x0000000000005680      0x2c6 src/main.o

.debug_loc      0x0000000000000000     0x9b48
 .debug_loc     0x0000000000000000      0x555 src/ASF/common2/components/display/ssd1306/ssd1306.o
 .debug_loc     0x0000000000000555       0xae src/ASF/common2/services/delay/sam0/systick_counter.o
 .debug_loc     0x0000000000000603      0x5ad src/ASF/common2/services/gfx_mono/gfx_mono_framebuffer.o
 .debug_loc     0x0000000000000bb0      0x78c src/ASF/common2/services/gfx_mono/gfx_mono_ug_2832hsweg04.o
 .debug_loc     0x000000000000133c       0x15 src/ASF/common/utils/interrupt/interrupt_sam_nvic.o
 .debug_loc     0x0000000000001351       0x68 src/ASF/sam0/boards/samr21_xplained_pro/board_init.o
 .debug_loc     0x00000000000013b9      0x11b src/ASF/sam0/drivers/port/port.o
 .debug_loc     0x00000000000014d4      0xb7e src/ASF/sam0/drivers/sercom/sercom.o
 .debug_loc     0x0000000000002052       0x5f src/ASF/sam0/drivers/sercom/sercom_interrupt.o
 .debug_loc     0x00000000000020b1     0x1fce src/ASF/sam0/drivers/sercom/spi/spi.o
 .debug_loc     0x000000000000407f      0x81b src/ASF/sam0/drivers/sercom/spi/spi_interrupt.o
 .debug_loc     0x000000000000489a     0x1139 src/ASF/sam0/drivers/system/clock/clock_samd21_r21_da_ha1/clock.o
 .debug_loc     0x00000000000059d3      0x3c3 src/ASF/sam0/drivers/system/clock/clock_samd21_r21_da_ha1/gclk.o
 .debug_loc     0x0000000000005d96      0x440 src/ASF/sam0/drivers/system/pinmux/pinmux.o
 .debug_loc     0x00000000000061d6       0x31 src/ASF/sam0/utils/cmsis/samr21/source/gcc/startup_samr21.o
 .debug_loc     0x0000000000006207      0x10d src/ASF/sam0/utils/syscalls/gcc/syscalls.o
 .debug_loc     0x0000000000006314       0xad src/ASF/thirdparty/freertos/freertos-8.0.1/Source/list.o
 .debug_loc     0x00000000000063c1       0xcd src/ASF/thirdparty/freertos/freertos-8.0.1/Source/portable/GCC/ARM_CM0/port.o
 .debug_loc     0x000000000000648e       0x6d src/ASF/thirdparty/freertos/freertos-8.0.1/Source/portable/MemMang/heap_1.o
 .debug_loc     0x00000000000064fb     0x1762 src/ASF/thirdparty/freertos/freertos-8.0.1/Source/queue.o
 .debug_loc     0x0000000000007c5d     0x1287 src/ASF/thirdparty/freertos/freertos-8.0.1/Source/tasks.o
 .debug_loc     0x0000000000008ee4      0x9cb src/ASF/thirdparty/freertos/freertos-8.0.1/Source/timers.o
 .debug_loc     0x00000000000098af      0x299 src/demotasks.o

.debug_aranges  0x0000000000000000      0x890
 .debug_aranges
                0x0000000000000000       0x30 src/ASF/common2/components/display/ssd1306/ssd1306.o
 .debug_aranges
                0x0000000000000030       0x30 src/ASF/common2/services/delay/sam0/systick_counter.o
 .debug_aranges
                0x0000000000000060       0x58 src/ASF/common2/services/gfx_mono/gfx_mono_framebuffer.o
 .debug_aranges
                0x00000000000000b8       0x60 src/ASF/common2/services/gfx_mono/gfx_mono_ug_2832hsweg04.o
 .debug_aranges
                0x0000000000000118       0x28 src/ASF/common/utils/interrupt/interrupt_sam_nvic.o
 .debug_aranges
                0x0000000000000140       0x20 src/ASF/sam0/boards/samr21_xplained_pro/board_init.o
 .debug_aranges
                0x0000000000000160       0x28 src/ASF/sam0/drivers/port/port.o
 .debug_aranges
                0x0000000000000188       0x48 src/ASF/sam0/drivers/sercom/sercom.o
 .debug_aranges
                0x00000000000001d0       0x60 src/ASF/sam0/drivers/sercom/sercom_interrupt.o
 .debug_aranges
                0x0000000000000230       0x58 src/ASF/sam0/drivers/sercom/spi/spi.o
 .debug_aranges
                0x0000000000000288       0x50 src/ASF/sam0/drivers/sercom/spi/spi_interrupt.o
 .debug_aranges
                0x00000000000002d8       0x78 src/ASF/sam0/drivers/system/clock/clock_samd21_r21_da_ha1/clock.o
 .debug_aranges
                0x0000000000000350       0x80 src/ASF/sam0/drivers/system/clock/clock_samd21_r21_da_ha1/gclk.o
 .debug_aranges
                0x00000000000003d0       0x38 src/ASF/sam0/drivers/system/pinmux/pinmux.o
 .debug_aranges
                0x0000000000000408       0x28 src/ASF/sam0/drivers/system/system.o
 .debug_aranges
                0x0000000000000430       0x28 src/ASF/sam0/utils/cmsis/samr21/source/gcc/startup_samr21.o
 .debug_aranges
                0x0000000000000458       0x60 src/ASF/sam0/utils/syscalls/gcc/syscalls.o
 .debug_aranges
                0x00000000000004b8       0x40 src/ASF/thirdparty/freertos/freertos-8.0.1/Source/list.o
 .debug_aranges
                0x00000000000004f8       0x88 src/ASF/thirdparty/freertos/freertos-8.0.1/Source/portable/GCC/ARM_CM0/port.o
 .debug_aranges
                0x0000000000000580       0x38 src/ASF/thirdparty/freertos/freertos-8.0.1/Source/portable/MemMang/heap_1.o
 .debug_aranges
                0x00000000000005b8       0xf0 src/ASF/thirdparty/freertos/freertos-8.0.1/Source/queue.o
 .debug_aranges
                0x00000000000006a8      0x128 src/ASF/thirdparty/freertos/freertos-8.0.1/Source/tasks.o
 .debug_aranges
                0x00000000000007d0       0x68 src/ASF/thirdparty/freertos/freertos-8.0.1/Source/timers.o
 .debug_aranges
                0x0000000000000838       0x38 src/demotasks.o
 .debug_aranges
                0x0000000000000870       0x20 src/main.o

.debug_ranges   0x0000000000000000     0x11a0
 .debug_ranges  0x0000000000000000      0x1a8 src/ASF/common2/components/display/ssd1306/ssd1306.o
 .debug_ranges  0x00000000000001a8       0x50 src/ASF/common2/services/delay/sam0/systick_counter.o
 .debug_ranges  0x00000000000001f8       0x48 src/ASF/common2/services/gfx_mono/gfx_mono_framebuffer.o
 .debug_ranges  0x0000000000000240       0x68 src/ASF/common2/services/gfx_mono/gfx_mono_ug_2832hsweg04.o
 .debug_ranges  0x00000000000002a8       0x18 src/ASF/common/utils/interrupt/interrupt_sam_nvic.o
 .debug_ranges  0x00000000000002c0       0x28 src/ASF/sam0/boards/samr21_xplained_pro/board_init.o
 .debug_ranges  0x00000000000002e8       0x18 src/ASF/sam0/drivers/port/port.o
 .debug_ranges  0x0000000000000300       0x68 src/ASF/sam0/drivers/sercom/sercom.o
 .debug_ranges  0x0000000000000368       0x50 src/ASF/sam0/drivers/sercom/sercom_interrupt.o
 .debug_ranges  0x00000000000003b8      0x4a0 src/ASF/sam0/drivers/sercom/spi/spi.o
 .debug_ranges  0x0000000000000858       0xa0 src/ASF/sam0/drivers/sercom/spi/spi_interrupt.o
 .debug_ranges  0x00000000000008f8       0x80 src/ASF/sam0/drivers/system/clock/clock_samd21_r21_da_ha1/clock.o
 .debug_ranges  0x0000000000000978      0x160 src/ASF/sam0/drivers/system/clock/clock_samd21_r21_da_ha1/gclk.o
 .debug_ranges  0x0000000000000ad8       0x40 src/ASF/sam0/drivers/system/pinmux/pinmux.o
 .debug_ranges  0x0000000000000b18       0x18 src/ASF/sam0/drivers/system/system.o
 .debug_ranges  0x0000000000000b30       0x18 src/ASF/sam0/utils/cmsis/samr21/source/gcc/startup_samr21.o
 .debug_ranges  0x0000000000000b48       0x50 src/ASF/sam0/utils/syscalls/gcc/syscalls.o
 .debug_ranges  0x0000000000000b98       0x30 src/ASF/thirdparty/freertos/freertos-8.0.1/Source/list.o
 .debug_ranges  0x0000000000000bc8       0x78 src/ASF/thirdparty/freertos/freertos-8.0.1/Source/portable/GCC/ARM_CM0/port.o
 .debug_ranges  0x0000000000000c40       0x28 src/ASF/thirdparty/freertos/freertos-8.0.1/Source/portable/MemMang/heap_1.o
 .debug_ranges  0x0000000000000c68       0xe0 src/ASF/thirdparty/freertos/freertos-8.0.1/Source/queue.o
 .debug_ranges  0x0000000000000d48      0x228 src/ASF/thirdparty/freertos/freertos-8.0.1/Source/tasks.o
 .debug_ranges  0x0000000000000f70       0xb0 src/ASF/thirdparty/freertos/freertos-8.0.1/Source/timers.o
 .debug_ranges  0x0000000000001020      0x170 src/demotasks.o
 .debug_ranges  0x0000000000001190       0x10 src/main.o

.debug_macro    0x0000000000000000    0x1c668
 .debug_macro   0x0000000000000000      0x630 src/ASF/common2/components/display/ssd1306/ssd1306.o
 .debug_macro   0x0000000000000630      0xaae src/ASF/common2/components/display/ssd1306/ssd1306.o
 .debug_macro   0x00000000000010de      0x16d src/ASF/common2/components/display/ssd1306/ssd1306.o
 .debug_macro   0x000000000000124b      0x6c2 src/ASF/common2/components/display/ssd1306/ssd1306.o
 .debug_macro   0x000000000000190d       0x22 src/ASF/common2/components/display/ssd1306/ssd1306.o
 .debug_macro   0x000000000000192f       0x8e src/ASF/common2/components/display/ssd1306/ssd1306.o
 .debug_macro   0x00000000000019bd       0x51 src/ASF/common2/components/display/ssd1306/ssd1306.o
 .debug_macro   0x0000000000001a0e       0xef src/ASF/common2/components/display/ssd1306/ssd1306.o
 .debug_macro   0x0000000000001afd       0x6a src/ASF/common2/components/display/ssd1306/ssd1306.o
 .debug_macro   0x0000000000001b67      0x1df src/ASF/common2/components/display/ssd1306/ssd1306.o
 .debug_macro   0x0000000000001d46       0x10 src/ASF/common2/components/display/ssd1306/ssd1306.o
 .debug_macro   0x0000000000001d56       0x76 src/ASF/common2/components/display/ssd1306/ssd1306.o
 .debug_macro   0x0000000000001dcc       0x16 src/ASF/common2/components/display/ssd1306/ssd1306.o
 .debug_macro   0x0000000000001de2      0x6e5 src/ASF/common2/components/display/ssd1306/ssd1306.o
 .debug_macro   0x00000000000024c7      0xde2 src/ASF/common2/components/display/ssd1306/ssd1306.o
 .debug_macro   0x00000000000032a9       0x22 src/ASF/common2/components/display/ssd1306/ssd1306.o
 .debug_macro   0x00000000000032cb       0x40 src/ASF/common2/components/display/ssd1306/ssd1306.o
 .debug_macro   0x000000000000330b       0x3a src/ASF/common2/components/display/ssd1306/ssd1306.o
 .debug_macro   0x0000000000003345       0x1f src/ASF/common2/components/display/ssd1306/ssd1306.o
 .debug_macro   0x0000000000003364      0x250 src/ASF/common2/components/display/ssd1306/ssd1306.o
 .debug_macro   0x00000000000035b4      0x682 src/ASF/common2/components/display/ssd1306/ssd1306.o
 .debug_macro   0x0000000000003c36      0x8bf src/ASF/common2/components/display/ssd1306/ssd1306.o
 .debug_macro   0x00000000000044f5      0xd6a src/ASF/common2/components/display/ssd1306/ssd1306.o
 .debug_macro   0x000000000000525f      0x4ce src/ASF/common2/components/display/ssd1306/ssd1306.o
 .debug_macro   0x000000000000572d      0x9f8 src/ASF/common2/components/display/ssd1306/ssd1306.o
 .debug_macro   0x0000000000006125      0x82b src/ASF/common2/components/display/ssd1306/ssd1306.o
 .debug_macro   0x0000000000006950      0x45f src/ASF/common2/components/display/ssd1306/ssd1306.o
 .debug_macro   0x0000000000006daf       0x5e src/ASF/common2/components/display/ssd1306/ssd1306.o
 .debug_macro   0x0000000000006e0d      0x225 src/ASF/common2/components/display/ssd1306/ssd1306.o
 .debug_macro   0x0000000000007032      0x797 src/ASF/common2/components/display/ssd1306/ssd1306.o
 .debug_macro   0x00000000000077c9       0x5e src/ASF/common2/components/display/ssd1306/ssd1306.o
 .debug_macro   0x0000000000007827      0x60a src/ASF/common2/components/display/ssd1306/ssd1306.o
 .debug_macro   0x0000000000007e31      0x3b6 src/ASF/common2/components/display/ssd1306/ssd1306.o
 .debug_macro   0x00000000000081e7       0x94 src/ASF/common2/components/display/ssd1306/ssd1306.o
 .debug_macro   0x000000000000827b      0xc55 src/ASF/common2/components/display/ssd1306/ssd1306.o
 .debug_macro   0x0000000000008ed0     0x1092 src/ASF/common2/components/display/ssd1306/ssd1306.o
 .debug_macro   0x0000000000009f62      0xc4a src/ASF/common2/components/display/ssd1306/ssd1306.o
 .debug_macro   0x000000000000abac      0x6bf src/ASF/common2/components/display/ssd1306/ssd1306.o
 .debug_macro   0x000000000000b26b     0x1b4b src/ASF/common2/components/display/ssd1306/ssd1306.o
 .debug_macro   0x000000000000cdb6     0x144a src/ASF/common2/components/display/ssd1306/ssd1306.o
 .debug_macro   0x000000000000e200      0x34e src/ASF/common2/components/display/ssd1306/ssd1306.o
 .debug_macro   0x000000000000e54e       0x7c src/ASF/common2/components/display/ssd1306/ssd1306.o
 .debug_macro   0x000000000000e5ca       0xa0 src/ASF/common2/components/display/ssd1306/ssd1306.o
 .debug_macro   0x000000000000e66a       0xca src/ASF/common2/components/display/ssd1306/ssd1306.o
 .debug_macro   0x000000000000e734       0x94 src/ASF/common2/components/display/ssd1306/ssd1306.o
 .debug_macro   0x000000000000e7c8       0x58 src/ASF/common2/components/display/ssd1306/ssd1306.o
 .debug_macro   0x000000000000e820      0x364 src/ASF/common2/components/display/ssd1306/ssd1306.o
 .debug_macro   0x000000000000eb84       0x82 src/ASF/common2/components/display/ssd1306/ssd1306.o
 .debug_macro   0x000000000000ec06      0x197 src/ASF/common2/components/display/ssd1306/ssd1306.o
 .debug_macro   0x000000000000ed9d       0xa0 src/ASF/common2/components/display/ssd1306/ssd1306.o
 .debug_macro   0x000000000000ee3d       0xb2 src/ASF/common2/components/display/ssd1306/ssd1306.o
 .debug_macro   0x000000000000eeef       0x1c src/ASF/common2/components/display/ssd1306/ssd1306.o
 .debug_macro   0x000000000000ef0b       0x1c src/ASF/common2/components/display/ssd1306/ssd1306.o
 .debug_macro   0x000000000000ef27       0x1c src/ASF/common2/components/display/ssd1306/ssd1306.o
 .debug_macro   0x000000000000ef43       0x7c src/ASF/common2/components/display/ssd1306/ssd1306.o
 .debug_macro   0x000000000000efbf      0x1c6 src/ASF/common2/components/display/ssd1306/ssd1306.o
 .debug_macro   0x000000000000f185       0x16 src/ASF/common2/components/display/ssd1306/ssd1306.o
 .debug_macro   0x000000000000f19b       0xdc src/ASF/common2/components/display/ssd1306/ssd1306.o
 .debug_macro   0x000000000000f277      0x12f src/ASF/common2/components/display/ssd1306/ssd1306.o
 .debug_macro   0x000000000000f3a6      0x12f src/ASF/common2/components/display/ssd1306/ssd1306.o
 .debug_macro   0x000000000000f4d5      0x12f src/ASF/common2/components/display/ssd1306/ssd1306.o
 .debug_macro   0x000000000000f604      0x12f src/ASF/common2/components/display/ssd1306/ssd1306.o
 .debug_macro   0x000000000000f733      0x12f src/ASF/common2/components/display/ssd1306/ssd1306.o
 .debug_macro   0x000000000000f862      0x12f src/ASF/common2/components/display/ssd1306/ssd1306.o
 .debug_macro   0x000000000000f991      0x11e src/ASF/common2/components/display/ssd1306/ssd1306.o
 .debug_macro   0x000000000000faaf       0xe2 src/ASF/common2/components/display/ssd1306/ssd1306.o
 .debug_macro   0x000000000000fb91       0xe2 src/ASF/common2/components/display/ssd1306/ssd1306.o
 .debug_macro   0x000000000000fc73       0xe2 src/ASF/common2/components/display/ssd1306/ssd1306.o
 .debug_macro   0x000000000000fd55      0x12c src/ASF/common2/components/display/ssd1306/ssd1306.o
 .debug_macro   0x000000000000fe81      0x100 src/ASF/common2/components/display/ssd1306/ssd1306.o
 .debug_macro   0x000000000000ff81       0xf4 src/ASF/common2/components/display/ssd1306/ssd1306.o
 .debug_macro   0x0000000000010075      0x40f src/ASF/common2/components/display/ssd1306/ssd1306.o
 .debug_macro   0x0000000000010484       0x40 src/ASF/common2/components/display/ssd1306/ssd1306.o
 .debug_macro   0x00000000000104c4      0x345 src/ASF/common2/components/display/ssd1306/ssd1306.o
 .debug_macro   0x0000000000010809     0x174b src/ASF/common2/components/display/ssd1306/ssd1306.o
 .debug_macro   0x0000000000011f54       0x74 src/ASF/common2/components/display/ssd1306/ssd1306.o
 .debug_macro   0x0000000000011fc8       0x52 src/ASF/common2/components/display/ssd1306/ssd1306.o
 .debug_macro   0x000000000001201a       0x18 src/ASF/common2/components/display/ssd1306/ssd1306.o
 .debug_macro   0x0000000000012032       0x35 src/ASF/common2/components/display/ssd1306/ssd1306.o
 .debug_macro   0x0000000000012067       0x34 src/ASF/common2/components/display/ssd1306/ssd1306.o
 .debug_macro   0x000000000001209b       0x16 src/ASF/common2/components/display/ssd1306/ssd1306.o
 .debug_macro   0x00000000000120b1       0x35 src/ASF/common2/components/display/ssd1306/ssd1306.o
 .debug_macro   0x00000000000120e6      0x35c src/ASF/common2/components/display/ssd1306/ssd1306.o
 .debug_macro   0x0000000000012442       0x10 src/ASF/common2/components/display/ssd1306/ssd1306.o
 .debug_macro   0x0000000000012452       0x52 src/ASF/common2/components/display/ssd1306/ssd1306.o
 .debug_macro   0x00000000000124a4       0x1f src/ASF/common2/components/display/ssd1306/ssd1306.o
 .debug_macro   0x00000000000124c3       0x43 src/ASF/common2/components/display/ssd1306/ssd1306.o
 .debug_macro   0x0000000000012506       0x20 src/ASF/common2/components/display/ssd1306/ssd1306.o
 .debug_macro   0x0000000000012526      0x18e src/ASF/common2/components/display/ssd1306/ssd1306.o
 .debug_macro   0x00000000000126b4       0x10 src/ASF/common2/components/display/ssd1306/ssd1306.o
 .debug_macro   0x00000000000126c4       0x1c src/ASF/common2/components/display/ssd1306/ssd1306.o
 .debug_macro   0x00000000000126e0       0x52 src/ASF/common2/components/display/ssd1306/ssd1306.o
 .debug_macro   0x0000000000012732       0x40 src/ASF/common2/components/display/ssd1306/ssd1306.o
 .debug_macro   0x0000000000012772       0x10 src/ASF/common2/components/display/ssd1306/ssd1306.o
 .debug_macro   0x0000000000012782       0x40 src/ASF/common2/components/display/ssd1306/ssd1306.o
 .debug_macro   0x00000000000127c2       0xd7 src/ASF/common2/components/display/ssd1306/ssd1306.o
 .debug_macro   0x0000000000012899       0x1c src/ASF/common2/components/display/ssd1306/ssd1306.o
 .debug_macro   0x00000000000128b5       0x3d src/ASF/common2/components/display/ssd1306/ssd1306.o
 .debug_macro   0x00000000000128f2       0x16 src/ASF/common2/components/display/ssd1306/ssd1306.o
 .debug_macro   0x0000000000012908      0x16f src/ASF/common2/components/display/ssd1306/ssd1306.o
 .debug_macro   0x0000000000012a77       0x16 src/ASF/common2/components/display/ssd1306/ssd1306.o
 .debug_macro   0x0000000000012a8d       0x16 src/ASF/common2/components/display/ssd1306/ssd1306.o
 .debug_macro   0x0000000000012aa3       0x29 src/ASF/common2/components/display/ssd1306/ssd1306.o
 .debug_macro   0x0000000000012acc       0x51 src/ASF/common2/components/display/ssd1306/ssd1306.o
 .debug_macro   0x0000000000012b1d       0x3f src/ASF/common2/components/display/ssd1306/ssd1306.o
 .debug_macro   0x0000000000012b5c      0x3df src/ASF/common2/components/display/ssd1306/ssd1306.o
 .debug_macro   0x0000000000012f3b       0x11 src/ASF/common2/components/display/ssd1306/ssd1306.o
 .debug_macro   0x0000000000012f4c       0x19 src/ASF/common2/components/display/ssd1306/ssd1306.o
 .debug_macro   0x0000000000012f65       0x11 src/ASF/common2/components/display/ssd1306/ssd1306.o
 .debug_macro   0x0000000000012f76       0x16 src/ASF/common2/components/display/ssd1306/ssd1306.o
 .debug_macro   0x0000000000012f8c       0x2e src/ASF/common2/components/display/ssd1306/ssd1306.o
 .debug_macro   0x0000000000012fba       0xa0 src/ASF/common2/components/display/ssd1306/ssd1306.o
 .debug_macro   0x000000000001305a       0x10 src/ASF/common2/components/display/ssd1306/ssd1306.o
 .debug_macro   0x000000000001306a       0x16 src/ASF/common2/components/display/ssd1306/ssd1306.o
 .debug_macro   0x0000000000013080       0x16 src/ASF/common2/components/display/ssd1306/ssd1306.o
 .debug_macro   0x0000000000013096       0x35 src/ASF/common2/components/display/ssd1306/ssd1306.o
 .debug_macro   0x00000000000130cb       0x1c src/ASF/common2/components/display/ssd1306/ssd1306.o
 .debug_macro   0x00000000000130e7       0x16 src/ASF/common2/components/display/ssd1306/ssd1306.o
 .debug_macro   0x00000000000130fd      0x2c6 src/ASF/common2/components/display/ssd1306/ssd1306.o
 .debug_macro   0x00000000000133c3      0x69f src/ASF/common2/components/display/ssd1306/ssd1306.o
 .debug_macro   0x0000000000013a62       0x52 src/ASF/common2/components/display/ssd1306/ssd1306.o
 .debug_macro   0x0000000000013ab4       0xd3 src/ASF/common2/components/display/ssd1306/ssd1306.o
 .debug_macro   0x0000000000013b87      0x532 src/ASF/common2/services/delay/sam0/systick_counter.o
 .debug_macro   0x00000000000140b9       0x16 src/ASF/common2/services/delay/sam0/systick_counter.o
 .debug_macro   0x00000000000140cf      0x66d src/ASF/common2/services/gfx_mono/gfx_mono_framebuffer.o
 .debug_macro   0x000000000001473c       0x16 src/ASF/common2/services/gfx_mono/gfx_mono_framebuffer.o
 .debug_macro   0x0000000000014752       0x22 src/ASF/common2/services/gfx_mono/gfx_mono_framebuffer.o
 .debug_macro   0x0000000000014774       0x85 src/ASF/common2/services/gfx_mono/gfx_mono_framebuffer.o
 .debug_macro   0x00000000000147f9       0x7b src/ASF/common2/services/gfx_mono/gfx_mono_framebuffer.o
 .debug_macro   0x0000000000014874      0x66d src/ASF/common2/services/gfx_mono/gfx_mono_ug_2832hsweg04.o
 .debug_macro   0x0000000000014ee1       0x28 src/ASF/common2/services/gfx_mono/gfx_mono_ug_2832hsweg04.o
 .debug_macro   0x0000000000014f09      0x4f7 src/ASF/common/utils/interrupt/interrupt_sam_nvic.o
 .debug_macro   0x0000000000015400      0x533 src/ASF/sam0/boards/samr21_xplained_pro/board_init.o
 .debug_macro   0x0000000000015933      0x511 src/ASF/sam0/drivers/port/port.o
 .debug_macro   0x0000000000015e44      0x584 src/ASF/sam0/drivers/sercom/sercom.o
 .debug_macro   0x00000000000163c8      0x581 src/ASF/sam0/drivers/sercom/sercom_interrupt.o
 .debug_macro   0x0000000000016949      0x5d2 src/ASF/sam0/drivers/sercom/spi/spi.o
 .debug_macro   0x0000000000016f1b      0x5dc src/ASF/sam0/drivers/sercom/spi/spi_interrupt.o
 .debug_macro   0x00000000000174f7      0x568 src/ASF/sam0/drivers/system/clock/clock_samd21_r21_da_ha1/clock.o
 .debug_macro   0x0000000000017a5f      0x29c src/ASF/sam0/drivers/system/clock/clock_samd21_r21_da_ha1/clock.o
 .debug_macro   0x0000000000017cfb      0x52d src/ASF/sam0/drivers/system/clock/clock_samd21_r21_da_ha1/gclk.o
 .debug_macro   0x0000000000018228      0x509 src/ASF/sam0/drivers/system/pinmux/pinmux.o
 .debug_macro   0x0000000000018731      0x53a src/ASF/sam0/drivers/system/system.o
 .debug_macro   0x0000000000018c6b      0x2d1 src/ASF/sam0/utils/cmsis/samr21/source/gcc/startup_samr21.o
 .debug_macro   0x0000000000018f3c       0x3a src/ASF/sam0/utils/cmsis/samr21/source/gcc/startup_samr21.o
 .debug_macro   0x0000000000018f76      0x1e3 src/ASF/sam0/utils/syscalls/gcc/syscalls.o
 .debug_macro   0x0000000000019159       0x97 src/ASF/sam0/utils/syscalls/gcc/syscalls.o
 .debug_macro   0x00000000000191f0       0xf6 src/ASF/sam0/utils/syscalls/gcc/syscalls.o
 .debug_macro   0x00000000000192e6       0x4c src/ASF/sam0/utils/syscalls/gcc/syscalls.o
 .debug_macro   0x0000000000019332       0x16 src/ASF/sam0/utils/syscalls/gcc/syscalls.o
 .debug_macro   0x0000000000019348       0x10 src/ASF/sam0/utils/syscalls/gcc/syscalls.o
 .debug_macro   0x0000000000019358       0x10 src/ASF/sam0/utils/syscalls/gcc/syscalls.o
 .debug_macro   0x0000000000019368       0x35 src/ASF/sam0/utils/syscalls/gcc/syscalls.o
 .debug_macro   0x000000000001939d      0x122 src/ASF/sam0/utils/syscalls/gcc/syscalls.o
 .debug_macro   0x00000000000194bf      0x54c src/ASF/thirdparty/freertos/freertos-8.0.1/Source/list.o
 .debug_macro   0x0000000000019a0b      0x5bb src/ASF/thirdparty/freertos/freertos-8.0.1/Source/portable/GCC/ARM_CM0/port.o
 .debug_macro   0x0000000000019fc6      0x56d src/ASF/thirdparty/freertos/freertos-8.0.1/Source/portable/MemMang/heap_1.o
 .debug_macro   0x000000000001a533      0x5d2 src/ASF/thirdparty/freertos/freertos-8.0.1/Source/queue.o
 .debug_macro   0x000000000001ab05      0x615 src/ASF/thirdparty/freertos/freertos-8.0.1/Source/tasks.o
 .debug_macro   0x000000000001b11a      0x589 src/ASF/thirdparty/freertos/freertos-8.0.1/Source/timers.o
 .debug_macro   0x000000000001b6a3      0x7f2 src/demotasks.o
 .debug_macro   0x000000000001be95       0x10 src/demotasks.o
 .debug_macro   0x000000000001bea5      0x7c3 src/main.o

.debug_line     0x0000000000000000    0x156cf
 .debug_line    0x0000000000000000     0x1026 src/ASF/common2/components/display/ssd1306/ssd1306.o
 .debug_line    0x0000000000001026      0x959 src/ASF/common2/services/delay/sam0/systick_counter.o
 .debug_line    0x000000000000197f      0xe19 src/ASF/common2/services/gfx_mono/gfx_mono_framebuffer.o
 .debug_line    0x0000000000002798      0xf2d src/ASF/common2/services/gfx_mono/gfx_mono_ug_2832hsweg04.o
 .debug_line    0x00000000000036c5      0x82d src/ASF/common/utils/interrupt/interrupt_sam_nvic.o
 .debug_line    0x0000000000003ef2      0x8c1 src/ASF/sam0/boards/samr21_xplained_pro/board_init.o
 .debug_line    0x00000000000047b3      0x856 src/ASF/sam0/drivers/port/port.o
 .debug_line    0x0000000000005009      0xc58 src/ASF/sam0/drivers/sercom/sercom.o
 .debug_line    0x0000000000005c61      0xaca src/ASF/sam0/drivers/sercom/sercom_interrupt.o
 .debug_line    0x000000000000672b     0x1c90 src/ASF/sam0/drivers/sercom/spi/spi.o
 .debug_line    0x00000000000083bb     0x1008 src/ASF/sam0/drivers/sercom/spi/spi_interrupt.o
 .debug_line    0x00000000000093c3     0x111a src/ASF/sam0/drivers/system/clock/clock_samd21_r21_da_ha1/clock.o
 .debug_line    0x000000000000a4dd     0x1036 src/ASF/sam0/drivers/system/clock/clock_samd21_r21_da_ha1/gclk.o
 .debug_line    0x000000000000b513      0x967 src/ASF/sam0/drivers/system/pinmux/pinmux.o
 .debug_line    0x000000000000be7a      0x8eb src/ASF/sam0/drivers/system/system.o
 .debug_line    0x000000000000c765      0x5aa src/ASF/sam0/utils/cmsis/samr21/source/gcc/startup_samr21.o
 .debug_line    0x000000000000cd0f      0x391 src/ASF/sam0/utils/syscalls/gcc/syscalls.o
 .debug_line    0x000000000000d0a0      0xa32 src/ASF/thirdparty/freertos/freertos-8.0.1/Source/list.o
 .debug_line    0x000000000000dad2      0xae1 src/ASF/thirdparty/freertos/freertos-8.0.1/Source/portable/GCC/ARM_CM0/port.o
 .debug_line    0x000000000000e5b3      0x9ab src/ASF/thirdparty/freertos/freertos-8.0.1/Source/portable/MemMang/heap_1.o
 .debug_line    0x000000000000ef5e     0x1a5a src/ASF/thirdparty/freertos/freertos-8.0.1/Source/queue.o
 .debug_line    0x00000000000109b8     0x1e6f src/ASF/thirdparty/freertos/freertos-8.0.1/Source/tasks.o
 .debug_line    0x0000000000012827      0xdec src/ASF/thirdparty/freertos/freertos-8.0.1/Source/timers.o
 .debug_line    0x0000000000013613     0x1256 src/demotasks.o
 .debug_line    0x0000000000014869      0xe66 src/main.o

.debug_str      0x0000000000000000    0x8d6fe
 .debug_str     0x0000000000000000    0x7f95a src/ASF/common2/components/display/ssd1306/ssd1306.o
                                      0x7ff3c (size before relaxing)
 .debug_str     0x000000000007f95a       0x75 src/ASF/common2/services/delay/sam0/systick_counter.o
                                      0x7aa40 (size before relaxing)
 .debug_str     0x000000000007f9cf      0xbbe src/ASF/common2/services/gfx_mono/gfx_mono_framebuffer.o
                                      0x7fd4c (size before relaxing)
 .debug_str     0x000000000008058d      0x15d src/ASF/common2/services/gfx_mono/gfx_mono_ug_2832hsweg04.o
                                      0x7fe24 (size before relaxing)
 .debug_str     0x00000000000806ea       0x94 src/ASF/common/utils/interrupt/interrupt_sam_nvic.o
                                      0x7a830 (size before relaxing)
 .debug_str     0x000000000008077e       0x4a src/ASF/sam0/boards/samr21_xplained_pro/board_init.o
                                      0x7d515 (size before relaxing)
 .debug_str     0x00000000000807c8       0xaa src/ASF/sam0/drivers/port/port.o
                                      0x7ac4b (size before relaxing)
 .debug_str     0x0000000000080872      0x449 src/ASF/sam0/drivers/sercom/sercom.o
                                      0x7bed9 (size before relaxing)
 .debug_str     0x0000000000080cbb      0x17b src/ASF/sam0/drivers/sercom/sercom_interrupt.o
                                      0x7bd04 (size before relaxing)
 .debug_str     0x0000000000080e36      0x6fe src/ASF/sam0/drivers/sercom/spi/spi.o
                                      0x7d197 (size before relaxing)
 .debug_str     0x0000000000081534      0x26c src/ASF/sam0/drivers/sercom/spi/spi_interrupt.o